Component: ARM Compiler 6.16 Tool: armlink [5dfeaa00]

==============================================================================

Section Cross References

    startup_stm32h743xx.o(STACK) refers (Special) to heapauxi.o(.text) for __use_two_region_memory
    startup_stm32h743xx.o(HEAP) refers (Special) to heapauxi.o(.text) for __use_two_region_memory
    startup_stm32h743xx.o(RESET) refers (Special) to heapauxi.o(.text) for __use_two_region_memory
    startup_stm32h743xx.o(RESET) refers to startup_stm32h743xx.o(STACK) for __initial_sp
    startup_stm32h743xx.o(RESET) refers to startup_stm32h743xx.o(.text) for Reset_Handler
    startup_stm32h743xx.o(RESET) refers to stm32h7xx_it.o(.text.NMI_Handler) for NMI_Handler
    startup_stm32h743xx.o(RESET) refers to stm32h7xx_it.o(.text.HardFault_Handler) for HardFault_Handler
    startup_stm32h743xx.o(RESET) refers to stm32h7xx_it.o(.text.MemManage_Handler) for MemManage_Handler
    startup_stm32h743xx.o(RESET) refers to stm32h7xx_it.o(.text.BusFault_Handler) for BusFault_Handler
    startup_stm32h743xx.o(RESET) refers to stm32h7xx_it.o(.text.UsageFault_Handler) for UsageFault_Handler
    startup_stm32h743xx.o(RESET) refers to port.o(.text.SVC_Handler) for SVC_Handler
    startup_stm32h743xx.o(RESET) refers to stm32h7xx_it.o(.text.DebugMon_Handler) for DebugMon_Handler
    startup_stm32h743xx.o(RESET) refers to port.o(.text.PendSV_Handler) for PendSV_Handler
    startup_stm32h743xx.o(RESET) refers to cmsis_os2.o(.text.SysTick_Handler) for SysTick_Handler
    startup_stm32h743xx.o(RESET) refers to stm32h7xx_it.o(.text.FDCAN1_IT0_IRQHandler) for FDCAN1_IT0_IRQHandler
    startup_stm32h743xx.o(RESET) refers to stm32h7xx_it.o(.text.FDCAN2_IT0_IRQHandler) for FDCAN2_IT0_IRQHandler
    startup_stm32h743xx.o(RESET) refers to stm32h7xx_it.o(.text.FDCAN1_IT1_IRQHandler) for FDCAN1_IT1_IRQHandler
    startup_stm32h743xx.o(RESET) refers to stm32h7xx_it.o(.text.FDCAN2_IT1_IRQHandler) for FDCAN2_IT1_IRQHandler
    startup_stm32h743xx.o(RESET) refers to stm32h7xx_it.o(.text.TIM7_IRQHandler) for TIM7_IRQHandler
    startup_stm32h743xx.o(.text) refers (Special) to heapauxi.o(.text) for __use_two_region_memory
    startup_stm32h743xx.o(.text) refers to system_stm32h7xx.o(.text.ExitRun0Mode) for ExitRun0Mode
    startup_stm32h743xx.o(.text) refers to system_stm32h7xx.o(.text.SystemInit) for SystemInit
    startup_stm32h743xx.o(.text) refers to __main.o(!!!main) for __main
    startup_stm32h743xx.o(.text) refers to startup_stm32h743xx.o(HEAP) for Heap_Mem
    startup_stm32h743xx.o(.text) refers to startup_stm32h743xx.o(STACK) for Stack_Mem
    main.o(.text.main) refers to main.o(.text.MPU_Config) for MPU_Config
    main.o(.text.main) refers to stm32h7xx_hal.o(.text.HAL_Init) for HAL_Init
    main.o(.text.main) refers to main.o(.text.SystemClock_Config) for SystemClock_Config
    main.o(.text.main) refers to gpio.o(.text.MX_GPIO_Init) for MX_GPIO_Init
    main.o(.text.main) refers to fdcan.o(.text.MX_FDCAN1_Init) for MX_FDCAN1_Init
    main.o(.text.main) refers to fdcan.o(.text.MX_FDCAN2_Init) for MX_FDCAN2_Init
    main.o(.text.main) refers to spi.o(.text.MX_SPI1_Init) for MX_SPI1_Init
    main.o(.text.main) refers to test.o(.text.ChassisInit) for ChassisInit
    main.o(.text.main) refers to cmsis_os2.o(.text.osKernelInitialize) for osKernelInitialize
    main.o(.text.main) refers to freertos.o(.text.MX_FREERTOS_Init) for MX_FREERTOS_Init
    main.o(.text.main) refers to cmsis_os2.o(.text.osKernelStart) for osKernelStart
    main.o(.text.main) refers to test.o(.text.ChassisTask) for ChassisTask
    main.o(.text.main) refers to stm32h7xx_hal.o(.text.HAL_Delay) for HAL_Delay
    main.o(.ARM.exidx.text.main) refers to main.o(.text.main) for [Anonymous Symbol]
    main.o(.text.MPU_Config) refers to stm32h7xx_hal_cortex.o(.text.HAL_MPU_Disable) for HAL_MPU_Disable
    main.o(.text.MPU_Config) refers to stm32h7xx_hal_cortex.o(.text.HAL_MPU_ConfigRegion) for HAL_MPU_ConfigRegion
    main.o(.text.MPU_Config) refers to stm32h7xx_hal_cortex.o(.text.HAL_MPU_Enable) for HAL_MPU_Enable
    main.o(.ARM.exidx.text.MPU_Config) refers to main.o(.text.MPU_Config) for [Anonymous Symbol]
    main.o(.text.SystemClock_Config) refers to rt_memclr_w.o(.text) for __aeabi_memclr4
    main.o(.text.SystemClock_Config) refers to stm32h7xx_hal_pwr_ex.o(.text.HAL_PWREx_ConfigSupply) for HAL_PWREx_ConfigSupply
    main.o(.text.SystemClock_Config) refers to stm32h7xx_hal_rcc.o(.text.HAL_RCC_OscConfig) for HAL_RCC_OscConfig
    main.o(.text.SystemClock_Config) refers to stm32h7xx_hal_rcc.o(.text.HAL_RCC_ClockConfig) for HAL_RCC_ClockConfig
    main.o(.text.SystemClock_Config) refers to main.o(.text.Error_Handler) for Error_Handler
    main.o(.ARM.exidx.text.SystemClock_Config) refers to main.o(.text.SystemClock_Config) for [Anonymous Symbol]
    main.o(.ARM.exidx.text.Error_Handler) refers to main.o(.text.Error_Handler) for [Anonymous Symbol]
[...]
    OTG_HS_WKUP_IRQHandler                   0x0800035f   Thumb Code     0  startup_stm32h743xx.o(.text)
    PVD_AVD_IRQHandler                       0x0800035f   Thumb Code     0  startup_stm32h743xx.o(.text)
    QUADSPI_IRQHandler                       0x0800035f   Thumb Code     0  startup_stm32h743xx.o(.text)
    RCC_IRQHandler                           0x0800035f   Thumb Code     0  startup_stm32h743xx.o(.text)
    RNG_IRQHandler                           0x0800035f   Thumb Code     0  startup_stm32h743xx.o(.text)
    RTC_Alarm_IRQHandler                     0x0800035f   Thumb Code     0  startup_stm32h743xx.o(.text)
    RTC_WKUP_IRQHandler                      0x0800035f   Thumb Code     0  startup_stm32h743xx.o(.text)
    SAI1_IRQHandler                          0x0800035f   Thumb Code     0  startup_stm32h743xx.o(.text)
    SAI2_IRQHandler                          0x0800035f   Thumb Code     0  startup_stm32h743xx.o(.text)
    SAI3_IRQHandler                          0x0800035f   Thumb Code     0  startup_stm32h743xx.o(.text)
    SAI4_IRQHandler                          0x0800035f   Thumb Code     0  startup_stm32h743xx.o(.text)
    SDMMC1_IRQHandler                        0x0800035f   Thumb Code     0  startup_stm32h743xx.o(.text)
    SDMMC2_IRQHandler                        0x0800035f   Thumb Code     0  startup_stm32h743xx.o(.text)
    SPDIF_RX_IRQHandler                      0x0800035f   Thumb Code     0  startup_stm32h743xx.o(.text)
    SPI1_IRQHandler                          0x0800035f   Thumb Code     0  startup_stm32h743xx.o(.text)
    SPI2_IRQHandler                          0x0800035f   Thumb Code     0  startup_stm32h743xx.o(.text)
    SPI3_IRQHandler                          0x0800035f   Thumb Code     0  startup_stm32h743xx.o(.text)
    SPI4_IRQHandler                          0x0800035f   Thumb Code     0  startup_stm32h743xx.o(.text)
    SPI5_IRQHandler                          0x0800035f   Thumb Code     0  startup_stm32h743xx.o(.text)
    SPI6_IRQHandler                          0x0800035f   Thumb Code     0  startup_stm32h743xx.o(.text)
    SWPMI1_IRQHandler                        0x0800035f   Thumb Code     0  startup_stm32h743xx.o(.text)
    TAMP_STAMP_IRQHandler                    0x0800035f   Thumb Code     0  startup_stm32h743xx.o(.text)
    TIM15_IRQHandler                         0x0800035f   Thumb Code     0  startup_stm32h743xx.o(.text)
    TIM16_IRQHandler                         0x0800035f   Thumb Code     0  startup_stm32h743xx.o(.text)
    TIM17_IRQHandler                         0x0800035f   Thumb Code     0  startup_stm32h743xx.o(.text)
    TIM1_BRK_IRQHandler                      0x0800035f   Thumb Code     0  startup_stm32h743xx.o(.text)
    TIM1_CC_IRQHandler                       0x0800035f   Thumb Code     0  startup_stm32h743xx.o(.text)
    TIM1_TRG_COM_IRQHandler                  0x0800035f   Thumb Code     0  startup_stm32h743xx.o(.text)
    TIM1_UP_IRQHandler                       0x0800035f   Thumb Code     0  startup_stm32h743xx.o(.text)
    TIM2_IRQHandler                          0x0800035f   Thumb Code     0  startup_stm32h743xx.o(.text)
    TIM3_IRQHandler                          0x0800035f   Thumb Code     0  startup_stm32h743xx.o(.text)
    TIM4_IRQHandler                          0x0800035f   Thumb Code     0  startup_stm32h743xx.o(.text)
    TIM5_IRQHandler                          0x0800035f   Thumb Code     0  startup_stm32h743xx.o(.text)
    TIM6_DAC_IRQHandler                      0x0800035f   Thumb Code     0  startup_stm32h743xx.o(.text)
    TIM8_BRK_TIM12_IRQHandler                0x0800035f   Thumb Code     0  startup_stm32h743xx.o(.text)
    TIM8_CC_IRQHandler                       0x0800035f   Thumb Code     0  startup_stm32h743xx.o(.text)
    TIM8_TRG_COM_TIM14_IRQHandler            0x0800035f   Thumb Code     0  startup_stm32h743xx.o(.text)
    TIM8_UP_TIM13_IRQHandler                 0x0800035f   Thumb Code     0  startup_stm32h743xx.o(.text)
    UART4_IRQHandler                         0x0800035f   Thumb Code     0  startup_stm32h743xx.o(.text)
    UART5_IRQHandler                         0x0800035f   Thumb Code     0  startup_stm32h743xx.o(.text)
    UART7_IRQHandler                         0x0800035f   Thumb Code     0  startup_stm32h743xx.o(.text)
    UART8_IRQHandler                         0x0800035f   Thumb Code     0  startup_stm32h743xx.o(.text)
    USART1_IRQHandler                        0x0800035f   Thumb Code     0  startup_stm32h743xx.o(.text)
    USART2_IRQHandler                        0x0800035f   Thumb Code     0  startup_stm32h743xx.o(.text)
    USART3_IRQHandler                        0x0800035f   Thumb Code     0  startup_stm32h743xx.o(.text)
    USART6_IRQHandler                        0x0800035f   Thumb Code     0  startup_stm32h743xx.o(.text)
    WAKEUP_PIN_IRQHandler                    0x0800035f   Thumb Code     0  startup_stm32h743xx.o(.text)
    WWDG_IRQHandler                          0x0800035f   Thumb Code     0  startup_stm32h743xx.o(.text)
    __user_initial_stackheap                 0x08000361   Thumb Code     0  startup_stm32h743xx.o(.text)
    malloc                                   0x08000389   Thumb Code    94  h1_alloc.o(.text)
    free                                     0x080003e7   Thumb Code    78  h1_free.o(.text)
    __aeabi_uldivmod                         0x08000435   Thumb Code     0  lludivv7m.o(.text)
    _ll_udiv                                 0x08000435   Thumb Code   240  lludivv7m.o(.text)
    __aeabi_memcpy                           0x08000525   Thumb Code     0  rt_memcpy_v6.o(.text)
    __rt_memcpy                              0x08000525   Thumb Code   138  rt_memcpy_v6.o(.text)
    _memcpy_lastbytes                        0x0800058b   Thumb Code     0  rt_memcpy_v6.o(.text)
    __aeabi_memcpy4                          0x080005af   Thumb Code     0  rt_memcpy_w.o(.text)
    __aeabi_memcpy8                          0x080005af   Thumb Code     0  rt_memcpy_w.o(.text)
    __rt_memcpy_w                            0x080005af   Thumb Code   100  rt_memcpy_w.o(.text)
    _memcpy_lastbytes_aligned                0x080005f7   Thumb Code     0  rt_memcpy_w.o(.text)
    __aeabi_memset4                          0x08000613   Thumb Code    16  aeabi_memset4.o(.text)
    __aeabi_memset8                          0x08000613   Thumb Code     0  aeabi_memset4.o(.text)
    __aeabi_memclr4                          0x08000623   Thumb Code     0  rt_memclr_w.o(.text)
    __aeabi_memclr8                          0x08000623   Thumb Code     0  rt_memclr_w.o(.text)
    __rt_memclr_w                            0x08000623   Thumb Code     0  rt_memclr_w.o(.text)
    _memset_w                                0x08000627   Thumb Code    74  rt_memclr_w.o(.text)
    __use_two_region_memory                  0x08000671   Thumb Code     2  heapauxi.o(.text)
    __rt_heap_escrow                         0x08000673   Thumb Code     2  heapauxi.o(.text)
    __rt_heap_expand                         0x08000675   Thumb Code     2  heapauxi.o(.text)
    __rt_heap_descriptor                     0x08000679   Thumb Code     8  rt_heap_descriptor_intlibspace.o(.text)
    __use_no_heap                            0x08000681   Thumb Code     2  hguard.o(.text)
    __heap$guard                             0x08000683   Thumb Code     2  hguard.o(.text)
    _terminate_user_alloc                    0x08000685   Thumb Code     2  init_alloc.o(.text)
    _init_user_alloc                         0x08000687   Thumb Code     2  init_alloc.o(.text)
    __Heap_Full                              0x08000689   Thumb Code    34  init_alloc.o(.text)
    __Heap_Broken                            0x080006ab   Thumb Code     6  init_alloc.o(.text)
    _init_alloc                              0x080006b1   Thumb Code    94  init_alloc.o(.text)
    __Heap_Initialize                        0x0800070f   Thumb Code    10  h1_init.o(.text)
    __Heap_DescSize                          0x08000719   Thumb Code     4  h1_init.o(.text)
    __read_errno                             0x0800071d   Thumb Code    10  _rserrno.o(.text)
    __set_errno                              0x08000727   Thumb Code    12  _rserrno.o(.text)
    __user_libspace                          0x08000735   Thumb Code     8  libspace.o(.text)
    __user_perproc_libspace                  0x08000735   Thumb Code     0  libspace.o(.text)
    __user_perthread_libspace                0x08000735   Thumb Code     0  libspace.o(.text)
    __aeabi_errno_addr                       0x0800073d   Thumb Code     8  rt_errno_addr_intlibspace.o(.text)
    __errno$intlibspace                      0x0800073d   Thumb Code     0  rt_errno_addr_intlibspace.o(.text)
    __rt_errno_addr$intlibspace              0x0800073d   Thumb Code     0  rt_errno_addr_intlibspace.o(.text)
    __Heap_ProvideMemory                     0x08000745   Thumb Code    52  h1_extend.o(.text)
    _maybe_terminate_alloc                   0x08000745   Thumb Code     0  maybetermalloc1.o(.text)
    __rt_SIGRTMEM                            0x08000779   Thumb Code    14  defsig_rtmem_outer.o(.text)
    __I$use$semihosting                      0x08000787   Thumb Code     0  use_no_semi.o(.text)
    __use_no_semihosting_swi                 0x08000787   Thumb Code     2  use_no_semi.o(.text)
    __semihosting_library_function           0x08000789   Thumb Code     0  indicate_semi.o(.text)
    __user_setup_stackheap                   0x08000789   Thumb Code    74  sys_stackheap_outer.o(.text)
    exit                                     0x080007d3   Thumb Code    18  exit.o(.text)
    __sig_exit                               0x080007e5   Thumb Code    10  defsig_exit.o(.text)
    __rt_SIGRTMEM_inner                      0x080007f1   Thumb Code    22  defsig_rtmem_inner.o(.text)
    _sys_exit                                0x08000841   Thumb Code     8  sys_exit.o(.text)
    __default_signal_display                 0x0800084d   Thumb Code    50  defsig_general.o(.text)
    _ttywrch                                 0x0800087f   Thumb Code    14  sys_wrch.o(.text)
    BusFault_Handler                         0x08000891   Thumb Code     2  stm32h7xx_it.o(.text.BusFault_Handler)
    ChassisControl                           0x08000899   Thumb Code    12  freertos.o(.text.ChassisControl)
    ChassisInit                              0x080008a9   Thumb Code    60  test.o(.text.ChassisInit)
    ChassisTask                              0x08000909   Thumb Code    28  test.o(.text.ChassisTask)
    DJIMotorControl                          0x08000a39   Thumb Code   620  dji_motor.o(.text.DJIMotorControl)
    DJIMotorEnable                           0x08000cd1   Thumb Code     8  dji_motor.o(.text.DJIMotorEnable)
    DJIMotorInit                             0x08000cd9   Thumb Code   528  dji_motor.o(.text.DJIMotorInit)
    DJIMotorSetRef                           0x08000f01   Thumb Code     6  dji_motor.o(.text.DJIMotorSetRef)
    DWT_GetDeltaT                            0x08001109   Thumb Code    74  bsp_dwt.o(.text.DWT_GetDeltaT)
    DWT_GetTimeline_ms                       0x08001159   Thumb Code    76  bsp_dwt.o(.text.DWT_GetTimeline_ms)
    DWT_Init                                 0x080011a9   Thumb Code   134  bsp_dwt.o(.text.DWT_Init)
    DWT_SysTimeUpdate                        0x08001231   Thumb Code   158  bsp_dwt.o(.text.DWT_SysTimeUpdate)
    DaemonRegister                           0x080012d1   Thumb Code    72  daemon.o(.text.DaemonRegister)
    DaemonReload                             0x08001319   Thumb Code     6  daemon.o(.text.DaemonReload)
    DebugMon_Handler                         0x08001321   Thumb Code     2  stm32h7xx_it.o(.text.DebugMon_Handler)
    Error_Handler                            0x080015c1   Thumb Code    10  main.o(.text.Error_Handler)
    ExitRun0Mode                             0x080015d1   Thumb Code    26  system_stm32h7xx.o(.text.ExitRun0Mode)
    FDCAN1_IT0_IRQHandler                    0x080015f1   Thumb Code    16  stm32h7xx_it.o(.text.FDCAN1_IT0_IRQHandler)
    FDCAN1_IT1_IRQHandler                    0x08001601   Thumb Code    16  stm32h7xx_it.o(.text.FDCAN1_IT1_IRQHandler)
    FDCAN2_IT0_IRQHandler                    0x08001611   Thumb Code    16  stm32h7xx_it.o(.text.FDCAN2_IT0_IRQHandler)
    FDCAN2_IT1_IRQHandler                    0x08001621   Thumb Code    16  stm32h7xx_it.o(.text.FDCAN2_IT1_IRQHandler)
    FDCANRegister                            0x080019a9   Thumb Code   336  bsp_fdcan.o(.text.FDCANRegister)
    FDCANSetDataLength                       0x08001b59   Thumb Code   106  bsp_fdcan.o(.text.FDCANSetDataLength)
    HAL_Delay                                0x08001eb1   Thumb Code    40  stm32h7xx_hal.o(.text.HAL_Delay)
    HAL_FDCAN_ActivateNotification           0x08001ed9   Thumb Code   120  stm32h7xx_hal_fdcan.o(.text.HAL_FDCAN_ActivateNotification)
    HAL_FDCAN_AddMessageToTxFifoQ            0x08001f51   Thumb Code   102  stm32h7xx_hal_fdcan.o(.text.HAL_FDCAN_AddMessageToTxFifoQ)
    HAL_FDCAN_ClockCalibrationCallback       0x08001fb9   Thumb Code     2  stm32h7xx_hal_fdcan.o(.text.HAL_FDCAN_ClockCalibrationCallback)
    HAL_FDCAN_ConfigFilter                   0x08001fc1   Thumb Code   136  stm32h7xx_hal_fdcan.o(.text.HAL_FDCAN_ConfigFilter)
    HAL_FDCAN_ConfigGlobalFilter             0x08002049   Thumb Code    54  stm32h7xx_hal_fdcan.o(.text.HAL_FDCAN_ConfigGlobalFilter)
    HAL_FDCAN_ErrorCallback                  0x08002081   Thumb Code     2  stm32h7xx_hal_fdcan.o(.text.HAL_FDCAN_ErrorCallback)
    HAL_FDCAN_ErrorStatusCallback            0x08002089   Thumb Code     2  stm32h7xx_hal_fdcan.o(.text.HAL_FDCAN_ErrorStatusCallback)
    HAL_FDCAN_GetRxFifoFillLevel             0x08002091   Thumb Code    18  stm32h7xx_hal_fdcan.o(.text.HAL_FDCAN_GetRxFifoFillLevel)
    HAL_FDCAN_GetRxMessage                   0x080020a9   Thumb Code   404  stm32h7xx_hal_fdcan.o(.text.HAL_FDCAN_GetRxMessage)
    HAL_FDCAN_GetTxFifoFreeLevel             0x08002241   Thumb Code    12  stm32h7xx_hal_fdcan.o(.text.HAL_FDCAN_GetTxFifoFreeLevel)
    HAL_FDCAN_HighPriorityMessageCallback    0x08002251   Thumb Code     2  stm32h7xx_hal_fdcan.o(.text.HAL_FDCAN_HighPriorityMessageCallback)
    HAL_FDCAN_IRQHandler                     0x08002259   Thumb Code   754  stm32h7xx_hal_fdcan.o(.text.HAL_FDCAN_IRQHandler)
    HAL_FDCAN_Init                           0x08002551   Thumb Code   534  stm32h7xx_hal_fdcan.o(.text.HAL_FDCAN_Init)
    HAL_FDCAN_MspInit                        0x08002769   Thumb Code   334  fdcan.o(.text.HAL_FDCAN_MspInit)
    HAL_FDCAN_RxBufferNewMessageCallback     0x080028b9   Thumb Code     2  stm32h7xx_hal_fdcan.o(.text.HAL_FDCAN_RxBufferNewMessageCallback)
    HAL_FDCAN_RxFifo0Callback                0x080028c1   Thumb Code    20  bsp_fdcan.o(.text.HAL_FDCAN_RxFifo0Callback)
    HAL_FDCAN_RxFifo1Callback                0x080028d9   Thumb Code    20  bsp_fdcan.o(.text.HAL_FDCAN_RxFifo1Callback)
    HAL_FDCAN_Start                          0x080028f1   Thumb Code    50  stm32h7xx_hal_fdcan.o(.text.HAL_FDCAN_Start)
    HAL_FDCAN_Stop                           0x08002929   Thumb Code   128  stm32h7xx_hal_fdcan.o(.text.HAL_FDCAN_Stop)
    HAL_FDCAN_TT_GlobalTimeCallback          0x080029a9   Thumb Code     2  stm32h7xx_hal_fdcan.o(.text.HAL_FDCAN_TT_GlobalTimeCallback)
    HAL_FDCAN_TT_ScheduleSyncCallback        0x080029b1   Thumb Code     2  stm32h7xx_hal_fdcan.o(.text.HAL_FDCAN_TT_ScheduleSyncCallback)
    HAL_FDCAN_TT_StopWatchCallback           0x080029b9   Thumb Code     2  stm32h7xx_hal_fdcan.o(.text.HAL_FDCAN_TT_StopWatchCallback)
    HAL_FDCAN_TT_TimeMarkCallback            0x080029c1   Thumb Code     2  stm32h7xx_hal_fdcan.o(.text.HAL_FDCAN_TT_TimeMarkCallback)
    HAL_FDCAN_TimeoutOccurredCallback        0x080029c9   Thumb Code     2  stm32h7xx_hal_fdcan.o(.text.HAL_FDCAN_TimeoutOccurredCallback)
    HAL_FDCAN_TimestampWraparoundCallback    0x080029d1   Thumb Code     2  stm32h7xx_hal_fdcan.o(.text.HAL_FDCAN_TimestampWraparoundCallback)
    HAL_FDCAN_TxBufferAbortCallback          0x080029d9   Thumb Code     2  stm32h7xx_hal_fdcan.o(.text.HAL_FDCAN_TxBufferAbortCallback)
    HAL_FDCAN_TxBufferCompleteCallback       0x080029e1   Thumb Code     2  stm32h7xx_hal_fdcan.o(.text.HAL_FDCAN_TxBufferCompleteCallback)
    HAL_FDCAN_TxEventFifoCallback            0x080029e9   Thumb Code     2  stm32h7xx_hal_fdcan.o(.text.HAL_FDCAN_TxEventFifoCallback)
    HAL_FDCAN_TxFifoEmptyCallback            0x080029f1   Thumb Code     2  stm32h7xx_hal_fdcan.o(.text.HAL_FDCAN_TxFifoEmptyCallback)
    HAL_GPIO_Init                            0x080029f9   Thumb Code   416  stm32h7xx_hal_gpio.o(.text.HAL_GPIO_Init)
    HAL_GPIO_WritePin                        0x08002b99   Thumb Code    10  stm32h7xx_hal_gpio.o(.text.HAL_GPIO_WritePin)
    HAL_GetREVID                             0x08002ba9   Thumb Code    14  stm32h7xx_hal.o(.text.HAL_GetREVID)
    HAL_GetTick                              0x08002bb9   Thumb Code    12  stm32h7xx_hal.o(.text.HAL_GetTick)
    HAL_IncTick                              0x08002bc9   Thumb Code    26  stm32h7xx_hal.o(.text.HAL_IncTick)
    HAL_Init                                 0x08002be9   Thumb Code   100  stm32h7xx_hal.o(.text.HAL_Init)
    HAL_InitTick                             0x08002c51   Thumb Code   164  stm32h7xx_hal_timebase_tim.o(.text.HAL_InitTick)
    HAL_MPU_ConfigRegion                     0x08002cf9   Thumb Code    94  stm32h7xx_hal_cortex.o(.text.HAL_MPU_ConfigRegion)
    HAL_MPU_Disable                          0x08002d59   Thumb Code    26  stm32h7xx_hal_cortex.o(.text.HAL_MPU_Disable)
    HAL_MPU_Enable                           0x08002d79   Thumb Code    32  stm32h7xx_hal_cortex.o(.text.HAL_MPU_Enable)
    HAL_MspInit                              0x08002d99   Thumb Code    46  stm32h7xx_hal_msp.o(.text.HAL_MspInit)
    HAL_NVIC_EnableIRQ                       0x08002dc9   Thumb Code     8  stm32h7xx_hal_cortex.o(.text.HAL_NVIC_EnableIRQ)
    HAL_NVIC_SetPriority                     0x08002dd1   Thumb Code    30  stm32h7xx_hal_cortex.o(.text.HAL_NVIC_SetPriority)
    HAL_NVIC_SetPriorityGrouping             0x08002df1   Thumb Code     8  stm32h7xx_hal_cortex.o(.text.HAL_NVIC_SetPriorityGrouping)
    HAL_PWREx_ConfigSupply                   0x08002df9   Thumb Code    72  stm32h7xx_hal_pwr_ex.o(.text.HAL_PWREx_ConfigSupply)
    HAL_RCCEx_PeriphCLKConfig                0x08002e41   Thumb Code  2576  stm32h7xx_hal_rcc_ex.o(.text.HAL_RCCEx_PeriphCLKConfig)
    HAL_RCC_ClockConfig                      0x08003851   Thumb Code   596  stm32h7xx_hal_rcc.o(.text.HAL_RCC_ClockConfig)
    HAL_RCC_GetClockConfig                   0x08003aa9   Thumb Code    88  stm32h7xx_hal_rcc.o(.text.HAL_RCC_GetClockConfig)
    HAL_RCC_GetHCLKFreq                      0x08003b01   Thumb Code    76  stm32h7xx_hal_rcc.o(.text.HAL_RCC_GetHCLKFreq)
    HAL_RCC_GetPCLK1Freq                     0x08003b51   Thumb Code    38  stm32h7xx_hal_rcc.o(.text.HAL_RCC_GetPCLK1Freq)
    HAL_RCC_GetSysClockFreq                  0x08003b79   Thumb Code   264  stm32h7xx_hal_rcc.o(.text.HAL_RCC_GetSysClockFreq)
    HAL_RCC_OscConfig                        0x08003c81   Thumb Code  1670  stm32h7xx_hal_rcc.o(.text.HAL_RCC_OscConfig)
    HAL_SPI_Init                             0x08004309   Thumb Code   392  stm32h7xx_hal_spi.o(.text.HAL_SPI_Init)
    HAL_SPI_MspInit                          0x08004491   Thumb Code   144  spi.o(.text.HAL_SPI_MspInit)
    HAL_SYSCFG_AnalogSwitchConfig            0x08004521   Thumb Code    20  stm32h7xx_hal.o(.text.HAL_SYSCFG_AnalogSwitchConfig)
    HAL_TIMEx_Break2Callback                 0x08004539   Thumb Code     2  stm32h7xx_hal_tim_ex.o(.text.HAL_TIMEx_Break2Callback)
    HAL_TIMEx_BreakCallback                  0x08004541   Thumb Code     2  stm32h7xx_hal_tim_ex.o(.text.HAL_TIMEx_BreakCallback)
    HAL_TIMEx_CommutCallback                 0x08004549   Thumb Code     2  stm32h7xx_hal_tim_ex.o(.text.HAL_TIMEx_CommutCallback)
    HAL_TIM_Base_Init                        0x08004551   Thumb Code    96  stm32h7xx_hal_tim.o(.text.HAL_TIM_Base_Init)
    HAL_TIM_Base_MspInit                     0x080045b1   Thumb Code     2  stm32h7xx_hal_tim.o(.text.HAL_TIM_Base_MspInit)
    HAL_TIM_Base_Start_IT                    0x080045b9   Thumb Code   178  stm32h7xx_hal_tim.o(.text.HAL_TIM_Base_Start_IT)
    HAL_TIM_IC_CaptureCallback               0x08004671   Thumb Code     2  stm32h7xx_hal_tim.o(.text.HAL_TIM_IC_CaptureCallback)
    HAL_TIM_IRQHandler                       0x08004679   Thumb Code   346  stm32h7xx_hal_tim.o(.text.HAL_TIM_IRQHandler)
    HAL_TIM_OC_DelayElapsedCallback          0x080047d9   Thumb Code     2  stm32h7xx_hal_tim.o(.text.HAL_TIM_OC_DelayElapsedCallback)
    HAL_TIM_PWM_PulseFinishedCallback        0x080047e1   Thumb Code     2  stm32h7xx_hal_tim.o(.text.HAL_TIM_PWM_PulseFinishedCallback)
    HAL_TIM_PeriodElapsedCallback            0x080047e9   Thumb Code    24  main.o(.text.HAL_TIM_PeriodElapsedCallback)
    HAL_TIM_TriggerCallback                  0x08004801   Thumb Code     2  stm32h7xx_hal_tim.o(.text.HAL_TIM_TriggerCallback)
    HardFault_Handler                        0x08004809   Thumb Code     2  stm32h7xx_it.o(.text.HardFault_Handler)
    MX_FDCAN1_Init                           0x080048a1   Thumb Code   116  fdcan.o(.text.MX_FDCAN1_Init)
    MX_FDCAN2_Init                           0x08004919   Thumb Code   120  fdcan.o(.text.MX_FDCAN2_Init)
    MX_FREERTOS_Init                         0x08004991   Thumb Code    36  freertos.o(.text.MX_FREERTOS_Init)
    MX_GPIO_Init                             0x080049b9   Thumb Code   206  gpio.o(.text.MX_GPIO_Init)
    MX_SPI1_Init                             0x08004a89   Thumb Code    88  spi.o(.text.MX_SPI1_Init)
    MemManage_Handler                        0x08004ae1   Thumb Code     2  stm32h7xx_it.o(.text.MemManage_Handler)
    NMI_Handler                              0x08004c59   Thumb Code     2  stm32h7xx_it.o(.text.NMI_Handler)
    PIDCalculate                             0x08004c91   Thumb Code   286  controller.o(.text.PIDCalculate)
    PIDInit                                  0x08004db1   Thumb Code    54  controller.o(.text.PIDInit)
    PendSV_Handler                           0x08004df1   Thumb Code   100  port.o(.text.PendSV_Handler)
    SVC_Handler                              0x08005101   Thumb Code    36  port.o(.text.SVC_Handler)
    SysTick_Handler                          0x08005131   Thumb Code    28  cmsis_os2.o(.text.SysTick_Handler)
    SystemClock_Config                       0x08005151   Thumb Code   186  main.o(.text.SystemClock_Config)
    SystemInit                               0x08005211   Thumb Code   238  system_stm32h7xx.o(.text.SystemInit)
    TIM7_IRQHandler                          0x08005301   Thumb Code    16  stm32h7xx_it.o(.text.TIM7_IRQHandler)
    TIM_Base_SetConfig                       0x08005311   Thumb Code   320  stm32h7xx_hal_tim.o(.text.TIM_Base_SetConfig)
    UsageFault_Handler                       0x08005451   Thumb Code     2  stm32h7xx_it.o(.text.UsageFault_Handler)
    main                                     0x08005739   Thumb Code    56  main.o(.text.main)
    osDelay                                  0x08005771   Thumb Code    30  cmsis_os2.o(.text.osDelay)
    osKernelInitialize                       0x08005791   Thumb Code    42  cmsis_os2.o(.text.osKernelInitialize)
    osKernelStart                            0x080057c1   Thumb Code    52  cmsis_os2.o(.text.osKernelStart)
    osThreadNew                              0x080057f9   Thumb Code   182  cmsis_os2.o(.text.osThreadNew)
    pvPortMalloc                             0x08006269   Thumb Code   342  heap_4.o(.text.pvPortMalloc)
    pxPortInitialiseStack                    0x080063c1   Thumb Code    44  port.o(.text.pxPortInitialiseStack)
    uxListRemove                             0x080063f1   Thumb Code    42  list.o(.text.uxListRemove)
    vApplicationGetIdleTaskMemory            0x08006421   Thumb Code    26  cmsis_os2.o(.text.vApplicationGetIdleTaskMemory)
    vApplicationGetTimerTaskMemory           0x08006441   Thumb Code    28  cmsis_os2.o(.text.vApplicationGetTimerTaskMemory)
    vListInitialise                          0x08006461   Thumb Code    22  list.o(.text.vListInitialise)
    vListInitialiseItem                      0x08006479   Thumb Code     6  list.o(.text.vListInitialiseItem)
    vListInsert                              0x08006481   Thumb Code    58  list.o(.text.vListInsert)
    vListInsertEnd                           0x080064c1   Thumb Code    28  list.o(.text.vListInsertEnd)
    vPortEnterCritical                       0x080064f9   Thumb Code    82  port.o(.text.vPortEnterCritical)
    vPortExitCritical                        0x08006551   Thumb Code    50  port.o(.text.vPortExitCritical)
    vPortFree                                0x08006589   Thumb Code   146  heap_4.o(.text.vPortFree)
    vPortSetupTimerInterrupt                 0x08006621   Thumb Code    52  port.o(.text.vPortSetupTimerInterrupt)
    vPortValidateInterruptPriority           0x08006659   Thumb Code   106  port.o(.text.vPortValidateInterruptPriority)
    vQueueAddToRegistry                      0x080066c9   Thumb Code    38  queue.o(.text.vQueueAddToRegistry)
    vQueueWaitForMessageRestricted           0x080066f1   Thumb Code    68  queue.o(.text.vQueueWaitForMessageRestricted)
    vTaskDelay                               0x08006739   Thumb Code    88  tasks.o(.text.vTaskDelay)
    vTaskInternalSetTimeOutState             0x08006791   Thumb Code    26  tasks.o(.text.vTaskInternalSetTimeOutState)
    vTaskMissedYield                         0x080067b1   Thumb Code    14  tasks.o(.text.vTaskMissedYield)
    vTaskPlaceOnEventList                    0x080067c1   Thumb Code    54  tasks.o(.text.vTaskPlaceOnEventList)
    vTaskPlaceOnEventListRestricted          0x080067f9   Thumb Code    66  tasks.o(.text.vTaskPlaceOnEventListRestricted)
    vTaskStartScheduler                      0x08006841   Thumb Code   164  tasks.o(.text.vTaskStartScheduler)
    vTaskSuspendAll                          0x080068f1   Thumb Code    16  tasks.o(.text.vTaskSuspendAll)
    vTaskSwitchContext                       0x08006901   Thumb Code   158  tasks.o(.text.vTaskSwitchContext)
    xPortStartScheduler                      0x080069a1   Thumb Code   210  port.o(.text.xPortStartScheduler)
    xPortSysTickHandler                      0x08006a79   Thumb Code    50  port.o(.text.xPortSysTickHandler)
    xQueueGenericCreateStatic                0x08006ab1   Thumb Code   170  queue.o(.text.xQueueGenericCreateStatic)
    xQueueGenericReset                       0x08006b61   Thumb Code   134  queue.o(.text.xQueueGenericReset)
    xQueueGenericSend                        0x08006be9   Thumb Code   438  queue.o(.text.xQueueGenericSend)
    xQueueGenericSendFromISR                 0x08006da1   Thumb Code   220  queue.o(.text.xQueueGenericSendFromISR)
    xQueueReceive                            0x08006e81   Thumb Code   400  queue.o(.text.xQueueReceive)
    xTaskCheckForTimeOut                     0x08007011   Thumb Code   144  tasks.o(.text.xTaskCheckForTimeOut)
    xTaskCreate                              0x080070a1   Thumb Code   102  tasks.o(.text.xTaskCreate)
    xTaskCreateStatic                        0x08007109   Thumb Code   134  tasks.o(.text.xTaskCreateStatic)
    xTaskGetSchedulerState                   0x08007191   Thumb Code    36  tasks.o(.text.xTaskGetSchedulerState)
    xTaskGetTickCount                        0x080071b9   Thumb Code    12  tasks.o(.text.xTaskGetTickCount)
    xTaskIncrementTick                       0x080071c9   Thumb Code   342  tasks.o(.text.xTaskIncrementTick)
    xTaskPriorityDisinherit                  0x08007321   Thumb Code   154  tasks.o(.text.xTaskPriorityDisinherit)
    xTaskRemoveFromEventList                 0x080073c1   Thumb Code   146  tasks.o(.text.xTaskRemoveFromEventList)
    xTaskResumeAll                           0x08007459   Thumb Code   280  tasks.o(.text.xTaskResumeAll)
    xTimerCreateTimerTask                    0x08007571   Thumb Code   112  timers.o(.text.xTimerCreateTimerTask)
    xTimerGenericCommand                     0x080075e9   Thumb Code   106  timers.o(.text.xTimerGenericCommand)
    __hardfp_fmodf                           0x08007653   Thumb Code   176  fmodf.o(i.__hardfp_fmodf)
    __mathlib_flt_invalid                    0x08007705   Thumb Code    10  funder.o(i.__mathlib_flt_invalid)
    __fpl_fnaninf                            0x08007715   Thumb Code   140  fnaninf.o(x$fpl$fnaninf)
    _fp_init                                 0x080077a1   Thumb Code    26  fpinit.o(x$fpl$fpinit)
    __fplib_config_fpu_vfp                   0x080077b9   Thumb Code     0  fpinit.o(x$fpl$fpinit)
    __fplib_config_pureend_doubles           0x080077b9   Thumb Code     0  fpinit.o(x$fpl$fpinit)
    _frem                                    0x080077bd   Thumb Code   240  frem_clz.o(x$fpl$frem)
    __I$use$fp                               0x080078b0   Number         0  usenofp.o(x$fpl$usenofp)
    Chassis_Task_attributes                  0x080079b8   Data          36  freertos.o(.rodata.Chassis_Task_attributes)
    D1CorePrescTable                         0x080079dc   Data          16  system_stm32h7xx.o(.rodata.D1CorePrescTable)
    Region$$Table$$Base                      0x08007a3c   Number         0  anon$$obj.o(Region$$Table)
    Region$$Table$$Limit                     0x08007a5c   Number         0  anon$$obj.o(Region$$Table)
    SystemCoreClock                          0x24000000   Data           4  system_stm32h7xx.o(.data.SystemCoreClock)
    SystemD2Clock                            0x24000004   Data           4  system_stm32h7xx.o(.data.SystemD2Clock)
    uwTickFreq                               0x24000018   Data           1  stm32h7xx_hal.o(.data.uwTickFreq)
    uwTickPrio                               0x2400001c   Data           4  stm32h7xx_hal.o(.data.uwTickPrio)
    __libspace_start                         0x24000028   Data          96  libspace.o(.bss)
    __temporary_stack_top$libspace           0x24000088   Data           0  libspace.o(.bss)
    Chassis_TaskHandle                       0x2400009c   Data           4  freertos.o(.bss.Chassis_TaskHandle)
    g_dji_motor_debug                        0x240041a8   Data         112  dji_motor.o(.bss.g_dji_motor_debug)
    g_fdcan1_debug                           0x24004218   Data          92  bsp_fdcan.o(.bss.g_fdcan1_debug)
    g_fdcan2_debug                           0x24004274   Data          92  bsp_fdcan.o(.bss.g_fdcan2_debug)
    hfdcan1                                  0x240042d0   Data         160  fdcan.o(.bss.hfdcan1)
    hfdcan2                                  0x24004370   Data         160  fdcan.o(.bss.hfdcan2)
    hspi1                                    0x24004410   Data         136  spi.o(.bss.hspi1)
    htim7                                    0x24004498   Data          76  stm32h7xx_hal_timebase_tim.o(.bss.htim7)
    pxCurrentTCB                             0x240045e0   Data           4  tasks.o(.bss.pxCurrentTCB)
    uwTick                                   0x2400ca7c   Data           4  stm32h7xx_hal.o(.bss.uwTick)
    xQueueRegistry                           0x2400d1d4   Data          64  queue.o(.bss.xQueueRegistry)



==============================================================================

Memory Map of the image

  Image Entry point : 0x08000299

  Load Region LR_IROM1 (Base: 0x08000000, Size: 0x00007a88, Max: 0x00200000, ABSOLUTE)

    Execution Region ER_IROM1 (Exec base: 0x08000000, Load base: 0x08000000, Size: 0x00007a5c, Max: 0x00200000, ABSOLUTE)

    Exec Addr    Load Addr    Size         Type   Attr      Idx    E Section Name        Object

    0x08000000   0x08000000   0x00000298   Data   RO            3    RESET               startup_stm32h743xx.o
    0x08000298   0x08000298   0x00000008   Code   RO         2719  * !!!main             c_w.l(__main.o)
    0x080002a0   0x080002a0   0x00000034   Code   RO         2966    !!!scatter          c_w.l(__scatter.o)
    0x080002d4   0x080002d4   0x0000001a   Code   RO         2968    !!handler_copy      c_w.l(__scatter_copy.o)
    0x080002ee   0x080002ee   0x00000002   PAD
    0x080002f0   0x080002f0   0x0000001c   Code   RO         2970    !!handler_zi        c_w.l(__scatter_zi.o)
    0x0800030c   0x0800030c   0x00000002   Code   RO         2901    .ARM.Collect$$libinit$$00000000  c_w.l(libinit.o)
    0x0800030e   0x0800030e   0x00000004   Code   RO         2761    .ARM.Collect$$libinit$$00000001  c_w.l(libinit2.o)
    0x08000312   0x08000312   0x00000000   Code   RO         2764    .ARM.Collect$$libinit$$00000004  c_w.l(libinit2.o)
    0x08000312   0x08000312   0x00000008   Code   RO         2765    .ARM.Collect$$libinit$$00000005  c_w.l(libinit2.o)
    0x0800031a   0x0800031a   0x00000000   Code   RO         2767    .ARM.Collect$$libinit$$0000000A  c_w.l(libinit2.o)
    0x0800031a   0x0800031a   0x00000000   Code   RO         2769    .ARM.Collect$$libinit$$0000000C  c_w.l(libinit2.o)
    0x0800031a   0x0800031a   0x00000000   Code   RO         2771    .ARM.Collect$$libinit$$0000000E  c_w.l(libinit2.o)
    0x0800031a   0x0800031a   0x00000000   Code   RO         2774    .ARM.Collect$$libinit$$00000011  c_w.l(libinit2.o)
    0x0800031a   0x0800031a   0x00000000   Code   RO         2776    .ARM.Collect$$libinit$$00000013  c_w.l(libinit2.o)
    0x0800031a   0x0800031a   0x00000000   Code   RO         2778    .ARM.Collect$$libinit$$00000015  c_w.l(libinit2.o)
    0x0800031a   0x0800031a   0x00000000   Code   RO         2780    .ARM.Collect$$libinit$$00000017  c_w.l(libinit2.o)
    0x0800031a   0x0800031a   0x00000000   Code   RO         2782    .ARM.Collect$$libinit$$00000019  c_w.l(libinit2.o)
    0x0800031a   0x0800031a   0x00000000   Code   RO         2784    .ARM.Collect$$libinit$$0000001B  c_w.l(libinit2.o)
    0x0800031a   0x0800031a   0x00000000   Code   RO         2786    .ARM.Collect$$libinit$$0000001D  c_w.l(libinit2.o)
    0x0800031a   0x0800031a   0x00000000   Code   RO         2788    .ARM.Collect$$libinit$$0000001F  c_w.l(libinit2.o)
    0x0800031a   0x0800031a   0x00000000   Code   RO         2790    .ARM.Collect$$libinit$$00000021  c_w.l(libinit2.o)
    0x0800031a   0x0800031a   0x00000000   Code   RO         2792    .ARM.Collect$$libinit$$00000023  c_w.l(libinit2.o)
    0x0800031a   0x0800031a   0x00000000   Code   RO         2794    .ARM.Collect$$libinit$$00000025  c_w.l(libinit2.o)
    0x0800031a   0x0800031a   0x00000000   Code   RO         2798    .ARM.Collect$$libinit$$0000002C  c_w.l(libinit2.o)
    0x0800031a   0x0800031a   0x00000000   Code   RO         2800    .ARM.Collect$$libinit$$0000002E  c_w.l(libinit2.o)
    0x0800031a   0x0800031a   0x00000000   Code   RO         2802    .ARM.Collect$$libinit$$00000030  c_w.l(libinit2.o)
    0x0800031a   0x0800031a   0x00000000   Code   RO         2804    .ARM.Collect$$libinit$$00000032  c_w.l(libinit2.o)
    0x0800031a   0x0800031a   0x00000002   Code   RO         2805    .ARM.Collect$$libinit$$00000033  c_w.l(libinit2.o)
    0x0800031c   0x0800031c   0x00000002   Code   RO         2963    .ARM.Collect$$libshutdown$$00000000  c_w.l(libshutdown.o)
    0x0800031e   0x0800031e   0x00000000   Code   RO         2919    .ARM.Collect$$libshutdown$$00000002  c_w.l(libshutdown2.o)
    0x0800031e   0x0800031e   0x00000000   Code   RO         2921    .ARM.Collect$$libshutdown$$00000004  c_w.l(libshutdown2.o)
    0x0800031e   0x0800031e   0x00000000   Code   RO         2924    .ARM.Collect$$libshutdown$$00000007  c_w.l(libshutdown2.o)
    0x0800031e   0x0800031e   0x00000000   Code   RO         2927    .ARM.Collect$$libshutdown$$0000000A  c_w.l(libshutdown2.o)
    0x0800031e   0x0800031e   0x00000000   Code   RO         2929    .ARM.Collect$$libshutdown$$0000000C  c_w.l(libshutdown2.o)
    0x0800031e   0x0800031e   0x00000000   Code   RO         2932    .ARM.Collect$$libshutdown$$0000000F  c_w.l(libshutdown2.o)
    0x0800031e   0x0800031e   0x00000002   Code   RO         2933    .ARM.Collect$$libshutdown$$00000010  c_w.l(libshutdown2.o)
    0x08000320   0x08000320   0x00000000   Code   RO         2729    .ARM.Collect$$rtentry$$00000000  c_w.l(__rtentry.o)
    0x08000320   0x08000320   0x00000000   Code   RO         2831    .ARM.Collect$$rtentry$$00000002  c_w.l(__rtentry2.o)
    0x08000320   0x08000320   0x00000006   Code   RO         2843    .ARM.Collect$$rtentry$$00000004  c_w.l(__rtentry4.o)
    0x08000326   0x08000326   0x00000000   Code   RO         2833    .ARM.Collect$$rtentry$$00000009  c_w.l(__rtentry2.o)
    0x08000326   0x08000326   0x00000004   Code   RO         2834    .ARM.Collect$$rtentry$$0000000A  c_w.l(__rtentry2.o)
    0x0800032a   0x0800032a   0x00000000   Code   RO         2836    .ARM.Collect$$rtentry$$0000000C  c_w.l(__rtentry2.o)
    0x0800032a   0x0800032a   0x00000008   Code   RO         2837    .ARM.Collect$$rtentry$$0000000D  c_w.l(__rtentry2.o)
    0x08000332   0x08000332   0x00000002   Code   RO         2906    .ARM.Collect$$rtexit$$00000000  c_w.l(rtexit.o)
    0x08000334   0x08000334   0x00000000   Code   RO         2939    .ARM.Collect$$rtexit$$00000002  c_w.l(rtexit2.o)
    0x08000334   0x08000334   0x00000004   Code   RO         2940    .ARM.Collect$$rtexit$$00000003  c_w.l(rtexit2.o)
    0x08000338   0x08000338   0x00000006   Code   RO         2941    .ARM.Collect$$rtexit$$00000004  c_w.l(rtexit2.o)
    0x0800033e   0x0800033e   0x00000002   PAD
    0x08000340   0x08000340   0x00000048   Code   RO            4    .text               startup_stm32h743xx.o
    0x08000388   0x08000388   0x0000005e   Code   RO         2645    .text               c_w.l(h1_alloc.o)
    0x080003e6   0x080003e6   0x0000004e   Code   RO         2647    .text               c_w.l(h1_free.o)
    0x08000434   0x08000434   0x000000f0   Code   RO         2703    .text               c_w.l(lludivv7m.o)
    0x08000524   0x08000524   0x0000008a   Code   RO         2705    .text               c_w.l(rt_memcpy_v6.o)
    0x080005ae   0x080005ae   0x00000064   Code   RO         2707    .text               c_w.l(rt_memcpy_w.o)
    0x08000612   0x08000612   0x00000010   Code   RO         2711    .text               c_w.l(aeabi_memset4.o)
    0x08000622   0x08000622   0x0000004e   Code   RO         2715    .text               c_w.l(rt_memclr_w.o)
    0x08000670   0x08000670   0x00000006   Code   RO         2717    .text               c_w.l(heapauxi.o)
    0x08000676   0x08000676   0x00000002   PAD
    0x08000678   0x08000678   0x00000008   Code   RO         2737    .text               c_w.l(rt_heap_descriptor_intlibspace.o)
    0x08000680   0x08000680   0x00000004   Code   RO         2739    .text               c_w.l(hguard.o)
    0x08000684   0x08000684   0x0000008a   Code   RO         2741    .text               c_w.l(init_alloc.o)
    0x0800070e   0x0800070e   0x0000000e   Code   RO         2745    .text               c_w.l(h1_init.o)
    0x0800071c   0x0800071c   0x00000016   Code   RO         2757    .text               c_w.l(_rserrno.o)
    0x08000732   0x08000732   0x00000002   PAD
    0x08000734   0x08000734   0x00000008   Code   RO         2827    .text               c_w.l(libspace.o)
    0x0800073c   0x0800073c   0x00000008   Code   RO         2850    .text               c_w.l(rt_errno_addr_intlibspace.o)
    0x08000744   0x08000744   0x00000000   Code   RO         2854    .text               c_w.l(maybetermalloc1.o)
    0x08000744   0x08000744   0x00000034   Code   RO         2856    .text               c_w.l(h1_extend.o)
    0x08000778   0x08000778   0x0000000e   Code   RO         2860    .text               c_w.l(defsig_rtmem_outer.o)
    0x08000786   0x08000786   0x00000002   Code   RO         2873    .text               c_w.l(use_no_semi.o)
    0x08000788   0x08000788   0x00000000   Code   RO         2875    .text               c_w.l(indicate_semi.o)
    0x08000788   0x08000788   0x0000004a   Code   RO         2876    .text               c_w.l(sys_stackheap_outer.o)
    0x080007d2   0x080007d2   0x00000012   Code   RO         2882    .text               c_w.l(exit.o)
    0x080007e4   0x080007e4   0x0000000a   Code   RO         2884    .text               c_w.l(defsig_exit.o)
    0x080007ee   0x080007ee   0x00000002   PAD
    0x080007f0   0x080007f0   0x00000050   Code   RO         2890    .text               c_w.l(defsig_rtmem_inner.o)
    0x08000840   0x08000840   0x0000000c   Code   RO         2902    .text               c_w.l(sys_exit.o)
    0x0800084c   0x0800084c   0x00000032   Code   RO         2914    .text               c_w.l(defsig_general.o)
    0x0800087e   0x0800087e   0x0000000e   Code   RO         2934    .text               c_w.l(sys_wrch.o)
    0x0800088c   0x0800088c   0x00000004   PAD
    0x08000890   0x08000890   0x00000002   Code   RO           93    .text.BusFault_Handler  stm32h7xx_it.o
    0x08000892   0x08000892   0x00000006   PAD
    0x08000898   0x08000898   0x0000000c   Code   RO           41    .text.ChassisControl  freertos.o
    0x080008a4   0x080008a4   0x00000004   PAD
    0x080008a8   0x080008a8   0x0000003c   Code   RO         1942    .text.ChassisInit   test.o
    0x080008e4   0x080008e4   0x00000004   PAD
    0x080008e8   0x080008e8   0x00000020   Code   RO         1946    .text.ChassisSetMotorRef  test.o
    0x08000908   0x08000908   0x0000001c   Code   RO         1944    .text.ChassisTask   test.o
    0x08000924   0x08000924   0x00000004   PAD
    0x08000928   0x08000928   0x00000034   Code   RO         1905    .text.ClearSenderFrames  dji_motor.o
    0x0800095c   0x0800095c   0x00000004   PAD
    0x08000960   0x08000960   0x00000070   Code   RO         1909    .text.DJICalcNearestSingleTurnTargetDeg  dji_motor.o
    0x080009d0   0x080009d0   0x00000024   Code   RO         1925    .text.DJICopy8      dji_motor.o
    0x080009f4   0x080009f4   0x00000004   PAD
    0x080009f8   0x080009f8   0x00000010   Code   RO         1911    .text.DJIEcdToAngleDeg  dji_motor.o
    0x08000a08   0x08000a08   0x00000030   Code   RO         1923    .text.DJIGetBusDebug  dji_motor.o
    0x08000a38   0x08000a38   0x0000026c   Code   RO         1903    .text.DJIMotorControl  dji_motor.o
    0x08000ca4   0x08000ca4   0x00000004   PAD
    0x08000ca8   0x08000ca8   0x00000028   Code   RO         1907    .text.DJIMotorControlNeedsFreshFeedback  dji_motor.o
    0x08000cd0   0x08000cd0   0x00000008   Code   RO         1891    .text.DJIMotorEnable  dji_motor.o
    0x08000cd8   0x08000cd8   0x00000210   Code   RO         1879    .text.DJIMotorInit  dji_motor.o
    0x08000ee8   0x08000ee8   0x00000016   Code   RO         1889    .text.DJIMotorLostCallback  dji_motor.o
    0x08000efe   0x08000efe   0x00000002   PAD
    0x08000f00   0x08000f00   0x00000006   Code   RO         1899    .text.DJIMotorSetRef  dji_motor.o
    0x08000f06   0x08000f06   0x00000002   PAD
    0x08000f08   0x08000f08   0x00000030   Code   RO         1921    .text.DJINormalizeAngleDeg360  dji_motor.o
    0x08000f38   0x08000f38   0x0000002c   Code   RO         1919    .text.DJIRawSpeedRpmToAps  dji_motor.o
    0x08000f64   0x08000f64   0x00000004   PAD
    0x08000f68   0x08000f68   0x00000118   Code   RO         1913    .text.DJISendFrameDirect  dji_motor.o
    0x08001080   0x08001080   0x00000018   Code   RO         1816    .text.DLCNibbleToBytes  bsp_fdcan.o
    0x08001098   0x08001098   0x0000001c   Code   RO         1814    .text.DLCToBytes    bsp_fdcan.o
    0x080010b4   0x080010b4   0x00000004   PAD
    0x080010b8   0x080010b8   0x00000050   Code   RO         1745    .text.DWT_CNT_Update  bsp_dwt.o
    0x08001108   0x08001108   0x0000004a   Code   RO         1747    .text.DWT_GetDeltaT  bsp_dwt.o
    0x08001152   0x08001152   0x00000006   PAD
    0x08001158   0x08001158   0x0000004c   Code   RO         1755    .text.DWT_GetTimeline_ms  bsp_dwt.o
    0x080011a4   0x080011a4   0x00000004   PAD
    0x080011a8   0x080011a8   0x00000086   Code   RO         1743    .text.DWT_Init      bsp_dwt.o
    0x0800122e   0x0800122e   0x00000002   PAD
    0x08001230   0x08001230   0x0000009e   Code   RO         1751    .text.DWT_SysTimeUpdate  bsp_dwt.o
    0x080012ce   0x080012ce   0x00000002   PAD
    0x080012d0   0x080012d0   0x00000048   Code   RO         1861    .text.DaemonRegister  daemon.o
    0x08001318   0x08001318   0x00000006   Code   RO         1863    .text.DaemonReload  daemon.o
    0x0800131e   0x0800131e   0x00000002   PAD
    0x08001320   0x08001320   0x00000002   Code   RO           97    .text.DebugMon_Handler  stm32h7xx_it.o
    0x08001322   0x08001322   0x00000006   PAD
    0x08001328   0x08001328   0x00000294   Code   RO         1885    .text.DecodeDJIMotor  dji_motor.o
    0x080015bc   0x080015bc   0x00000004   PAD
    0x080015c0   0x080015c0   0x0000000a   Code   RO           17    .text.Error_Handler  main.o
    0x080015ca   0x080015ca   0x00000006   PAD
    0x080015d0   0x080015d0   0x0000001a   Code   RO         1730    .text.ExitRun0Mode  system_stm32h7xx.o
    0x080015ea   0x080015ea   0x00000006   PAD
    0x080015f0   0x080015f0   0x00000010   Code   RO           99    .text.FDCAN1_IT0_IRQHandler  stm32h7xx_it.o
    0x08001600   0x08001600   0x00000010   Code   RO          103    .text.FDCAN1_IT1_IRQHandler  stm32h7xx_it.o
    0x08001610   0x08001610   0x00000010   Code   RO          101    .text.FDCAN2_IT0_IRQHandler  stm32h7xx_it.o
    0x08001620   0x08001620   0x00000010   Code   RO          105    .text.FDCAN2_IT1_IRQHandler  stm32h7xx_it.o
    0x08001630   0x08001630   0x000000b4   Code   RO         1786    .text.FDCANAddFilter  bsp_fdcan.o
    0x080016e4   0x080016e4   0x00000004   PAD
    0x080016e8   0x080016e8   0x0000004a   Code   RO         1796    .text.FDCANDebugCopy8  bsp_fdcan.o
    0x08001732   0x08001732   0x00000006   PAD
    0x08001738   0x08001738   0x00000088   Code   RO         1788    .text.FDCANEnsureBusStarted  bsp_fdcan.o
    0x080017c0   0x080017c0   0x000000e0   Code   RO         1806    .text.FDCANFIFOxCallback  bsp_fdcan.o
    0x080018a0   0x080018a0   0x00000074   Code   RO         1810    .text.FDCANFindRxInstance  bsp_fdcan.o
    0x08001914   0x08001914   0x00000004   PAD
    0x08001918   0x08001918   0x00000020   Code   RO         1780    .text.FDCANGetBusContext  bsp_fdcan.o
    0x08001938   0x08001938   0x00000030   Code   RO         1792    .text.FDCANGetDebugBus  bsp_fdcan.o
    0x08001968   0x08001968   0x00000030   Code   RO         1782    .text.FDCANGetStdRegistry  bsp_fdcan.o
    0x08001998   0x08001998   0x0000000e   Code   RO         1800    .text.FDCANInstanceIsCanFd  bsp_fdcan.o
    0x080019a6   0x080019a6   0x00000002   PAD
    0x080019a8   0x080019a8   0x00000150   Code   RO         1778    .text.FDCANRegister  bsp_fdcan.o
    0x08001af8   0x08001af8   0x0000005e   Code   RO         1812    .text.FDCANResolveRxLength  bsp_fdcan.o
    0x08001b56   0x08001b56   0x00000002   PAD
    0x08001b58   0x08001b58   0x0000006a   Code   RO         1798    .text.FDCANSetDataLength  bsp_fdcan.o
    0x08001bc2   0x08001bc2   0x00000006   PAD
    0x08001bc8   0x08001bc8   0x0000002a   Code   RO         1784    .text.FDCANSyncInstanceMode  bsp_fdcan.o
    0x08001bf2   0x08001bf2   0x00000006   PAD
    0x08001bf8   0x08001bf8   0x000001c8   Code   RO         1398    .text.FDCAN_CalcultateRamBlockAddresses  stm32h7xx_hal_fdcan.o
    0x08001dc0   0x08001dc0   0x00000086   Code   RO         1468    .text.FDCAN_CopyMessageToRAM  stm32h7xx_hal_fdcan.o
    0x08001e46   0x08001e46   0x00000002   PAD
    0x08001e48   0x08001e48   0x00000068   Code   RO         1917    .text.FindMotorByFdcanInstance  dji_motor.o
    0x08001eb0   0x08001eb0   0x00000028   Code   RO         1091    .text.HAL_Delay     stm32h7xx_hal.o
    0x08001ed8   0x08001ed8   0x00000078   Code   RO         1546    .text.HAL_FDCAN_ActivateNotification  stm32h7xx_hal_fdcan.o
    0x08001f50   0x08001f50   0x00000066   Code   RO         1466    .text.HAL_FDCAN_AddMessageToTxFifoQ  stm32h7xx_hal_fdcan.o
    0x08001fb6   0x08001fb6   0x00000002   PAD
    0x08001fb8   0x08001fb8   0x00000002   Code   RO         1560    .text.HAL_FDCAN_ClockCalibrationCallback  stm32h7xx_hal_fdcan.o
    0x08001fba   0x08001fba   0x00000006   PAD
    0x08001fc0   0x08001fc0   0x00000088   Code   RO         1418    .text.HAL_FDCAN_ConfigFilter  stm32h7xx_hal_fdcan.o
    0x08002048   0x08002048   0x00000036   Code   RO         1420    .text.HAL_FDCAN_ConfigGlobalFilter  stm32h7xx_hal_fdcan.o
    0x0800207e   0x0800207e   0x00000002   PAD
    0x08002080   0x08002080   0x00000002   Code   RO         1588    .text.HAL_FDCAN_ErrorCallback  stm32h7xx_hal_fdcan.o
    0x08002082   0x08002082   0x00000006   PAD
    0x08002088   0x08002088   0x00000002   Code   RO         1578    .text.HAL_FDCAN_ErrorStatusCallback  stm32h7xx_hal_fdcan.o
    0x0800208a   0x0800208a   0x00000006   PAD
    0x08002090   0x08002090   0x00000012   Code   RO         1492    .text.HAL_FDCAN_GetRxFifoFillLevel  stm32h7xx_hal_fdcan.o
    0x080020a2   0x080020a2   0x00000006   PAD
    0x080020a8   0x080020a8   0x00000194   Code   RO         1478    .text.HAL_FDCAN_GetRxMessage  stm32h7xx_hal_fdcan.o
    0x0800223c   0x0800223c   0x00000004   PAD
    0x08002240   0x08002240   0x0000000c   Code   RO         1494    .text.HAL_FDCAN_GetTxFifoFreeLevel  stm32h7xx_hal_fdcan.o
    0x0800224c   0x0800224c   0x00000004   PAD
    0x08002250   0x08002250   0x00000002   Code   RO         1556    .text.HAL_FDCAN_HighPriorityMessageCallback  stm32h7xx_hal_fdcan.o
    0x08002252   0x08002252   0x00000006   PAD
    0x08002258   0x08002258   0x000002f2   Code   RO         1554    .text.HAL_FDCAN_IRQHandler  stm32h7xx_hal_fdcan.o
    0x0800254a   0x0800254a   0x00000006   PAD
    0x08002550   0x08002550   0x00000216   Code   RO         1394    .text.HAL_FDCAN_Init  stm32h7xx_hal_fdcan.o
    0x08002766   0x08002766   0x00000002   PAD
    0x08002768   0x08002768   0x0000014e   Code   RO           57    .text.HAL_FDCAN_MspInit  fdcan.o
    0x080028b6   0x080028b6   0x00000002   PAD
    0x080028b8   0x080028b8   0x00000002   Code   RO         1572    .text.HAL_FDCAN_RxBufferNewMessageCallback  stm32h7xx_hal_fdcan.o
    0x080028ba   0x080028ba   0x00000006   PAD
    0x080028c0   0x080028c0   0x00000014   Code   RO         1804    .text.HAL_FDCAN_RxFifo0Callback  bsp_fdcan.o
    0x080028d4   0x080028d4   0x00000004   PAD
    0x080028d8   0x080028d8   0x00000014   Code   RO         1808    .text.HAL_FDCAN_RxFifo1Callback  bsp_fdcan.o
    0x080028ec   0x080028ec   0x00000004   PAD
    0x080028f0   0x080028f0   0x00000032   Code   RO         1464    .text.HAL_FDCAN_Start  stm32h7xx_hal_fdcan.o
    0x08002922   0x08002922   0x00000006   PAD
    0x08002928   0x08002928   0x00000080   Code   RO         1402    .text.HAL_FDCAN_Stop  stm32h7xx_hal_fdcan.o
    0x080029a8   0x080029a8   0x00000002   Code   RO         1586    .text.HAL_FDCAN_TT_GlobalTimeCallback  stm32h7xx_hal_fdcan.o
    0x080029aa   0x080029aa   0x00000006   PAD
    0x080029b0   0x080029b0   0x00000002   Code   RO         1580    .text.HAL_FDCAN_TT_ScheduleSyncCallback  stm32h7xx_hal_fdcan.o
    0x080029b2   0x080029b2   0x00000006   PAD
    0x080029b8   0x080029b8   0x00000002   Code   RO         1584    .text.HAL_FDCAN_TT_StopWatchCallback  stm32h7xx_hal_fdcan.o
    0x080029ba   0x080029ba   0x00000006   PAD
    0x080029c0   0x080029c0   0x00000002   Code   RO         1582    .text.HAL_FDCAN_TT_TimeMarkCallback  stm32h7xx_hal_fdcan.o
    0x080029c2   0x080029c2   0x00000006   PAD
    0x080029c8   0x080029c8   0x00000002   Code   RO         1576    .text.HAL_FDCAN_TimeoutOccurredCallback  stm32h7xx_hal_fdcan.o
    0x080029ca   0x080029ca   0x00000006   PAD
    0x080029d0   0x080029d0   0x00000002   Code   RO         1574    .text.HAL_FDCAN_TimestampWraparoundCallback  stm32h7xx_hal_fdcan.o
    0x080029d2   0x080029d2   0x00000006   PAD
    0x080029d8   0x080029d8   0x00000002   Code   RO         1558    .text.HAL_FDCAN_TxBufferAbortCallback  stm32h7xx_hal_fdcan.o
    0x080029da   0x080029da   0x00000006   PAD
    0x080029e0   0x080029e0   0x00000002   Code   RO         1570    .text.HAL_FDCAN_TxBufferCompleteCallback  stm32h7xx_hal_fdcan.o
    0x080029e2   0x080029e2   0x00000006   PAD
    0x080029e8   0x080029e8   0x00000002   Code   RO         1562    .text.HAL_FDCAN_TxEventFifoCallback  stm32h7xx_hal_fdcan.o
    0x080029ea   0x080029ea   0x00000006   PAD
    0x080029f0   0x080029f0   0x00000002   Code   RO         1568    .text.HAL_FDCAN_TxFifoEmptyCallback  stm32h7xx_hal_fdcan.o
    0x080029f2   0x080029f2   0x00000006   PAD
    0x080029f8   0x080029f8   0x000001a0   Code   RO          769    .text.HAL_GPIO_Init  stm32h7xx_hal_gpio.o
    0x08002b98   0x08002b98   0x0000000a   Code   RO          775    .text.HAL_GPIO_WritePin  stm32h7xx_hal_gpio.o
    0x08002ba2   0x08002ba2   0x00000006   PAD
    0x08002ba8   0x08002ba8   0x0000000e   Code   RO         1099    .text.HAL_GetREVID  stm32h7xx_hal.o
    0x08002bb6   0x08002bb6   0x00000002   PAD
    0x08002bb8   0x08002bb8   0x0000000c   Code   RO         1083    .text.HAL_GetTick   stm32h7xx_hal.o
    0x08002bc4   0x08002bc4   0x00000004   PAD
    0x08002bc8   0x08002bc8   0x0000001a   Code   RO         1081    .text.HAL_IncTick   stm32h7xx_hal.o
    0x08002be2   0x08002be2   0x00000006   PAD
    0x08002be8   0x08002be8   0x00000064   Code   RO         1071    .text.HAL_Init      stm32h7xx_hal.o
    0x08002c4c   0x08002c4c   0x00000004   PAD
    0x08002c50   0x08002c50   0x000000a4   Code   RO          125    .text.HAL_InitTick  stm32h7xx_hal_timebase_tim.o
    0x08002cf4   0x08002cf4   0x00000004   PAD
    0x08002cf8   0x08002cf8   0x0000005e   Code   RO          526    .text.HAL_MPU_ConfigRegion  stm32h7xx_hal_cortex.o
    0x08002d56   0x08002d56   0x00000002   PAD
    0x08002d58   0x08002d58   0x0000001a   Code   RO          518    .text.HAL_MPU_Disable  stm32h7xx_hal_cortex.o
    0x08002d72   0x08002d72   0x00000006   PAD
    0x08002d78   0x08002d78   0x00000020   Code   RO          520    .text.HAL_MPU_Enable  stm32h7xx_hal_cortex.o
    0x08002d98   0x08002d98   0x0000002e   Code   RO          116    .text.HAL_MspInit   stm32h7xx_hal_msp.o
    0x08002dc6   0x08002dc6   0x00000002   PAD
    0x08002dc8   0x08002dc8   0x00000008   Code   RO          502    .text.HAL_NVIC_EnableIRQ  stm32h7xx_hal_cortex.o
    0x08002dd0   0x08002dd0   0x0000001e   Code   RO          494    .text.HAL_NVIC_SetPriority  stm32h7xx_hal_cortex.o
    0x08002dee   0x08002dee   0x00000002   PAD
    0x08002df0   0x08002df0   0x00000008   Code   RO          490    .text.HAL_NVIC_SetPriorityGrouping  stm32h7xx_hal_cortex.o
    0x08002df8   0x08002df8   0x00000048   Code   RO          983    .text.HAL_PWREx_ConfigSupply  stm32h7xx_hal_pwr_ex.o
    0x08002e40   0x08002e40   0x00000a10   Code   RO          604    .text.HAL_RCCEx_PeriphCLKConfig  stm32h7xx_hal_rcc_ex.o
    0x08003850   0x08003850   0x00000254   Code   RO          572    .text.HAL_RCC_ClockConfig  stm32h7xx_hal_rcc.o
    0x08003aa4   0x08003aa4   0x00000004   PAD
    0x08003aa8   0x08003aa8   0x00000058   Code   RO          590    .text.HAL_RCC_GetClockConfig  stm32h7xx_hal_rcc.o
    0x08003b00   0x08003b00   0x0000004c   Code   RO          582    .text.HAL_RCC_GetHCLKFreq  stm32h7xx_hal_rcc.o
    0x08003b4c   0x08003b4c   0x00000004   PAD
    0x08003b50   0x08003b50   0x00000026   Code   RO          584    .text.HAL_RCC_GetPCLK1Freq  stm32h7xx_hal_rcc.o
    0x08003b76   0x08003b76   0x00000002   PAD
    0x08003b78   0x08003b78   0x00000108   Code   RO          574    .text.HAL_RCC_GetSysClockFreq  stm32h7xx_hal_rcc.o
    0x08003c80   0x08003c80   0x00000686   Code   RO          570    .text.HAL_RCC_OscConfig  stm32h7xx_hal_rcc.o
    0x08004306   0x08004306   0x00000002   PAD
    0x08004308   0x08004308   0x00000188   Code   RO         1604    .text.HAL_SPI_Init  stm32h7xx_hal_spi.o
    0x08004490   0x08004490   0x00000090   Code   RO           74    .text.HAL_SPI_MspInit  spi.o
    0x08004520   0x08004520   0x00000014   Code   RO         1121    .text.HAL_SYSCFG_AnalogSwitchConfig  stm32h7xx_hal.o
    0x08004534   0x08004534   0x00000004   PAD
    0x08004538   0x08004538   0x00000002   Code   RO          476    .text.HAL_TIMEx_Break2Callback  stm32h7xx_hal_tim_ex.o
    0x0800453a   0x0800453a   0x00000006   PAD
    0x08004540   0x08004540   0x00000002   Code   RO          474    .text.HAL_TIMEx_BreakCallback  stm32h7xx_hal_tim_ex.o
    0x08004542   0x08004542   0x00000006   PAD
    0x08004548   0x08004548   0x00000002   Code   RO          470    .text.HAL_TIMEx_CommutCallback  stm32h7xx_hal_tim_ex.o
    0x0800454a   0x0800454a   0x00000006   PAD
    0x08004550   0x08004550   0x00000060   Code   RO          140    .text.HAL_TIM_Base_Init  stm32h7xx_hal_tim.o
    0x080045b0   0x080045b0   0x00000002   Code   RO          142    .text.HAL_TIM_Base_MspInit  stm32h7xx_hal_tim.o
    0x080045b2   0x080045b2   0x00000006   PAD
    0x080045b8   0x080045b8   0x000000b2   Code   RO          154    .text.HAL_TIM_Base_Start_IT  stm32h7xx_hal_tim.o
    0x0800466a   0x0800466a   0x00000006   PAD
    0x08004670   0x08004670   0x00000002   Code   RO          276    .text.HAL_TIM_IC_CaptureCallback  stm32h7xx_hal_tim.o
    0x08004672   0x08004672   0x00000006   PAD
    0x08004678   0x08004678   0x0000015a   Code   RO          274    .text.HAL_TIM_IRQHandler  stm32h7xx_hal_tim.o
    0x080047d2   0x080047d2   0x00000006   PAD
    0x080047d8   0x080047d8   0x00000002   Code   RO          278    .text.HAL_TIM_OC_DelayElapsedCallback  stm32h7xx_hal_tim.o
    0x080047da   0x080047da   0x00000006   PAD
    0x080047e0   0x080047e0   0x00000002   Code   RO          280    .text.HAL_TIM_PWM_PulseFinishedCallback  stm32h7xx_hal_tim.o
    0x080047e2   0x080047e2   0x00000006   PAD
    0x080047e8   0x080047e8   0x00000018   Code   RO           19    .text.HAL_TIM_PeriodElapsedCallback  main.o
    0x08004800   0x08004800   0x00000002   Code   RO          284    .text.HAL_TIM_TriggerCallback  stm32h7xx_hal_tim.o
    0x08004802   0x08004802   0x00000006   PAD
    0x08004808   0x08004808   0x00000002   Code   RO           89    .text.HardFault_Handler  stm32h7xx_it.o
    0x0800480a   0x0800480a   0x00000006   PAD
    0x08004810   0x08004810   0x00000056   Code   RO         1881    .text.InitSenderInstances  dji_motor.o
    0x08004866   0x08004866   0x00000002   PAD
    0x08004868   0x08004868   0x00000036   Code   RO           13    .text.MPU_Config    main.o
    0x0800489e   0x0800489e   0x00000002   PAD
    0x080048a0   0x080048a0   0x00000074   Code   RO           53    .text.MX_FDCAN1_Init  fdcan.o
    0x08004914   0x08004914   0x00000004   PAD
    0x08004918   0x08004918   0x00000078   Code   RO           55    .text.MX_FDCAN2_Init  fdcan.o
    0x08004990   0x08004990   0x00000024   Code   RO           39    .text.MX_FREERTOS_Init  freertos.o
    0x080049b4   0x080049b4   0x00000004   PAD
    0x080049b8   0x080049b8   0x000000ce   Code   RO           30    .text.MX_GPIO_Init  gpio.o
    0x08004a86   0x08004a86   0x00000002   PAD
    0x08004a88   0x08004a88   0x00000058   Code   RO           72    .text.MX_SPI1_Init  spi.o
    0x08004ae0   0x08004ae0   0x00000002   Code   RO           91    .text.MemManage_Handler  stm32h7xx_it.o
    0x08004ae2   0x08004ae2   0x00000006   PAD
    0x08004ae8   0x08004ae8   0x0000016c   Code   RO         1883    .text.MotorSenderGrouping  dji_motor.o
    0x08004c54   0x08004c54   0x00000004   PAD
    0x08004c58   0x08004c58   0x00000002   Code   RO           87    .text.NMI_Handler   stm32h7xx_it.o
    0x08004c5a   0x08004c5a   0x00000006   PAD
    0x08004c60   0x08004c60   0x0000002e   Code   RO          500    .text.NVIC_EncodePriority  stm32h7xx_hal_cortex.o
    0x08004c8e   0x08004c8e   0x00000002   PAD
    0x08004c90   0x08004c90   0x0000011e   Code   RO         1835    .text.PIDCalculate  controller.o
    0x08004dae   0x08004dae   0x00000002   PAD
    0x08004db0   0x08004db0   0x00000036   Code   RO         1833    .text.PIDInit       controller.o
    0x08004de6   0x08004de6   0x0000000a   PAD
    0x08004df0   0x08004df0   0x00000064   Code   RO         1983    .text.PendSV_Handler  port.o
    0x08004e54   0x08004e54   0x00000004   PAD
    0x08004e58   0x08004e58   0x0000011e   Code   RO          606    .text.RCCEx_PLL2_Config  stm32h7xx_hal_rcc_ex.o
    0x08004f76   0x08004f76   0x00000002   PAD
    0x08004f78   0x08004f78   0x0000011e   Code   RO          608    .text.RCCEx_PLL3_Config  stm32h7xx_hal_rcc_ex.o
    0x08005096   0x08005096   0x00000002   PAD
    0x08005098   0x08005098   0x0000001a   Code   RO         1887    .text.RefreshMotorFdcanBinding  dji_motor.o
    0x080050b2   0x080050b2   0x00000006   PAD
    0x080050b8   0x080050b8   0x0000002c   Code   RO         1915    .text.RegisterSenderInstance  dji_motor.o
    0x080050e4   0x080050e4   0x00000004   PAD
    0x080050e8   0x080050e8   0x00000012   Code   RO         1606    .text.SPI_GetPacketSize  stm32h7xx_hal_spi.o
    0x080050fa   0x080050fa   0x00000006   PAD
    0x08005100   0x08005100   0x00000024   Code   RO         1967    .text.SVC_Handler   port.o
    0x08005124   0x08005124   0x00000004   PAD
    0x08005128   0x08005128   0x00000008   Code   RO         2438    .text.SVC_Setup     cmsis_os2.o
    0x08005130   0x08005130   0x0000001c   Code   RO         2428    .text.SysTick_Handler  cmsis_os2.o
    0x0800514c   0x0800514c   0x00000004   PAD
    0x08005150   0x08005150   0x000000ba   Code   RO           15    .text.SystemClock_Config  main.o
    0x0800520a   0x0800520a   0x00000006   PAD
    0x08005210   0x08005210   0x000000ee   Code   RO         1726    .text.SystemInit    system_stm32h7xx.o
    0x080052fe   0x080052fe   0x00000002   PAD
    0x08005300   0x08005300   0x00000010   Code   RO          107    .text.TIM7_IRQHandler  stm32h7xx_it.o
    0x08005310   0x08005310   0x00000140   Code   RO          144    .text.TIM_Base_SetConfig  stm32h7xx_hal_tim.o
    0x08005450   0x08005450   0x00000002   Code   RO           95    .text.UsageFault_Handler  stm32h7xx_it.o
    0x08005452   0x08005452   0x00000006   PAD
    0x08005458   0x08005458   0x00000020   Code   RO          504    .text.__NVIC_EnableIRQ  stm32h7xx_hal_cortex.o
    0x08005478   0x08005478   0x00000010   Code   RO          496    .text.__NVIC_GetPriorityGrouping  stm32h7xx_hal_cortex.o
    0x08005488   0x08005488   0x00000022   Code   RO          498    .text.__NVIC_SetPriority  stm32h7xx_hal_cortex.o
    0x080054aa   0x080054aa   0x00000006   PAD
    0x080054b0   0x080054b0   0x0000000e   Code   RO         2592    .text.__NVIC_SetPriority  cmsis_os2.o
    0x080054be   0x080054be   0x00000002   PAD
    0x080054c0   0x080054c0   0x00000020   Code   RO          492    .text.__NVIC_SetPriorityGrouping  stm32h7xx_hal_cortex.o
    0x080054e0   0x080054e0   0x0000005c   Code   RO         1841    .text.f_Changing_Integration_Rate  controller.o
    0x0800553c   0x0800553c   0x00000004   PAD
    0x08005540   0x08005540   0x0000002e   Code   RO         1845    .text.f_Derivative_Filter  controller.o
    0x0800556e   0x0800556e   0x00000002   PAD
    0x08005570   0x08005570   0x00000022   Code   RO         1843    .text.f_Derivative_On_Measurement  controller.o
    0x08005592   0x08005592   0x00000006   PAD
    0x08005598   0x08005598   0x00000074   Code   RO         1847    .text.f_Integral_Limit  controller.o
    0x0800560c   0x0800560c   0x00000004   PAD
    0x08005610   0x08005610   0x0000002e   Code   RO         1849    .text.f_Output_Filter  controller.o
    0x0800563e   0x0800563e   0x00000002   PAD
    0x08005640   0x08005640   0x0000002e   Code   RO         1851    .text.f_Output_Limit  controller.o
    0x0800566e   0x0800566e   0x00000002   PAD
    0x08005670   0x08005670   0x00000088   Code   RO         1837    .text.f_PID_ErrorHandle  controller.o
    0x080056f8   0x080056f8   0x0000003a   Code   RO         1839    .text.f_Trapezoid_Intergral  controller.o
    0x08005732   0x08005732   0x00000006   PAD
    0x08005738   0x08005738   0x00000038   Code   RO           11    .text.main          main.o
    0x08005770   0x08005770   0x0000001e   Code   RO         2496    .text.osDelay       cmsis_os2.o
    0x0800578e   0x0800578e   0x00000002   PAD
    0x08005790   0x08005790   0x0000002a   Code   RO         2430    .text.osKernelInitialize  cmsis_os2.o
    0x080057ba   0x080057ba   0x00000006   PAD
    0x080057c0   0x080057c0   0x00000034   Code   RO         2436    .text.osKernelStart  cmsis_os2.o
    0x080057f4   0x080057f4   0x00000004   PAD
    0x080057f8   0x080057f8   0x000000b6   Code   RO         2460    .text.osThreadNew   cmsis_os2.o
    0x080058ae   0x080058ae   0x00000002   PAD
    0x080058b0   0x080058b0   0x00000080   Code   RO         2222    .text.prvAddCurrentTaskToDelayedList  tasks.o
    0x08005930   0x08005930   0x000000ac   Code   RO         2208    .text.prvAddNewTaskToReadyList  tasks.o
    0x080059dc   0x080059dc   0x00000004   PAD
    0x080059e0   0x080059e0   0x0000007c   Code   RO         2359    .text.prvCheckForValidListAndQueue  timers.o
    0x08005a5c   0x08005a5c   0x00000004   PAD
    0x08005a60   0x08005a60   0x0000004e   Code   RO         2326    .text.prvCheckTasksWaitingTermination  tasks.o
    0x08005aae   0x08005aae   0x00000002   PAD
    0x08005ab0   0x08005ab0   0x00000026   Code   RO         2099    .text.prvCopyDataFromQueue  queue.o
    0x08005ad6   0x08005ad6   0x00000002   PAD
    0x08005ad8   0x08005ad8   0x0000007e   Code   RO         2087    .text.prvCopyDataToQueue  queue.o
    0x08005b56   0x08005b56   0x00000002   PAD
    0x08005b58   0x08005b58   0x00000036   Code   RO         2214    .text.prvDeleteTCB  tasks.o
    0x08005b8e   0x08005b8e   0x00000002   PAD
    0x08005b90   0x08005b90   0x00000022   Code   RO         2397    .text.prvGetNextExpireTime  timers.o
    0x08005bb2   0x08005bb2   0x00000006   PAD
    0x08005bb8   0x08005bb8   0x00000078   Code   RO         2610    .text.prvHeapInit   heap_4.o
    0x08005c30   0x08005c30   0x0000002a   Code   RO         2248    .text.prvIdleTask   tasks.o
    0x08005c5a   0x08005c5a   0x00000006   PAD
    0x08005c60   0x08005c60   0x00000020   Code   RO         2061    .text.prvInitialiseNewQueue  queue.o
    0x08005c80   0x08005c80   0x0000009a   Code   RO         2206    .text.prvInitialiseNewTask  tasks.o
    0x08005d1a   0x08005d1a   0x00000006   PAD
    0x08005d20   0x08005d20   0x00000070   Code   RO         2324    .text.prvInitialiseTaskLists  tasks.o
    0x08005d90   0x08005d90   0x00000054   Code   RO         2612    .text.prvInsertBlockIntoFreeList  heap_4.o
    0x08005de4   0x08005de4   0x00000004   PAD
    0x08005de8   0x08005de8   0x00000040   Code   RO         2409    .text.prvInsertTimerInActiveList  timers.o
    0x08005e28   0x08005e28   0x00000018   Code   RO         2101    .text.prvIsQueueEmpty  queue.o
    0x08005e40   0x08005e40   0x0000001c   Code   RO         2089    .text.prvIsQueueFull  queue.o
    0x08005e5c   0x08005e5c   0x00000004   PAD
    0x08005e60   0x08005e60   0x00000028   Code   RO         1975    .text.prvPortStartFirstTask  port.o
    0x08005e88   0x08005e88   0x00000072   Code   RO         2405    .text.prvProcessExpiredTimer  timers.o
    0x08005efa   0x08005efa   0x00000006   PAD
    0x08005f00   0x08005f00   0x0000012a   Code   RO         2401    .text.prvProcessReceivedCommands  timers.o
    0x0800602a   0x0800602a   0x00000006   PAD
    0x08006030   0x08006030   0x00000080   Code   RO         2399    .text.prvProcessTimerOrBlockTask  timers.o
    0x080060b0   0x080060b0   0x00000028   Code   RO         2216    .text.prvResetNextTaskUnblockTime  tasks.o
    0x080060d8   0x080060d8   0x0000002a   Code   RO         2403    .text.prvSampleTimeNow  timers.o
    0x08006102   0x08006102   0x00000006   PAD
    0x08006108   0x08006108   0x00000092   Code   RO         2407    .text.prvSwitchTimerLists  timers.o
    0x0800619a   0x0800619a   0x00000006   PAD
    0x080061a0   0x080061a0   0x00000036   Code   RO         1965    .text.prvTaskExitError  port.o
    0x080061d6   0x080061d6   0x00000002   PAD
    0x080061d8   0x080061d8   0x00000016   Code   RO         2361    .text.prvTimerTask  timers.o
    0x080061ee   0x080061ee   0x00000002   PAD
    0x080061f0   0x080061f0   0x00000078   Code   RO         2091    .text.prvUnlockQueue  queue.o
    0x08006268   0x08006268   0x00000156   Code   RO         2608    .text.pvPortMalloc  heap_4.o
    0x080063be   0x080063be   0x00000002   PAD
    0x080063c0   0x080063c0   0x0000002c   Code   RO         1963    .text.pxPortInitialiseStack  port.o
    0x080063ec   0x080063ec   0x00000004   PAD
    0x080063f0   0x080063f0   0x0000002a   Code   RO         2047    .text.uxListRemove  list.o
    0x0800641a   0x0800641a   0x00000006   PAD
    0x08006420   0x08006420   0x0000001a   Code   RO         2588    .text.vApplicationGetIdleTaskMemory  cmsis_os2.o
    0x0800643a   0x0800643a   0x00000006   PAD
    0x08006440   0x08006440   0x0000001c   Code   RO         2590    .text.vApplicationGetTimerTaskMemory  cmsis_os2.o
    0x0800645c   0x0800645c   0x00000004   PAD
    0x08006460   0x08006460   0x00000016   Code   RO         2039    .text.vListInitialise  list.o
    0x08006476   0x08006476   0x00000002   PAD
    0x08006478   0x08006478   0x00000006   Code   RO         2041    .text.vListInitialiseItem  list.o
    0x0800647e   0x0800647e   0x00000002   PAD
    0x08006480   0x08006480   0x0000003a   Code   RO         2045    .text.vListInsert   list.o
    0x080064ba   0x080064ba   0x00000006   PAD
    0x080064c0   0x080064c0   0x0000001c   Code   RO         2043    .text.vListInsertEnd  list.o
    0x080064dc   0x080064dc   0x00000004   PAD
    0x080064e0   0x080064e0   0x00000014   Code   RO         1973    .text.vPortEnableVFP  port.o
    0x080064f4   0x080064f4   0x00000004   PAD
    0x080064f8   0x080064f8   0x00000052   Code   RO         1979    .text.vPortEnterCritical  port.o
    0x0800654a   0x0800654a   0x00000006   PAD
    0x08006550   0x08006550   0x00000032   Code   RO         1981    .text.vPortExitCritical  port.o
    0x08006582   0x08006582   0x00000006   PAD
    0x08006588   0x08006588   0x00000092   Code   RO         2614    .text.vPortFree     heap_4.o
    0x0800661a   0x0800661a   0x00000006   PAD
    0x08006620   0x08006620   0x00000034   Code   RO         1971    .text.vPortSetupTimerInterrupt  port.o
    0x08006654   0x08006654   0x00000004   PAD
    0x08006658   0x08006658   0x0000006a   Code   RO         1987    .text.vPortValidateInterruptPriority  port.o
    0x080066c2   0x080066c2   0x00000006   PAD
    0x080066c8   0x080066c8   0x00000026   Code   RO         2131    .text.vQueueAddToRegistry  queue.o
    0x080066ee   0x080066ee   0x00000002   PAD
    0x080066f0   0x080066f0   0x00000044   Code   RO         2135    .text.vQueueWaitForMessageRestricted  queue.o
    0x08006734   0x08006734   0x00000004   PAD
    0x08006738   0x08006738   0x00000058   Code   RO         2226    .text.vTaskDelay    tasks.o
    0x08006790   0x08006790   0x0000001a   Code   RO         2280    .text.vTaskInternalSetTimeOutState  tasks.o
    0x080067aa   0x080067aa   0x00000006   PAD
    0x080067b0   0x080067b0   0x0000000e   Code   RO         2284    .text.vTaskMissedYield  tasks.o
    0x080067be   0x080067be   0x00000002   PAD
    0x080067c0   0x080067c0   0x00000036   Code   RO         2268    .text.vTaskPlaceOnEventList  tasks.o
    0x080067f6   0x080067f6   0x00000002   PAD
    0x080067f8   0x080067f8   0x00000042   Code   RO         2272    .text.vTaskPlaceOnEventListRestricted  tasks.o
    0x0800683a   0x0800683a   0x00000006   PAD
    0x08006840   0x08006840   0x000000ac   Code   RO         2246    .text.vTaskStartScheduler  tasks.o
    0x080068ec   0x080068ec   0x00000004   PAD
    0x080068f0   0x080068f0   0x00000010   Code   RO         2220    .text.vTaskSuspendAll  tasks.o
    0x08006900   0x08006900   0x0000009e   Code   RO         2238    .text.vTaskSwitchContext  tasks.o
    0x0800699e   0x0800699e   0x00000002   PAD
    0x080069a0   0x080069a0   0x000000d2   Code   RO         1969    .text.xPortStartScheduler  port.o
    0x08006a72   0x08006a72   0x00000006   PAD
    0x08006a78   0x08006a78   0x00000032   Code   RO         1985    .text.xPortSysTickHandler  port.o
    0x08006aaa   0x08006aaa   0x00000006   PAD
    0x08006ab0   0x08006ab0   0x000000aa   Code   RO         2059    .text.xQueueGenericCreateStatic  queue.o
    0x08006b5a   0x08006b5a   0x00000006   PAD
    0x08006b60   0x08006b60   0x00000086   Code   RO         2057    .text.xQueueGenericReset  queue.o
    0x08006be6   0x08006be6   0x00000002   PAD
    0x08006be8   0x08006be8   0x000001b6   Code   RO         2077    .text.xQueueGenericSend  queue.o
    0x08006d9e   0x08006d9e   0x00000002   PAD
    0x08006da0   0x08006da0   0x000000dc   Code   RO         2093    .text.xQueueGenericSendFromISR  queue.o
    0x08006e7c   0x08006e7c   0x00000004   PAD
    0x08006e80   0x08006e80   0x00000190   Code   RO         2097    .text.xQueueReceive  queue.o
    0x08007010   0x08007010   0x00000090   Code   RO         2282    .text.xTaskCheckForTimeOut  tasks.o
    0x080070a0   0x080070a0   0x00000066   Code   RO         2210    .text.xTaskCreate   tasks.o
    0x08007106   0x08007106   0x00000002   PAD
    0x08007108   0x08007108   0x00000086   Code   RO         2204    .text.xTaskCreateStatic  tasks.o
    0x0800718e   0x0800718e   0x00000002   PAD
    0x08007190   0x08007190   0x00000024   Code   RO         2298    .text.xTaskGetSchedulerState  tasks.o
    0x080071b4   0x080071b4   0x00000004   PAD
    0x080071b8   0x080071b8   0x0000000c   Code   RO         2254    .text.xTaskGetTickCount  tasks.o
    0x080071c4   0x080071c4   0x00000004   PAD
    0x080071c8   0x080071c8   0x00000156   Code   RO         2252    .text.xTaskIncrementTick  tasks.o
    0x0800731e   0x0800731e   0x00000002   PAD
    0x08007320   0x08007320   0x0000009a   Code   RO         2302    .text.xTaskPriorityDisinherit  tasks.o
    0x080073ba   0x080073ba   0x00000006   PAD
    0x080073c0   0x080073c0   0x00000092   Code   RO         2274    .text.xTaskRemoveFromEventList  tasks.o
    0x08007452   0x08007452   0x00000006   PAD
    0x08007458   0x08007458   0x00000118   Code   RO         2224    .text.xTaskResumeAll  tasks.o
    0x08007570   0x08007570   0x00000078   Code   RO         2357    .text.xTimerCreateTimerTask  timers.o
    0x080075e8   0x080075e8   0x0000006a   Code   RO         2369    .text.xTimerGenericCommand  timers.o
    0x08007652   0x08007652   0x000000b0   Code   RO         2721    i.__hardfp_fmodf    m_wv.l(fmodf.o)
    0x08007702   0x08007702   0x00000002   PAD
    0x08007704   0x08007704   0x00000010   Code   RO         2812    i.__mathlib_flt_invalid  m_wv.l(funder.o)
    0x08007714   0x08007714   0x0000008c   Code   RO         2869    x$fpl$fnaninf       fz_wv.l(fnaninf.o)
    0x080077a0   0x080077a0   0x0000001a   Code   RO         2871    x$fpl$fpinit        fz_wv.l(fpinit.o)
    0x080077ba   0x080077ba   0x00000002   PAD
    0x080077bc   0x080077bc   0x000000f4   Code   RO         2806    x$fpl$frem          fz_wv.l(frem_clz.o)
    0x080078b0   0x080078b0   0x00000000   Code   RO         2808    x$fpl$usenofp       fz_wv.l(usenofp.o)
    0x080078b0   0x080078b0   0x000000bc   Data   RO         1954    .rodata..L__const.ChassisInit.chassis_motor_config  test.o
    0x0800796c   0x0800796c   0x0000004c   Data   RO         1594    .rodata..L__const.HAL_FDCAN_Init.CvtEltSize  stm32h7xx_hal_fdcan.o
    0x080079b8   0x080079b8   0x00000024   Data   RO           44    .rodata.Chassis_Task_attributes  freertos.o
    0x080079dc   0x080079dc   0x00000010   Data   RO         1734    .rodata.D1CorePrescTable  system_stm32h7xx.o
    0x080079ec   0x080079ec   0x00000030   Data   RO         1933    .rodata.InitSenderInstances.sender_map  dji_motor.o
    0x08007a1c   0x08007a1c   0x00000010   Data   RO         1595    .rodata.cst16       stm32h7xx_hal_fdcan.o
    0x08007a2c   0x08007a2c   0x0000000d   Data   RO           43    .rodata.str1.1      freertos.o
    0x08007a39   0x08007a39   0x00000003   PAD
    0x08007a3c   0x08007a3c   0x00000020   Data   RO         2965    Region$$Table       anon$$obj.o


    Execution Region RW_IRAM1 (Exec base: 0x20000000, Load base: 0x08007a5c, Size: 0x00000000, Max: 0x00020000, ABSOLUTE)

    **** No section assigned to this execution region ****


    Execution Region RW_IRAM2 (Exec base: 0x24000000, Load base: 0x08007a60, Size: 0x00012258, Max: 0x00080000, ABSOLUTE)

    Exec Addr    Load Addr    Size         Type   Attr      Idx    E Section Name        Object

    0x24000000   0x08007a60   0x00000004   Data   RW         1732    .data.SystemCoreClock  system_stm32h7xx.o
    0x24000004   0x08007a64   0x00000004   Data   RW         1733    .data.SystemD2Clock  system_stm32h7xx.o
    0x24000008   0x08007a68   0x00000010   Data   RW         1822    .data.fdcan_bus_contexts  bsp_fdcan.o
    0x24000018   0x08007a78   0x00000001   Data   RW         1168    .data.uwTickFreq    stm32h7xx_hal.o
    0x24000019   0x08007a79   0x00000003   PAD
    0x2400001c   0x08007a7c   0x00000004   Data   RW         1167    .data.uwTickPrio    stm32h7xx_hal.o
    0x24000020   0x08007a80   0x00000004   Data   RW         1991    .data.uxCriticalNesting  port.o
    0x24000024   0x08007a84   0x00000004   PAD
    0x24000028        -       0x00000060   Zero   RW         2828    .bss                c_w.l(libspace.o)
    0x24000088        -       0x00000004   Zero   RW         1761    .bss.CPU_FREQ_Hz    bsp_dwt.o
    0x2400008c        -       0x00000004   Zero   RW         1762    .bss.CPU_FREQ_Hz_ms  bsp_dwt.o
    0x24000090        -       0x00000004   Zero   RW         1763    .bss.CPU_FREQ_Hz_us  bsp_dwt.o
    0x24000094        -       0x00000004   Zero   RW         1766    .bss.CYCCNT_LAST    bsp_dwt.o
    0x24000098        -       0x00000004   Zero   RW         1764    .bss.CYCCNT_RountCount  bsp_dwt.o
    0x2400009c        -       0x00000004   Zero   RW           45    .bss.Chassis_TaskHandle  freertos.o
    0x240000a0        -       0x00000001   Zero   RW         1765    .bss.DWT_CNT_Update.bit_locker  bsp_dwt.o
    0x240000a1   0x08007a84   0x00000003   PAD
    0x240000a4        -       0x00000004   Zero   RW           63    .bss.HAL_RCC_FDCAN_CLK_ENABLED  fdcan.o
    0x240000a8        -       0x00000004   Zero   RW         2594    .bss.KernelState    cmsis_os2.o
    0x240000ac        -       0x00000004   Zero   RW         1767    .bss.SysTime.0      bsp_dwt.o
    0x240000b0        -       0x00000002   Zero   RW         1768    .bss.SysTime.1      bsp_dwt.o
    0x240000b2   0x08007a84   0x00000002   PAD
    0x240000b4        -       0x00000002   Zero   RW         1769    .bss.SysTime.2      bsp_dwt.o
    0x240000b6   0x08007a84   0x00000002   PAD
    0x240000b8        -       0x00000080   Zero   RW         1869    .bss.daemon_instances  daemon.o
    0x24000138        -       0x00000030   Zero   RW         1930    .bss.dji_motor_instances  dji_motor.o
    0x24000168        -       0x00002000   Zero   RW         1823    .bss.fdcan1_std_registry  bsp_fdcan.o
    0x24002168        -       0x00002000   Zero   RW         1824    .bss.fdcan2_std_registry  bsp_fdcan.o
    0x24004168        -       0x00000040   Zero   RW         1821    .bss.fdcan_instances  bsp_fdcan.o
    0x240041a8        -       0x00000070   Zero   RW         1927    .bss.g_dji_motor_debug  dji_motor.o
    0x24004218        -       0x0000005c   Zero   RW         1818    .bss.g_fdcan1_debug  bsp_fdcan.o
    0x24004274        -       0x0000005c   Zero   RW         1819    .bss.g_fdcan2_debug  bsp_fdcan.o
    0x240042d0        -       0x000000a0   Zero   RW           61    .bss.hfdcan1        fdcan.o
    0x24004370        -       0x000000a0   Zero   RW           62    .bss.hfdcan2        fdcan.o
    0x24004410        -       0x00000088   Zero   RW           78    .bss.hspi1          spi.o
    0x24004498        -       0x0000004c   Zero   RW          131    .bss.htim7          stm32h7xx_hal_timebase_tim.o
    0x240044e4        -       0x00000001   Zero   RW         1820    .bss.idx            bsp_fdcan.o
    0x240044e5        -       0x00000001   Zero   RW         1870    .bss.idx            daemon.o
    0x240044e6        -       0x00000001   Zero   RW         1929    .bss.idx            dji_motor.o
    0x240044e7   0x08007a84   0x00000001   PAD
    0x240044e8        -       0x00000004   Zero   RW         1955    .bss.motor_rf       test.o
    0x240044ec        -       0x000000a0   Zero   RW         2419    .bss.prvCheckForValidListAndQueue.ucStaticTimerQueueStorage  timers.o
    0x2400458c        -       0x00000050   Zero   RW         2418    .bss.prvCheckForValidListAndQueue.xStaticTimerQueue  timers.o
    0x240045dc        -       0x00000004   Zero   RW         2415    .bss.prvSampleTimeNow.xLastTime  timers.o
    0x240045e0        -       0x00000004   Zero   RW         2328    .bss.pxCurrentTCB   tasks.o
    0x240045e4        -       0x00000004   Zero   RW         2413    .bss.pxCurrentTimerList  timers.o
    0x240045e8        -       0x00000004   Zero   RW         2336    .bss.pxDelayedTaskList  tasks.o
    0x240045ec        -       0x00000004   Zero   RW         2624    .bss.pxEnd          heap_4.o
    0x240045f0        -       0x00000004   Zero   RW         2337    .bss.pxOverflowDelayedTaskList  tasks.o
    0x240045f4        -       0x00000004   Zero   RW         2414    .bss.pxOverflowTimerList  timers.o
    0x240045f8        -       0x00000460   Zero   RW         2339    .bss.pxReadyTasksLists  tasks.o
    0x24004a58        -       0x00000018   Zero   RW         1931    .bss.sender_assignment  dji_motor.o
    0x24004a70        -       0x00000006   Zero   RW         1932    .bss.sender_enable_flag  dji_motor.o
    0x24004a76        -       0x00000001   Zero   RW         1928    .bss.sender_initialized  dji_motor.o
    0x24004a77        -       0x00008000   Zero   RW         2631    .bss.ucHeap         heap_4.o
    0x2400ca77        -       0x00000001   Zero   RW         1989    .bss.ucMaxSysCallPriority  port.o
    0x2400ca78        -       0x00000004   Zero   RW         1990    .bss.ulMaxPRIGROUPValue  port.o
    0x2400ca7c        -       0x00000004   Zero   RW         1169    .bss.uwTick         stm32h7xx_hal.o
    0x2400ca80        -       0x00000004   Zero   RW         2332    .bss.uxCurrentNumberOfTasks  tasks.o
    0x2400ca84        -       0x00000004   Zero   RW         2331    .bss.uxDeletedTasksWaitingCleanUp  tasks.o
    0x2400ca88        -       0x00000004   Zero   RW         2334    .bss.uxSchedulerSuspended  tasks.o
    0x2400ca8c        -       0x00000004   Zero   RW         2329    .bss.uxTaskNumber   tasks.o
    0x2400ca90        -       0x00000004   Zero   RW         2340    .bss.uxTopReadyPriority  tasks.o
    0x2400ca94        -       0x00000200   Zero   RW         2597    .bss.vApplicationGetIdleTaskMemory.Idle_Stack  cmsis_os2.o
    0x2400cc94        -       0x0000005c   Zero   RW         2596    .bss.vApplicationGetIdleTaskMemory.Idle_TCB  cmsis_os2.o
    0x2400ccf0        -       0x00000400   Zero   RW         2599    .bss.vApplicationGetTimerTaskMemory.Timer_Stack  cmsis_os2.o
    0x2400d0f0        -       0x0000005c   Zero   RW         2598    .bss.vApplicationGetTimerTaskMemory.Timer_TCB  cmsis_os2.o
    0x2400d14c        -       0x00000014   Zero   RW         2416    .bss.xActiveTimerList1  timers.o
    0x2400d160        -       0x00000014   Zero   RW         2417    .bss.xActiveTimerList2  timers.o
    0x2400d174        -       0x00000001   Zero   RW         2625    .bss.xBlockAllocatedBit  heap_4.o
    0x2400d175   0x08007a84   0x00000003   PAD
    0x2400d178        -       0x00000014   Zero   RW         2347    .bss.xDelayedTaskList1  tasks.o
    0x2400d18c        -       0x00000014   Zero   RW         2348    .bss.xDelayedTaskList2  tasks.o
    0x2400d1a0        -       0x00000004   Zero   RW         2626    .bss.xFreeBytesRemaining  heap_4.o
    0x2400d1a4        -       0x00000004   Zero   RW         2342    .bss.xIdleTaskHandle  tasks.o
    0x2400d1a8        -       0x00000004   Zero   RW         2628    .bss.xMinimumEverFreeBytesRemaining  heap_4.o
    0x2400d1ac        -       0x00000004   Zero   RW         2343    .bss.xNextTaskUnblockTime  tasks.o
    0x2400d1b0        -       0x00000004   Zero   RW         2346    .bss.xNumOfOverflows  tasks.o
    0x2400d1b4        -       0x00000004   Zero   RW         2629    .bss.xNumberOfSuccessfulAllocations  heap_4.o
    0x2400d1b8        -       0x00000004   Zero   RW         2630    .bss.xNumberOfSuccessfulFrees  heap_4.o
    0x2400d1bc        -       0x00000004   Zero   RW         2345    .bss.xPendedTicks   tasks.o
    0x2400d1c0        -       0x00000014   Zero   RW         2341    .bss.xPendingReadyList  tasks.o
    0x2400d1d4        -       0x00000040   Zero   RW         2137    .bss.xQueueRegistry  queue.o
    0x2400d214        -       0x00000004   Zero   RW         2333    .bss.xSchedulerRunning  tasks.o
    0x2400d218        -       0x00000008   Zero   RW         2627    .bss.xStart         heap_4.o
    0x2400d220        -       0x00000014   Zero   RW         2338    .bss.xSuspendedTaskList  tasks.o
    0x2400d234        -       0x00000014   Zero   RW         2330    .bss.xTasksWaitingTermination  tasks.o
    0x2400d248        -       0x00000004   Zero   RW         2335    .bss.xTickCount     tasks.o
    0x2400d24c        -       0x00000004   Zero   RW         2411    .bss.xTimerQueue    timers.o
    0x2400d250        -       0x00000004   Zero   RW         2412    .bss.xTimerTaskHandle  timers.o
    0x2400d254        -       0x00000004   Zero   RW         2344    .bss.xYieldPending  tasks.o
    0x2400d258        -       0x00004000   Zero   RW            2    HEAP                startup_stm32h743xx.o
    0x24011258        -       0x00001000   Zero   RW            1    STACK               startup_stm32h743xx.o


==============================================================================

Image component sizes


      Code (inc. data)   RO Data    RW Data    ZI Data      Debug   Object Name

       522          4          0          0         29       4034   bsp_dwt.o
      1542         32          0         16      16633      14225   bsp_fdcan.o
       410          0          0          0       1724      45480   cmsis_os2.o
       914         12          0          0          0       3919   controller.o
        78          0          0          0        129       1846   daemon.o
      3144         56         48          0        192      20249   dji_motor.o
       570          0          0          0        324      11696   fdcan.o
        48          0         49          0          4       2750   freertos.o
       206          0          0          0          0       3108   gpio.o
       692          0          0          0      32797       5024   heap_4.o
       156          0          0          0          0       2427   list.o
       330          0          0          0          0       7397   main.o
       844         16          0          4          5       4022   port.o
      1836          0          0          0         64      23090   queue.o
       232          0          0          0        136       8248   spi.o
        72         30        664          0      20480        820   startup_stm32h743xx.o
       212          0          0          5          4      15235   stm32h7xx_hal.o
       358          0          0          0          0      13232   stm32h7xx_hal_cortex.o
      2932          0         92          0          0      41449   stm32h7xx_hal_fdcan.o
       426          0          0          0          0       7206   stm32h7xx_hal_gpio.o
        46          0          0          0          0       5363   stm32h7xx_hal_msp.o
        72          0          0          0          0      10866   stm32h7xx_hal_pwr_ex.o
      2732         16          0          0          0      11683   stm32h7xx_hal_rcc.o
      3148         90          0          0          0      17884   stm32h7xx_hal_rcc_ex.o
       410          0          0          0          0      21669   stm32h7xx_hal_spi.o
       950          0          0          0          0      51791   stm32h7xx_hal_tim.o
         6          0          0          0          0      22552   stm32h7xx_hal_tim_ex.o
       164          0          0          0         76       9910   stm32h7xx_hal_timebase_tim.o
        92          0          0          0          0       2542   stm32h7xx_it.o
       264          0         16          8          0       6343   system_stm32h7xx.o
      2724          8          0          0       1280      30417   tasks.o
       120          4        188          0          4       9858   test.o
      1198         26          0          0        300      15158   timers.o

    ----------------------------------------------------------------------
     28170        330       1092         36      74196     451493   Object Totals
         0          0         32          0          0          0   (incl. Generated)
       720         36          3          3         15          0   (incl. Padding)

    ----------------------------------------------------------------------

      Code (inc. data)   RO Data    RW Data    ZI Data      Debug   Library Member Name

         8          0          0          0          0         68   __main.o
         0          0          0          0          0          0   __rtentry.o
        12          0          0          0          0          0   __rtentry2.o
         6          0          0          0          0          0   __rtentry4.o
        52          8          0          0          0          0   __scatter.o
        26          0          0          0          0          0   __scatter_copy.o
        28          0          0          0          0          0   __scatter_zi.o
        22          0          0          0          0        100   _rserrno.o
        16          0          0          0          0         68   aeabi_memset4.o
        10          0          0          0          0         68   defsig_exit.o
        50          0          0          0          0         88   defsig_general.o
        80         58          0          0          0         76   defsig_rtmem_inner.o
        14          0          0          0          0         80   defsig_rtmem_outer.o
        18          0          0          0          0         80   exit.o
        94          0          0          0          0         80   h1_alloc.o
        52          0          0          0          0         68   h1_extend.o
        78          0          0          0          0         80   h1_free.o
        14          0          0          0          0         84   h1_init.o
         6          0          0          0          0        152   heapauxi.o
         4          0          0          0          0        136   hguard.o
         0          0          0          0          0          0   indicate_semi.o
       138          0          0          0          0        168   init_alloc.o
         2          0          0          0          0          0   libinit.o
        14          0          0          0          0          0   libinit2.o
         2          0          0          0          0          0   libshutdown.o
         2          0          0          0          0          0   libshutdown2.o
         8          4          0          0         96         68   libspace.o
       240          0          0          0          0        100   lludivv7m.o
         0          0          0          0          0          0   maybetermalloc1.o
         8          4          0          0          0         68   rt_errno_addr_intlibspace.o
         8          4          0          0          0         68   rt_heap_descriptor_intlibspace.o
        78          0          0          0          0         80   rt_memclr_w.o
       138          0          0          0          0         68   rt_memcpy_v6.o
       100          0          0          0          0         80   rt_memcpy_w.o
         2          0          0          0          0          0   rtexit.o
        10          0          0          0          0          0   rtexit2.o
        12          4          0          0          0         68   sys_exit.o
        74          0          0          0          0         80   sys_stackheap_outer.o
        14          0          0          0          0         76   sys_wrch.o
         2          0          0          0          0         68   use_no_semi.o
       140          4          0          0          0        132   fnaninf.o
        26          0          0          0          0        116   fpinit.o
       244          8          0          0          0        132   frem_clz.o
         0          0          0          0          0          0   usenofp.o
       176          0          0          0          0        168   fmodf.o
        16          6          0          0          0        116   funder.o

    ----------------------------------------------------------------------
      2062        100          0          0         96       2884   Library Totals
        18          0          0          0          0          0   (incl. Padding)

    ----------------------------------------------------------------------

      Code (inc. data)   RO Data    RW Data    ZI Data      Debug   Library Name

      1442         82          0          0         96       2220   c_w.l
       410         12          0          0          0        380   fz_wv.l
       192          6          0          0          0        284   m_wv.l

    ----------------------------------------------------------------------
      2062        100          0          0         96       2884   Library Totals

    ----------------------------------------------------------------------

==============================================================================


      Code (inc. data)   RO Data    RW Data    ZI Data      Debug   

     30232        430       1092         36      74292     452261   Grand Totals
     30232        430       1092         36      74292     452261   ELF Image Totals
     30232        430       1092         36          0          0   ROM Totals

==============================================================================

    Total RO  Size (Code + RO Data)                31324 (  30.59kB)
    Total RW  Size (RW Data + ZI Data)             74328 (  72.59kB)
    Total ROM Size (Code + RO Data + RW Data)      31360 (  30.63kB)

==============================================================================

