Component: ARM Compiler 6.16 Tool: armlink [5dfeaa00]

==============================================================================

Section Cross References

    startup_stm32h743xx.o(STACK) refers (Special) to heapauxi.o(.text) for __use_two_region_memory
    startup_stm32h743xx.o(HEAP) refers (Special) to heapauxi.o(.text) for __use_two_region_memory
    startup_stm32h743xx.o(RESET) refers (Special) to heapauxi.o(.text) for __use_two_region_memory
    startup_stm32h743xx.o(RESET) refers to startup_stm32h743xx.o(STACK) for __initial_sp
    startup_stm32h743xx.o(RESET) refers to startup_stm32h743xx.o(.text) for Reset_Handler
    startup_stm32h743xx.o(RESET) refers to stm32h7xx_it.o(.text.NMI_Handler) for NMI_Handler
    startup_stm32h743xx.o(RESET) refers to stm32h7xx_it.o(.text.HardFault_Handler) for HardFault_Handler
    startup_stm32h743xx.o(RESET) refers to stm32h7xx_it.o(.text.MemManage_Handler) for MemManage_Handler
    startup_stm32h743xx.o(RESET) refers to stm32h7xx_it.o(.text.BusFault_Handler) for BusFault_Handler
    startup_stm32h743xx.o(RESET) refers to stm32h7xx_it.o(.text.UsageFault_Handler) for UsageFault_Handler
    startup_stm32h743xx.o(RESET) refers to port.o(.text.SVC_Handler) for SVC_Handler
    startup_stm32h743xx.o(RESET) refers to stm32h7xx_it.o(.text.DebugMon_Handler) for DebugMon_Handler
    startup_stm32h743xx.o(RESET) refers to port.o(.text.PendSV_Handler) for PendSV_Handler
    startup_stm32h743xx.o(RESET) refers to cmsis_os2.o(.text.SysTick_Handler) for SysTick_Handler
    startup_stm32h743xx.o(RESET) refers to stm32h7xx_it.o(.text.FDCAN1_IT0_IRQHandler) for FDCAN1_IT0_IRQHandler
    startup_stm32h743xx.o(RESET) refers to stm32h7xx_it.o(.text.FDCAN2_IT0_IRQHandler) for FDCAN2_IT0_IRQHandler
    startup_stm32h743xx.o(RESET) refers to stm32h7xx_it.o(.text.FDCAN1_IT1_IRQHandler) for FDCAN1_IT1_IRQHandler
    startup_stm32h743xx.o(RESET) refers to stm32h7xx_it.o(.text.FDCAN2_IT1_IRQHandler) for FDCAN2_IT1_IRQHandler
    startup_stm32h743xx.o(RESET) refers to stm32h7xx_it.o(.text.TIM7_IRQHandler) for TIM7_IRQHandler
    startup_stm32h743xx.o(RESET) refers to stm32h7xx_it.o(.text.OTG_FS_IRQHandler) for OTG_FS_IRQHandler
    startup_stm32h743xx.o(.text) refers (Special) to heapauxi.o(.text) for __use_two_region_memory
    startup_stm32h743xx.o(.text) refers to system_stm32h7xx.o(.text.ExitRun0Mode) for ExitRun0Mode
    startup_stm32h743xx.o(.text) refers to system_stm32h7xx.o(.text.SystemInit) for SystemInit
    startup_stm32h743xx.o(.text) refers to __main.o(!!!main) for __main
    startup_stm32h743xx.o(.text) refers to startup_stm32h743xx.o(HEAP) for Heap_Mem
    startup_stm32h743xx.o(.text) refers to startup_stm32h743xx.o(STACK) for Stack_Mem
    main.o(.text.main) refers to main.o(.text.MPU_Config) for MPU_Config
    main.o(.text.main) refers to stm32h7xx_hal.o(.text.HAL_Init) for HAL_Init
    main.o(.text.main) refers to main.o(.text.SystemClock_Config) for SystemClock_Config
    main.o(.text.main) refers to gpio.o(.text.MX_GPIO_Init) for MX_GPIO_Init
    main.o(.text.main) refers to fdcan.o(.text.MX_FDCAN1_Init) for MX_FDCAN1_Init
    main.o(.text.main) refers to fdcan.o(.text.MX_FDCAN2_Init) for MX_FDCAN2_Init
    main.o(.text.main) refers to spi.o(.text.MX_SPI1_Init) for MX_SPI1_Init
    main.o(.text.main) refers to test.o(.text.ChassisInit) for ChassisInit
    main.o(.text.main) refers to usb.o(.text.USB_Init) for USB_Init
    main.o(.text.main) refers to cmsis_os2.o(.text.osKernelInitialize) for osKernelInitialize
    main.o(.text.main) refers to freertos.o(.text.MX_FREERTOS_Init) for MX_FREERTOS_Init
    main.o(.text.main) refers to cmsis_os2.o(.text.osKernelStart) for osKernelStart
    main.o(.ARM.exidx.text.main) refers to main.o(.text.main) for [Anonymous Symbol]
    main.o(.text.MPU_Config) refers to stm32h7xx_hal_cortex.o(.text.HAL_MPU_Disable) for HAL_MPU_Disable
    main.o(.text.MPU_Config) refers to stm32h7xx_hal_cortex.o(.text.HAL_MPU_ConfigRegion) for HAL_MPU_ConfigRegion
    main.o(.text.MPU_Config) refers to stm32h7xx_hal_cortex.o(.text.HAL_MPU_Enable) for HAL_MPU_Enable
    main.o(.ARM.exidx.text.MPU_Config) refers to main.o(.text.MPU_Config) for [Anonymous Symbol]
    main.o(.text.SystemClock_Config) refers to rt_memclr_w.o(.text) for __aeabi_memclr4
    main.o(.text.SystemClock_Config) refers to stm32h7xx_hal_pwr_ex.o(.text.HAL_PWREx_ConfigSupply) for HAL_PWREx_ConfigSupply
    main.o(.text.SystemClock_Config) refers to stm32h7xx_hal_rcc.o(.text.HAL_RCC_OscConfig) for HAL_RCC_OscConfig
    main.o(.text.SystemClock_Config) refers to stm32h7xx_hal_rcc.o(.text.HAL_RCC_ClockConfig) for HAL_RCC_ClockConfig
    main.o(.text.SystemClock_Config) refers to main.o(.text.Error_Handler) for Error_Handler
    main.o(.ARM.exidx.text.SystemClock_Config) refers to main.o(.text.SystemClock_Config) for [Anonymous Symbol]
    main.o(.ARM.exidx.text.Error_Handler) refers to main.o(.text.Error_Handler) for [Anonymous Symbol]
[...]
    USBD_StrDesc                             0x240001ac   Data         512  usbd_desc.o(.bss.USBD_StrDesc)
    UserRxBufferFS                           0x240005cc   Data        2048  usbd_cdc_if.o(.bss.UserRxBufferFS)
    UserTxBufferFS                           0x24000dcc   Data        2048  usbd_cdc_if.o(.bss.UserTxBufferFS)
    g_dji_motor_debug                        0x240056bc   Data         112  dji_motor.o(.bss.g_dji_motor_debug)
    g_fdcan1_debug                           0x2400572c   Data          92  bsp_fdcan.o(.bss.g_fdcan1_debug)
    g_fdcan2_debug                           0x24005788   Data          92  bsp_fdcan.o(.bss.g_fdcan2_debug)
    hUsbDeviceFS                             0x240057e4   Data         732  usb_device.o(.bss.hUsbDeviceFS)
    hfdcan1                                  0x24005ac0   Data         160  fdcan.o(.bss.hfdcan1)
    hfdcan2                                  0x24005b60   Data         160  fdcan.o(.bss.hfdcan2)
    hpcd_USB_OTG_FS                          0x24005c00   Data        1252  usbd_conf.o(.bss.hpcd_USB_OTG_FS)
    hspi1                                    0x240060e4   Data         136  spi.o(.bss.hspi1)
    htim7                                    0x2400616c   Data          76  stm32h7xx_hal_timebase_tim.o(.bss.htim7)
    pxCurrentTCB                             0x240062b4   Data           4  tasks.o(.bss.pxCurrentTCB)
    usb_TaskHandle                           0x2400f064   Data           4  freertos.o(.bss.usb_TaskHandle)
    usb_chassis_cmd                          0x2400f068   Data          12  usb.o(.bss.usb_chassis_cmd)
    usb_last_recv_time                       0x2400f078   Data           4  usb.o(.bss.usb_last_recv_time)
    uwTick                                   0x2400f07c   Data           4  stm32h7xx_hal.o(.bss.uwTick)
    xQueueRegistry                           0x2400f7d4   Data          64  queue.o(.bss.xQueueRegistry)
    usb_rx_buffer                            0x30040000   Data        2048  usb.o(.ARM.__at_0x30040000)
    usb_tx_buffer                            0x30040800   Data        2048  usb.o(.ARM.__at_0x30040800)



==============================================================================

Memory Map of the image

  Image Entry point : 0x08000299

  Load Region LR_IROM1 (Base: 0x08000000, Size: 0x0000ae30, Max: 0x00200000, ABSOLUTE)

    Execution Region ER_IROM1 (Exec base: 0x08000000, Load base: 0x08000000, Size: 0x0000ad18, Max: 0x00200000, ABSOLUTE)

    Exec Addr    Load Addr    Size         Type   Attr      Idx    E Section Name        Object

    0x08000000   0x08000000   0x00000298   Data   RO            3    RESET               startup_stm32h743xx.o
    0x08000298   0x08000298   0x00000008   Code   RO         3372  * !!!main             c_w.l(__main.o)
    0x080002a0   0x080002a0   0x00000034   Code   RO         3619    !!!scatter          c_w.l(__scatter.o)
    0x080002d4   0x080002d4   0x0000001a   Code   RO         3621    !!handler_copy      c_w.l(__scatter_copy.o)
    0x080002ee   0x080002ee   0x00000002   PAD
    0x080002f0   0x080002f0   0x0000001c   Code   RO         3623    !!handler_zi        c_w.l(__scatter_zi.o)
    0x0800030c   0x0800030c   0x00000002   Code   RO         3554    .ARM.Collect$$libinit$$00000000  c_w.l(libinit.o)
    0x0800030e   0x0800030e   0x00000004   Code   RO         3414    .ARM.Collect$$libinit$$00000001  c_w.l(libinit2.o)
    0x08000312   0x08000312   0x00000000   Code   RO         3417    .ARM.Collect$$libinit$$00000004  c_w.l(libinit2.o)
    0x08000312   0x08000312   0x00000008   Code   RO         3418    .ARM.Collect$$libinit$$00000005  c_w.l(libinit2.o)
    0x0800031a   0x0800031a   0x00000000   Code   RO         3420    .ARM.Collect$$libinit$$0000000A  c_w.l(libinit2.o)
    0x0800031a   0x0800031a   0x00000000   Code   RO         3422    .ARM.Collect$$libinit$$0000000C  c_w.l(libinit2.o)
    0x0800031a   0x0800031a   0x00000000   Code   RO         3424    .ARM.Collect$$libinit$$0000000E  c_w.l(libinit2.o)
    0x0800031a   0x0800031a   0x00000000   Code   RO         3427    .ARM.Collect$$libinit$$00000011  c_w.l(libinit2.o)
    0x0800031a   0x0800031a   0x00000000   Code   RO         3429    .ARM.Collect$$libinit$$00000013  c_w.l(libinit2.o)
    0x0800031a   0x0800031a   0x00000000   Code   RO         3431    .ARM.Collect$$libinit$$00000015  c_w.l(libinit2.o)
    0x0800031a   0x0800031a   0x00000000   Code   RO         3433    .ARM.Collect$$libinit$$00000017  c_w.l(libinit2.o)
    0x0800031a   0x0800031a   0x00000000   Code   RO         3435    .ARM.Collect$$libinit$$00000019  c_w.l(libinit2.o)
    0x0800031a   0x0800031a   0x00000000   Code   RO         3437    .ARM.Collect$$libinit$$0000001B  c_w.l(libinit2.o)
    0x0800031a   0x0800031a   0x00000000   Code   RO         3439    .ARM.Collect$$libinit$$0000001D  c_w.l(libinit2.o)
    0x0800031a   0x0800031a   0x00000000   Code   RO         3441    .ARM.Collect$$libinit$$0000001F  c_w.l(libinit2.o)
    0x0800031a   0x0800031a   0x00000000   Code   RO         3443    .ARM.Collect$$libinit$$00000021  c_w.l(libinit2.o)
    0x0800031a   0x0800031a   0x00000000   Code   RO         3445    .ARM.Collect$$libinit$$00000023  c_w.l(libinit2.o)
    0x0800031a   0x0800031a   0x00000000   Code   RO         3447    .ARM.Collect$$libinit$$00000025  c_w.l(libinit2.o)
    0x0800031a   0x0800031a   0x00000000   Code   RO         3451    .ARM.Collect$$libinit$$0000002C  c_w.l(libinit2.o)
    0x0800031a   0x0800031a   0x00000000   Code   RO         3453    .ARM.Collect$$libinit$$0000002E  c_w.l(libinit2.o)
    0x0800031a   0x0800031a   0x00000000   Code   RO         3455    .ARM.Collect$$libinit$$00000030  c_w.l(libinit2.o)
    0x0800031a   0x0800031a   0x00000000   Code   RO         3457    .ARM.Collect$$libinit$$00000032  c_w.l(libinit2.o)
    0x0800031a   0x0800031a   0x00000002   Code   RO         3458    .ARM.Collect$$libinit$$00000033  c_w.l(libinit2.o)
    0x0800031c   0x0800031c   0x00000002   Code   RO         3616    .ARM.Collect$$libshutdown$$00000000  c_w.l(libshutdown.o)
    0x0800031e   0x0800031e   0x00000000   Code   RO         3572    .ARM.Collect$$libshutdown$$00000002  c_w.l(libshutdown2.o)
    0x0800031e   0x0800031e   0x00000000   Code   RO         3574    .ARM.Collect$$libshutdown$$00000004  c_w.l(libshutdown2.o)
    0x0800031e   0x0800031e   0x00000000   Code   RO         3577    .ARM.Collect$$libshutdown$$00000007  c_w.l(libshutdown2.o)
    0x0800031e   0x0800031e   0x00000000   Code   RO         3580    .ARM.Collect$$libshutdown$$0000000A  c_w.l(libshutdown2.o)
    0x0800031e   0x0800031e   0x00000000   Code   RO         3582    .ARM.Collect$$libshutdown$$0000000C  c_w.l(libshutdown2.o)
    0x0800031e   0x0800031e   0x00000000   Code   RO         3585    .ARM.Collect$$libshutdown$$0000000F  c_w.l(libshutdown2.o)
    0x0800031e   0x0800031e   0x00000002   Code   RO         3586    .ARM.Collect$$libshutdown$$00000010  c_w.l(libshutdown2.o)
    0x08000320   0x08000320   0x00000000   Code   RO         3382    .ARM.Collect$$rtentry$$00000000  c_w.l(__rtentry.o)
    0x08000320   0x08000320   0x00000000   Code   RO         3484    .ARM.Collect$$rtentry$$00000002  c_w.l(__rtentry2.o)
    0x08000320   0x08000320   0x00000006   Code   RO         3496    .ARM.Collect$$rtentry$$00000004  c_w.l(__rtentry4.o)
    0x08000326   0x08000326   0x00000000   Code   RO         3486    .ARM.Collect$$rtentry$$00000009  c_w.l(__rtentry2.o)
    0x08000326   0x08000326   0x00000004   Code   RO         3487    .ARM.Collect$$rtentry$$0000000A  c_w.l(__rtentry2.o)
    0x0800032a   0x0800032a   0x00000000   Code   RO         3489    .ARM.Collect$$rtentry$$0000000C  c_w.l(__rtentry2.o)
    0x0800032a   0x0800032a   0x00000008   Code   RO         3490    .ARM.Collect$$rtentry$$0000000D  c_w.l(__rtentry2.o)
    0x08000332   0x08000332   0x00000002   Code   RO         3559    .ARM.Collect$$rtexit$$00000000  c_w.l(rtexit.o)
    0x08000334   0x08000334   0x00000000   Code   RO         3592    .ARM.Collect$$rtexit$$00000002  c_w.l(rtexit2.o)
    0x08000334   0x08000334   0x00000004   Code   RO         3593    .ARM.Collect$$rtexit$$00000003  c_w.l(rtexit2.o)
    0x08000338   0x08000338   0x00000006   Code   RO         3594    .ARM.Collect$$rtexit$$00000004  c_w.l(rtexit2.o)
    0x0800033e   0x0800033e   0x00000002   PAD
    0x08000340   0x08000340   0x00000048   Code   RO            4    .text               startup_stm32h743xx.o
    0x08000388   0x08000388   0x0000005e   Code   RO         3296    .text               c_w.l(h1_alloc.o)
    0x080003e6   0x080003e6   0x0000004e   Code   RO         3298    .text               c_w.l(h1_free.o)
    0x08000434   0x08000434   0x000000f0   Code   RO         3354    .text               c_w.l(lludivv7m.o)
    0x08000524   0x08000524   0x0000008a   Code   RO         3358    .text               c_w.l(rt_memcpy_v6.o)
    0x080005ae   0x080005ae   0x00000064   Code   RO         3360    .text               c_w.l(rt_memcpy_w.o)
    0x08000612   0x08000612   0x00000010   Code   RO         3364    .text               c_w.l(aeabi_memset4.o)
    0x08000622   0x08000622   0x00000044   Code   RO         3366    .text               c_w.l(rt_memclr.o)
    0x08000666   0x08000666   0x0000004e   Code   RO         3368    .text               c_w.l(rt_memclr_w.o)
    0x080006b4   0x080006b4   0x00000006   Code   RO         3370    .text               c_w.l(heapauxi.o)
    0x080006ba   0x080006ba   0x00000002   PAD
    0x080006bc   0x080006bc   0x00000008   Code   RO         3390    .text               c_w.l(rt_heap_descriptor_intlibspace.o)
    0x080006c4   0x080006c4   0x00000004   Code   RO         3392    .text               c_w.l(hguard.o)
    0x080006c8   0x080006c8   0x0000008a   Code   RO         3394    .text               c_w.l(init_alloc.o)
    0x08000752   0x08000752   0x0000000e   Code   RO         3398    .text               c_w.l(h1_init.o)
    0x08000760   0x08000760   0x00000016   Code   RO         3410    .text               c_w.l(_rserrno.o)
    0x08000776   0x08000776   0x00000002   PAD
    0x08000778   0x08000778   0x00000008   Code   RO         3480    .text               c_w.l(libspace.o)
    0x08000780   0x08000780   0x00000008   Code   RO         3503    .text               c_w.l(rt_errno_addr_intlibspace.o)
    0x08000788   0x08000788   0x00000000   Code   RO         3507    .text               c_w.l(maybetermalloc1.o)
    0x08000788   0x08000788   0x00000034   Code   RO         3509    .text               c_w.l(h1_extend.o)
    0x080007bc   0x080007bc   0x0000000e   Code   RO         3513    .text               c_w.l(defsig_rtmem_outer.o)
    0x080007ca   0x080007ca   0x00000002   Code   RO         3526    .text               c_w.l(use_no_semi.o)
    0x080007cc   0x080007cc   0x00000000   Code   RO         3528    .text               c_w.l(indicate_semi.o)
    0x080007cc   0x080007cc   0x0000004a   Code   RO         3529    .text               c_w.l(sys_stackheap_outer.o)
    0x08000816   0x08000816   0x00000012   Code   RO         3535    .text               c_w.l(exit.o)
    0x08000828   0x08000828   0x0000000a   Code   RO         3537    .text               c_w.l(defsig_exit.o)
    0x08000832   0x08000832   0x00000002   PAD
    0x08000834   0x08000834   0x00000050   Code   RO         3543    .text               c_w.l(defsig_rtmem_inner.o)
    0x08000884   0x08000884   0x0000000c   Code   RO         3555    .text               c_w.l(sys_exit.o)
    0x08000890   0x08000890   0x00000032   Code   RO         3567    .text               c_w.l(defsig_general.o)
    0x080008c2   0x080008c2   0x0000000e   Code   RO         3587    .text               c_w.l(sys_wrch.o)
    0x080008d0   0x080008d0   0x00000002   Code   RO          101    .text.BusFault_Handler  stm32h7xx_it.o
    0x080008d2   0x080008d2   0x00000006   PAD
    0x080008d8   0x080008d8   0x00000004   Code   RO         3042    .text.CDC_Control_FS  usbd_cdc_if.o
    0x080008dc   0x080008dc   0x00000004   PAD
    0x080008e0   0x080008e0   0x00000004   Code   RO         3040    .text.CDC_DeInit_FS  usbd_cdc_if.o
    0x080008e4   0x080008e4   0x00000004   PAD
    0x080008e8   0x080008e8   0x0000004a   Code   RO         3038    .text.CDC_Init_FS   usbd_cdc_if.o
    0x08000932   0x08000932   0x00000006   PAD
    0x08000938   0x08000938   0x00000024   Code   RO         3044    .text.CDC_Receive_FS  usbd_cdc_if.o
    0x0800095c   0x0800095c   0x00000004   PAD
    0x08000960   0x08000960   0x00000004   Code   RO         3046    .text.CDC_TransmitCplt_FS  usbd_cdc_if.o
    0x08000964   0x08000964   0x00000004   PAD
    0x08000968   0x08000968   0x00000010   Code   RO           41    .text.ChassisControl  freertos.o
    0x08000978   0x08000978   0x0000003c   Code   RO         2301    .text.ChassisInit   test.o
    0x080009b4   0x080009b4   0x00000004   PAD
    0x080009b8   0x080009b8   0x00000002   Code   RO         2303    .text.ChassisTask   test.o
    0x080009ba   0x080009ba   0x00000006   PAD
    0x080009c0   0x080009c0   0x00000034   Code   RO         2129    .text.ClearSenderFrames  dji_motor.o
    0x080009f4   0x080009f4   0x00000004   PAD
    0x080009f8   0x080009f8   0x00000070   Code   RO         2133    .text.DJICalcNearestSingleTurnTargetDeg  dji_motor.o
    0x08000a68   0x08000a68   0x00000024   Code   RO         2149    .text.DJICopy8      dji_motor.o
    0x08000a8c   0x08000a8c   0x00000004   PAD
    0x08000a90   0x08000a90   0x00000010   Code   RO         2135    .text.DJIEcdToAngleDeg  dji_motor.o
    0x08000aa0   0x08000aa0   0x00000030   Code   RO         2147    .text.DJIGetBusDebug  dji_motor.o
    0x08000ad0   0x08000ad0   0x0000000c   Code   RO           43    .text.DJIMotor      freertos.o
    0x08000adc   0x08000adc   0x00000004   PAD
    0x08000ae0   0x08000ae0   0x0000026c   Code   RO         2127    .text.DJIMotorControl  dji_motor.o
    0x08000d4c   0x08000d4c   0x00000004   PAD
    0x08000d50   0x08000d50   0x00000028   Code   RO         2131    .text.DJIMotorControlNeedsFreshFeedback  dji_motor.o
    0x08000d78   0x08000d78   0x00000008   Code   RO         2115    .text.DJIMotorEnable  dji_motor.o
    0x08000d80   0x08000d80   0x00000210   Code   RO         2103    .text.DJIMotorInit  dji_motor.o
    0x08000f90   0x08000f90   0x00000016   Code   RO         2113    .text.DJIMotorLostCallback  dji_motor.o
    0x08000fa6   0x08000fa6   0x00000002   PAD
    0x08000fa8   0x08000fa8   0x00000030   Code   RO         2145    .text.DJINormalizeAngleDeg360  dji_motor.o
    0x08000fd8   0x08000fd8   0x0000002c   Code   RO         2143    .text.DJIRawSpeedRpmToAps  dji_motor.o
    0x08001004   0x08001004   0x00000004   PAD
    0x08001008   0x08001008   0x00000118   Code   RO         2137    .text.DJISendFrameDirect  dji_motor.o
    0x08001120   0x08001120   0x00000018   Code   RO         2040    .text.DLCNibbleToBytes  bsp_fdcan.o
    0x08001138   0x08001138   0x0000001c   Code   RO         2038    .text.DLCToBytes    bsp_fdcan.o
    0x08001154   0x08001154   0x00000004   PAD
    0x08001158   0x08001158   0x00000050   Code   RO         1969    .text.DWT_CNT_Update  bsp_dwt.o
    0x080011a8   0x080011a8   0x0000004a   Code   RO         1971    .text.DWT_GetDeltaT  bsp_dwt.o
    0x080011f2   0x080011f2   0x00000006   PAD
    0x080011f8   0x080011f8   0x0000004c   Code   RO         1979    .text.DWT_GetTimeline_ms  bsp_dwt.o
    0x08001244   0x08001244   0x00000004   PAD
    0x08001248   0x08001248   0x00000086   Code   RO         1967    .text.DWT_Init      bsp_dwt.o
    0x080012ce   0x080012ce   0x00000002   PAD
    0x080012d0   0x080012d0   0x0000009e   Code   RO         1975    .text.DWT_SysTimeUpdate  bsp_dwt.o
    0x0800136e   0x0800136e   0x00000002   PAD
    0x08001370   0x08001370   0x00000048   Code   RO         2085    .text.DaemonRegister  daemon.o
    0x080013b8   0x080013b8   0x00000006   Code   RO         2087    .text.DaemonReload  daemon.o
    0x080013be   0x080013be   0x00000002   PAD
    0x080013c0   0x080013c0   0x00000002   Code   RO          105    .text.DebugMon_Handler  stm32h7xx_it.o
    0x080013c2   0x080013c2   0x00000006   PAD
    0x080013c8   0x080013c8   0x00000294   Code   RO         2109    .text.DecodeDJIMotor  dji_motor.o
    0x0800165c   0x0800165c   0x00000004   PAD
    0x08001660   0x08001660   0x0000000a   Code   RO           17    .text.Error_Handler  main.o
    0x0800166a   0x0800166a   0x00000006   PAD
    0x08001670   0x08001670   0x0000001a   Code   RO         1954    .text.ExitRun0Mode  system_stm32h7xx.o
    0x0800168a   0x0800168a   0x00000006   PAD
    0x08001690   0x08001690   0x00000010   Code   RO          107    .text.FDCAN1_IT0_IRQHandler  stm32h7xx_it.o
    0x080016a0   0x080016a0   0x00000010   Code   RO          111    .text.FDCAN1_IT1_IRQHandler  stm32h7xx_it.o
    0x080016b0   0x080016b0   0x00000010   Code   RO          109    .text.FDCAN2_IT0_IRQHandler  stm32h7xx_it.o
    0x080016c0   0x080016c0   0x00000010   Code   RO          113    .text.FDCAN2_IT1_IRQHandler  stm32h7xx_it.o
    0x080016d0   0x080016d0   0x000000b4   Code   RO         2010    .text.FDCANAddFilter  bsp_fdcan.o
    0x08001784   0x08001784   0x00000004   PAD
    0x08001788   0x08001788   0x0000004a   Code   RO         2020    .text.FDCANDebugCopy8  bsp_fdcan.o
    0x080017d2   0x080017d2   0x00000006   PAD
    0x080017d8   0x080017d8   0x00000088   Code   RO         2012    .text.FDCANEnsureBusStarted  bsp_fdcan.o
    0x08001860   0x08001860   0x000000e0   Code   RO         2030    .text.FDCANFIFOxCallback  bsp_fdcan.o
    0x08001940   0x08001940   0x00000074   Code   RO         2034    .text.FDCANFindRxInstance  bsp_fdcan.o
    0x080019b4   0x080019b4   0x00000004   PAD
    0x080019b8   0x080019b8   0x00000020   Code   RO         2004    .text.FDCANGetBusContext  bsp_fdcan.o
    0x080019d8   0x080019d8   0x00000030   Code   RO         2016    .text.FDCANGetDebugBus  bsp_fdcan.o
    0x08001a08   0x08001a08   0x00000030   Code   RO         2006    .text.FDCANGetStdRegistry  bsp_fdcan.o
    0x08001a38   0x08001a38   0x0000000e   Code   RO         2024    .text.FDCANInstanceIsCanFd  bsp_fdcan.o
    0x08001a46   0x08001a46   0x00000002   PAD
    0x08001a48   0x08001a48   0x00000150   Code   RO         2002    .text.FDCANRegister  bsp_fdcan.o
    0x08001b98   0x08001b98   0x0000005e   Code   RO         2036    .text.FDCANResolveRxLength  bsp_fdcan.o
    0x08001bf6   0x08001bf6   0x00000002   PAD
    0x08001bf8   0x08001bf8   0x0000006a   Code   RO         2022    .text.FDCANSetDataLength  bsp_fdcan.o
    0x08001c62   0x08001c62   0x00000006   PAD
    0x08001c68   0x08001c68   0x0000002a   Code   RO         2008    .text.FDCANSyncInstanceMode  bsp_fdcan.o
    0x08001c92   0x08001c92   0x00000006   PAD
    0x08001c98   0x08001c98   0x000001c8   Code   RO         1622    .text.FDCAN_CalcultateRamBlockAddresses  stm32h7xx_hal_fdcan.o
    0x08001e60   0x08001e60   0x00000086   Code   RO         1692    .text.FDCAN_CopyMessageToRAM  stm32h7xx_hal_fdcan.o
    0x08001ee6   0x08001ee6   0x00000002   PAD
    0x08001ee8   0x08001ee8   0x00000068   Code   RO         2141    .text.FindMotorByFdcanInstance  dji_motor.o
    0x08001f50   0x08001f50   0x00000034   Code   RO         3020    .text.Get_SerialNum  usbd_desc.o
    0x08001f84   0x08001f84   0x00000004   PAD
    0x08001f88   0x08001f88   0x00000028   Code   RO         1315    .text.HAL_Delay     stm32h7xx_hal.o
    0x08001fb0   0x08001fb0   0x00000078   Code   RO         1770    .text.HAL_FDCAN_ActivateNotification  stm32h7xx_hal_fdcan.o
    0x08002028   0x08002028   0x00000066   Code   RO         1690    .text.HAL_FDCAN_AddMessageToTxFifoQ  stm32h7xx_hal_fdcan.o
    0x0800208e   0x0800208e   0x00000002   PAD
    0x08002090   0x08002090   0x00000002   Code   RO         1784    .text.HAL_FDCAN_ClockCalibrationCallback  stm32h7xx_hal_fdcan.o
    0x08002092   0x08002092   0x00000006   PAD
    0x08002098   0x08002098   0x00000088   Code   RO         1642    .text.HAL_FDCAN_ConfigFilter  stm32h7xx_hal_fdcan.o
    0x08002120   0x08002120   0x00000036   Code   RO         1644    .text.HAL_FDCAN_ConfigGlobalFilter  stm32h7xx_hal_fdcan.o
    0x08002156   0x08002156   0x00000002   PAD
    0x08002158   0x08002158   0x00000002   Code   RO         1812    .text.HAL_FDCAN_ErrorCallback  stm32h7xx_hal_fdcan.o
    0x0800215a   0x0800215a   0x00000006   PAD
    0x08002160   0x08002160   0x00000002   Code   RO         1802    .text.HAL_FDCAN_ErrorStatusCallback  stm32h7xx_hal_fdcan.o
    0x08002162   0x08002162   0x00000006   PAD
    0x08002168   0x08002168   0x00000012   Code   RO         1716    .text.HAL_FDCAN_GetRxFifoFillLevel  stm32h7xx_hal_fdcan.o
    0x0800217a   0x0800217a   0x00000006   PAD
    0x08002180   0x08002180   0x00000194   Code   RO         1702    .text.HAL_FDCAN_GetRxMessage  stm32h7xx_hal_fdcan.o
    0x08002314   0x08002314   0x00000004   PAD
    0x08002318   0x08002318   0x0000000c   Code   RO         1718    .text.HAL_FDCAN_GetTxFifoFreeLevel  stm32h7xx_hal_fdcan.o
    0x08002324   0x08002324   0x00000004   PAD
    0x08002328   0x08002328   0x00000002   Code   RO         1780    .text.HAL_FDCAN_HighPriorityMessageCallback  stm32h7xx_hal_fdcan.o
    0x0800232a   0x0800232a   0x00000006   PAD
    0x08002330   0x08002330   0x000002f2   Code   RO         1778    .text.HAL_FDCAN_IRQHandler  stm32h7xx_hal_fdcan.o
    0x08002622   0x08002622   0x00000006   PAD
    0x08002628   0x08002628   0x00000216   Code   RO         1618    .text.HAL_FDCAN_Init  stm32h7xx_hal_fdcan.o
    0x0800283e   0x0800283e   0x00000002   PAD
    0x08002840   0x08002840   0x0000014e   Code   RO           65    .text.HAL_FDCAN_MspInit  fdcan.o
    0x0800298e   0x0800298e   0x00000002   PAD
    0x08002990   0x08002990   0x00000002   Code   RO         1796    .text.HAL_FDCAN_RxBufferNewMessageCallback  stm32h7xx_hal_fdcan.o
    0x08002992   0x08002992   0x00000006   PAD
    0x08002998   0x08002998   0x00000014   Code   RO         2028    .text.HAL_FDCAN_RxFifo0Callback  bsp_fdcan.o
    0x080029ac   0x080029ac   0x00000004   PAD
    0x080029b0   0x080029b0   0x00000014   Code   RO         2032    .text.HAL_FDCAN_RxFifo1Callback  bsp_fdcan.o
    0x080029c4   0x080029c4   0x00000004   PAD
    0x080029c8   0x080029c8   0x00000032   Code   RO         1688    .text.HAL_FDCAN_Start  stm32h7xx_hal_fdcan.o
    0x080029fa   0x080029fa   0x00000006   PAD
    0x08002a00   0x08002a00   0x00000080   Code   RO         1626    .text.HAL_FDCAN_Stop  stm32h7xx_hal_fdcan.o
    0x08002a80   0x08002a80   0x00000002   Code   RO         1810    .text.HAL_FDCAN_TT_GlobalTimeCallback  stm32h7xx_hal_fdcan.o
    0x08002a82   0x08002a82   0x00000006   PAD
    0x08002a88   0x08002a88   0x00000002   Code   RO         1804    .text.HAL_FDCAN_TT_ScheduleSyncCallback  stm32h7xx_hal_fdcan.o
    0x08002a8a   0x08002a8a   0x00000006   PAD
    0x08002a90   0x08002a90   0x00000002   Code   RO         1808    .text.HAL_FDCAN_TT_StopWatchCallback  stm32h7xx_hal_fdcan.o
    0x08002a92   0x08002a92   0x00000006   PAD
    0x08002a98   0x08002a98   0x00000002   Code   RO         1806    .text.HAL_FDCAN_TT_TimeMarkCallback  stm32h7xx_hal_fdcan.o
    0x08002a9a   0x08002a9a   0x00000006   PAD
    0x08002aa0   0x08002aa0   0x00000002   Code   RO         1800    .text.HAL_FDCAN_TimeoutOccurredCallback  stm32h7xx_hal_fdcan.o
    0x08002aa2   0x08002aa2   0x00000006   PAD
    0x08002aa8   0x08002aa8   0x00000002   Code   RO         1798    .text.HAL_FDCAN_TimestampWraparoundCallback  stm32h7xx_hal_fdcan.o
    0x08002aaa   0x08002aaa   0x00000006   PAD
    0x08002ab0   0x08002ab0   0x00000002   Code   RO         1782    .text.HAL_FDCAN_TxBufferAbortCallback  stm32h7xx_hal_fdcan.o
    0x08002ab2   0x08002ab2   0x00000006   PAD
    0x08002ab8   0x08002ab8   0x00000002   Code   RO         1794    .text.HAL_FDCAN_TxBufferCompleteCallback  stm32h7xx_hal_fdcan.o
    0x08002aba   0x08002aba   0x00000006   PAD
    0x08002ac0   0x08002ac0   0x00000002   Code   RO         1786    .text.HAL_FDCAN_TxEventFifoCallback  stm32h7xx_hal_fdcan.o
    0x08002ac2   0x08002ac2   0x00000006   PAD
    0x08002ac8   0x08002ac8   0x00000002   Code   RO         1792    .text.HAL_FDCAN_TxFifoEmptyCallback  stm32h7xx_hal_fdcan.o
    0x08002aca   0x08002aca   0x00000006   PAD
    0x08002ad0   0x08002ad0   0x000001a0   Code   RO          915    .text.HAL_GPIO_Init  stm32h7xx_hal_gpio.o
    0x08002c70   0x08002c70   0x0000000a   Code   RO          921    .text.HAL_GPIO_WritePin  stm32h7xx_hal_gpio.o
    0x08002c7a   0x08002c7a   0x00000006   PAD
    0x08002c80   0x08002c80   0x0000000e   Code   RO         1323    .text.HAL_GetREVID  stm32h7xx_hal.o
    0x08002c8e   0x08002c8e   0x00000002   PAD
    0x08002c90   0x08002c90   0x0000000c   Code   RO         1307    .text.HAL_GetTick   stm32h7xx_hal.o
    0x08002c9c   0x08002c9c   0x00000004   PAD
    0x08002ca0   0x08002ca0   0x0000001a   Code   RO         1305    .text.HAL_IncTick   stm32h7xx_hal.o
    0x08002cba   0x08002cba   0x00000006   PAD
    0x08002cc0   0x08002cc0   0x00000064   Code   RO         1295    .text.HAL_Init      stm32h7xx_hal.o
    0x08002d24   0x08002d24   0x00000004   PAD
    0x08002d28   0x08002d28   0x000000a4   Code   RO          135    .text.HAL_InitTick  stm32h7xx_hal_timebase_tim.o
    0x08002dcc   0x08002dcc   0x00000004   PAD
    0x08002dd0   0x08002dd0   0x0000005e   Code   RO         1253    .text.HAL_MPU_ConfigRegion  stm32h7xx_hal_cortex.o
    0x08002e2e   0x08002e2e   0x00000002   PAD
    0x08002e30   0x08002e30   0x0000001a   Code   RO         1245    .text.HAL_MPU_Disable  stm32h7xx_hal_cortex.o
    0x08002e4a   0x08002e4a   0x00000006   PAD
    0x08002e50   0x08002e50   0x00000020   Code   RO         1247    .text.HAL_MPU_Enable  stm32h7xx_hal_cortex.o
    0x08002e70   0x08002e70   0x0000002e   Code   RO          126    .text.HAL_MspInit   stm32h7xx_hal_msp.o
    0x08002e9e   0x08002e9e   0x00000002   PAD
    0x08002ea0   0x08002ea0   0x00000008   Code   RO         1229    .text.HAL_NVIC_EnableIRQ  stm32h7xx_hal_cortex.o
    0x08002ea8   0x08002ea8   0x0000001e   Code   RO         1221    .text.HAL_NVIC_SetPriority  stm32h7xx_hal_cortex.o
    0x08002ec6   0x08002ec6   0x00000002   PAD
    0x08002ec8   0x08002ec8   0x00000008   Code   RO         1217    .text.HAL_NVIC_SetPriorityGrouping  stm32h7xx_hal_cortex.o
    0x08002ed0   0x08002ed0   0x00000026   Code   RO          586    .text.HAL_PCDEx_ActivateLPM  stm32h7xx_hal_pcd_ex.o
    0x08002ef6   0x08002ef6   0x00000002   PAD
    0x08002ef8   0x08002ef8   0x00000002   Code   RO          598    .text.HAL_PCDEx_LPM_Callback  stm32h7xx_hal_pcd_ex.o
    0x08002efa   0x08002efa   0x00000006   PAD
    0x08002f00   0x08002f00   0x00000008   Code   RO          584    .text.HAL_PCDEx_SetRxFiFo  stm32h7xx_hal_pcd_ex.o
    0x08002f08   0x08002f08   0x00000050   Code   RO          582    .text.HAL_PCDEx_SetTxFiFo  stm32h7xx_hal_pcd_ex.o
    0x08002f58   0x08002f58   0x0000000c   Code   RO         3083    .text.HAL_PCD_ConnectCallback  usbd_conf.o
    0x08002f64   0x08002f64   0x00000004   PAD
    0x08002f68   0x08002f68   0x00000016   Code   RO         3069    .text.HAL_PCD_DataInStageCallback  usbd_conf.o
    0x08002f7e   0x08002f7e   0x00000002   PAD
    0x08002f80   0x08002f80   0x00000018   Code   RO         3067    .text.HAL_PCD_DataOutStageCallback  usbd_conf.o
    0x08002f98   0x08002f98   0x0000000c   Code   RO         3085    .text.HAL_PCD_DisconnectCallback  usbd_conf.o
    0x08002fa4   0x08002fa4   0x00000004   PAD
    0x08002fa8   0x08002fa8   0x00000024   Code   RO          534    .text.HAL_PCD_EP_Abort  stm32h7xx_hal_pcd.o
    0x08002fcc   0x08002fcc   0x00000004   PAD
    0x08002fd0   0x08002fd0   0x0000004a   Code   RO          552    .text.HAL_PCD_EP_Close  stm32h7xx_hal_pcd.o
    0x0800301a   0x0800301a   0x00000006   PAD
    0x08003020   0x08003020   0x00000060   Code   RO          562    .text.HAL_PCD_EP_ClrStall  stm32h7xx_hal_pcd.o
    0x08003080   0x08003080   0x00000012   Code   RO          556    .text.HAL_PCD_EP_GetRxCount  stm32h7xx_hal_pcd.o
    0x08003092   0x08003092   0x00000006   PAD
    0x08003098   0x08003098   0x00000064   Code   RO          550    .text.HAL_PCD_EP_Open  stm32h7xx_hal_pcd.o
    0x080030fc   0x080030fc   0x00000004   PAD
    0x08003100   0x08003100   0x0000003a   Code   RO          554    .text.HAL_PCD_EP_Receive  stm32h7xx_hal_pcd.o
    0x0800313a   0x0800313a   0x00000006   PAD
    0x08003140   0x08003140   0x0000006c   Code   RO          560    .text.HAL_PCD_EP_SetStall  stm32h7xx_hal_pcd.o
    0x080031ac   0x080031ac   0x00000004   PAD
    0x080031b0   0x080031b0   0x0000003e   Code   RO          558    .text.HAL_PCD_EP_Transmit  stm32h7xx_hal_pcd.o
    0x080031ee   0x080031ee   0x00000002   PAD
    0x080031f0   0x080031f0   0x00000632   Code   RO          512    .text.HAL_PCD_IRQHandler  stm32h7xx_hal_pcd.o
    0x08003822   0x08003822   0x00000006   PAD
    0x08003828   0x08003828   0x0000000c   Code   RO         3081    .text.HAL_PCD_ISOINIncompleteCallback  usbd_conf.o
    0x08003834   0x08003834   0x00000004   PAD
    0x08003838   0x08003838   0x0000000c   Code   RO         3079    .text.HAL_PCD_ISOOUTIncompleteCallback  usbd_conf.o
    0x08003844   0x08003844   0x00000004   PAD
    0x08003848   0x08003848   0x00000108   Code   RO          500    .text.HAL_PCD_Init  stm32h7xx_hal_pcd.o
    0x08003950   0x08003950   0x000000be   Code   RO         3061    .text.HAL_PCD_MspInit  usbd_conf.o
    0x08003a0e   0x08003a0e   0x00000002   PAD
    0x08003a10   0x08003a10   0x00000028   Code   RO         3073    .text.HAL_PCD_ResetCallback  usbd_conf.o
    0x08003a38   0x08003a38   0x0000000c   Code   RO         3077    .text.HAL_PCD_ResumeCallback  usbd_conf.o
    0x08003a44   0x08003a44   0x00000004   PAD
    0x08003a48   0x08003a48   0x0000000c   Code   RO         3071    .text.HAL_PCD_SOFCallback  usbd_conf.o
    0x08003a54   0x08003a54   0x00000004   PAD
    0x08003a58   0x08003a58   0x00000026   Code   RO          548    .text.HAL_PCD_SetAddress  stm32h7xx_hal_pcd.o
    0x08003a7e   0x08003a7e   0x00000002   PAD
    0x08003a80   0x08003a80   0x00000012   Code   RO         3065    .text.HAL_PCD_SetupStageCallback  usbd_conf.o
    0x08003a92   0x08003a92   0x00000006   PAD
    0x08003a98   0x08003a98   0x0000003e   Code   RO          508    .text.HAL_PCD_Start  stm32h7xx_hal_pcd.o
    0x08003ad6   0x08003ad6   0x00000002   PAD
    0x08003ad8   0x08003ad8   0x00000034   Code   RO         3075    .text.HAL_PCD_SuspendCallback  usbd_conf.o
    0x08003b0c   0x08003b0c   0x00000004   PAD
    0x08003b10   0x08003b10   0x00000048   Code   RO         1129    .text.HAL_PWREx_ConfigSupply  stm32h7xx_hal_pwr_ex.o
    0x08003b58   0x08003b58   0x00000012   Code   RO         1183    .text.HAL_PWREx_EnableUSBVoltageDetector  stm32h7xx_hal_pwr_ex.o
    0x08003b6a   0x08003b6a   0x00000006   PAD
    0x08003b70   0x08003b70   0x00000a10   Code   RO          750    .text.HAL_RCCEx_PeriphCLKConfig  stm32h7xx_hal_rcc_ex.o
    0x08004580   0x08004580   0x00000254   Code   RO          718    .text.HAL_RCC_ClockConfig  stm32h7xx_hal_rcc.o
    0x080047d4   0x080047d4   0x00000004   PAD
    0x080047d8   0x080047d8   0x00000058   Code   RO          736    .text.HAL_RCC_GetClockConfig  stm32h7xx_hal_rcc.o
    0x08004830   0x08004830   0x0000004c   Code   RO          728    .text.HAL_RCC_GetHCLKFreq  stm32h7xx_hal_rcc.o
    0x0800487c   0x0800487c   0x00000004   PAD
    0x08004880   0x08004880   0x00000026   Code   RO          730    .text.HAL_RCC_GetPCLK1Freq  stm32h7xx_hal_rcc.o
    0x080048a6   0x080048a6   0x00000002   PAD
    0x080048a8   0x080048a8   0x00000108   Code   RO          720    .text.HAL_RCC_GetSysClockFreq  stm32h7xx_hal_rcc.o
    0x080049b0   0x080049b0   0x00000686   Code   RO          716    .text.HAL_RCC_OscConfig  stm32h7xx_hal_rcc.o
    0x08005036   0x08005036   0x00000002   PAD
    0x08005038   0x08005038   0x00000188   Code   RO         1828    .text.HAL_SPI_Init  stm32h7xx_hal_spi.o
    0x080051c0   0x080051c0   0x00000090   Code   RO           82    .text.HAL_SPI_MspInit  spi.o
    0x08005250   0x08005250   0x00000014   Code   RO         1345    .text.HAL_SYSCFG_AnalogSwitchConfig  stm32h7xx_hal.o
    0x08005264   0x08005264   0x00000004   PAD
    0x08005268   0x08005268   0x00000002   Code   RO          486    .text.HAL_TIMEx_Break2Callback  stm32h7xx_hal_tim_ex.o
    0x0800526a   0x0800526a   0x00000006   PAD
    0x08005270   0x08005270   0x00000002   Code   RO          484    .text.HAL_TIMEx_BreakCallback  stm32h7xx_hal_tim_ex.o
    0x08005272   0x08005272   0x00000006   PAD
    0x08005278   0x08005278   0x00000002   Code   RO          480    .text.HAL_TIMEx_CommutCallback  stm32h7xx_hal_tim_ex.o
    0x0800527a   0x0800527a   0x00000006   PAD
    0x08005280   0x08005280   0x00000060   Code   RO          150    .text.HAL_TIM_Base_Init  stm32h7xx_hal_tim.o
    0x080052e0   0x080052e0   0x00000002   Code   RO          152    .text.HAL_TIM_Base_MspInit  stm32h7xx_hal_tim.o
    0x080052e2   0x080052e2   0x00000006   PAD
    0x080052e8   0x080052e8   0x000000b2   Code   RO          164    .text.HAL_TIM_Base_Start_IT  stm32h7xx_hal_tim.o
    0x0800539a   0x0800539a   0x00000006   PAD
    0x080053a0   0x080053a0   0x00000002   Code   RO          286    .text.HAL_TIM_IC_CaptureCallback  stm32h7xx_hal_tim.o
    0x080053a2   0x080053a2   0x00000006   PAD
    0x080053a8   0x080053a8   0x0000015a   Code   RO          284    .text.HAL_TIM_IRQHandler  stm32h7xx_hal_tim.o
    0x08005502   0x08005502   0x00000006   PAD
    0x08005508   0x08005508   0x00000002   Code   RO          288    .text.HAL_TIM_OC_DelayElapsedCallback  stm32h7xx_hal_tim.o
    0x0800550a   0x0800550a   0x00000006   PAD
    0x08005510   0x08005510   0x00000002   Code   RO          290    .text.HAL_TIM_PWM_PulseFinishedCallback  stm32h7xx_hal_tim.o
    0x08005512   0x08005512   0x00000006   PAD
    0x08005518   0x08005518   0x00000018   Code   RO           19    .text.HAL_TIM_PeriodElapsedCallback  main.o
    0x08005530   0x08005530   0x00000002   Code   RO          294    .text.HAL_TIM_TriggerCallback  stm32h7xx_hal_tim.o
    0x08005532   0x08005532   0x00000006   PAD
    0x08005538   0x08005538   0x00000002   Code   RO           97    .text.HardFault_Handler  stm32h7xx_it.o
    0x0800553a   0x0800553a   0x00000006   PAD
    0x08005540   0x08005540   0x00000056   Code   RO         2105    .text.InitSenderInstances  dji_motor.o
    0x08005596   0x08005596   0x00000002   PAD
    0x08005598   0x08005598   0x00000036   Code   RO         3022    .text.IntToUnicode  usbd_desc.o
    0x080055ce   0x080055ce   0x00000002   PAD
    0x080055d0   0x080055d0   0x0000003a   Code   RO           13    .text.MPU_Config    main.o
    0x0800560a   0x0800560a   0x00000006   PAD
    0x08005610   0x08005610   0x00000074   Code   RO           61    .text.MX_FDCAN1_Init  fdcan.o
    0x08005684   0x08005684   0x00000004   PAD
    0x08005688   0x08005688   0x00000078   Code   RO           63    .text.MX_FDCAN2_Init  fdcan.o
    0x08005700   0x08005700   0x00000064   Code   RO           39    .text.MX_FREERTOS_Init  freertos.o
    0x08005764   0x08005764   0x00000004   PAD
    0x08005768   0x08005768   0x000000d0   Code   RO           30    .text.MX_GPIO_Init  gpio.o
    0x08005838   0x08005838   0x00000056   Code   RO           80    .text.MX_SPI1_Init  spi.o
    0x0800588e   0x0800588e   0x00000002   PAD
    0x08005890   0x08005890   0x0000006a   Code   RO         2997    .text.MX_USB_DEVICE_Init  usb_device.o
    0x080058fa   0x080058fa   0x00000006   PAD
    0x08005900   0x08005900   0x00000002   Code   RO           99    .text.MemManage_Handler  stm32h7xx_it.o
    0x08005902   0x08005902   0x00000006   PAD
    0x08005908   0x08005908   0x0000016c   Code   RO         2107    .text.MotorSenderGrouping  dji_motor.o
    0x08005a74   0x08005a74   0x00000004   PAD
    0x08005a78   0x08005a78   0x00000002   Code   RO           95    .text.NMI_Handler   stm32h7xx_it.o
    0x08005a7a   0x08005a7a   0x00000006   PAD
    0x08005a80   0x08005a80   0x0000002e   Code   RO         1227    .text.NVIC_EncodePriority  stm32h7xx_hal_cortex.o
    0x08005aae   0x08005aae   0x00000002   PAD
    0x08005ab0   0x08005ab0   0x00000010   Code   RO          117    .text.OTG_FS_IRQHandler  stm32h7xx_it.o
    0x08005ac0   0x08005ac0   0x0000004c   Code   RO          516    .text.PCD_EP_OutSetupPacket_int  stm32h7xx_hal_pcd.o
    0x08005b0c   0x08005b0c   0x00000004   PAD
    0x08005b10   0x08005b10   0x000000d8   Code   RO          514    .text.PCD_EP_OutXfrComplete_int  stm32h7xx_hal_pcd.o
    0x08005be8   0x08005be8   0x000000c8   Code   RO          524    .text.PCD_WriteEmptyTxFifo  stm32h7xx_hal_pcd.o
    0x08005cb0   0x08005cb0   0x0000011e   Code   RO         2059    .text.PIDCalculate  controller.o
    0x08005dce   0x08005dce   0x00000002   PAD
    0x08005dd0   0x08005dd0   0x00000036   Code   RO         2057    .text.PIDInit       controller.o
    0x08005e06   0x08005e06   0x0000000a   PAD
    0x08005e10   0x08005e10   0x00000064   Code   RO         2340    .text.PendSV_Handler  port.o
    0x08005e74   0x08005e74   0x00000004   PAD
    0x08005e78   0x08005e78   0x0000011e   Code   RO          752    .text.RCCEx_PLL2_Config  stm32h7xx_hal_rcc_ex.o
    0x08005f96   0x08005f96   0x00000002   PAD
    0x08005f98   0x08005f98   0x0000011e   Code   RO          754    .text.RCCEx_PLL3_Config  stm32h7xx_hal_rcc_ex.o
    0x080060b6   0x080060b6   0x00000002   PAD
    0x080060b8   0x080060b8   0x0000001a   Code   RO         2111    .text.RefreshMotorFdcanBinding  dji_motor.o
    0x080060d2   0x080060d2   0x00000006   PAD
    0x080060d8   0x080060d8   0x0000002c   Code   RO         2139    .text.RegisterSenderInstance  dji_motor.o
    0x08006104   0x08006104   0x00000004   PAD
    0x08006108   0x08006108   0x00000012   Code   RO         1830    .text.SPI_GetPacketSize  stm32h7xx_hal_spi.o
    0x0800611a   0x0800611a   0x00000006   PAD
    0x08006120   0x08006120   0x00000024   Code   RO         2324    .text.SVC_Handler   port.o
    0x08006144   0x08006144   0x00000004   PAD
    0x08006148   0x08006148   0x00000008   Code   RO         2795    .text.SVC_Setup     cmsis_os2.o
    0x08006150   0x08006150   0x00000004   Code   RO         3213    .text.SWAPBYTE      usbd_ctlreq.o
    0x08006154   0x08006154   0x00000004   PAD
    0x08006158   0x08006158   0x0000001c   Code   RO         2785    .text.SysTick_Handler  cmsis_os2.o
    0x08006174   0x08006174   0x00000004   PAD
    0x08006178   0x08006178   0x000000ba   Code   RO           15    .text.SystemClock_Config  main.o
    0x08006232   0x08006232   0x00000006   PAD
    0x08006238   0x08006238   0x000000ee   Code   RO         1950    .text.SystemInit    system_stm32h7xx.o
    0x08006326   0x08006326   0x00000002   PAD
    0x08006328   0x08006328   0x00000010   Code   RO          115    .text.TIM7_IRQHandler  stm32h7xx_it.o
    0x08006338   0x08006338   0x00000140   Code   RO          154    .text.TIM_Base_SetConfig  stm32h7xx_hal_tim.o
    0x08006478   0x08006478   0x00000072   Code   RO         3258    .text.USBD_CDC_DataIn  usbd_cdc.o
    0x080064ea   0x080064ea   0x00000006   PAD
    0x080064f0   0x080064f0   0x0000003c   Code   RO         3260    .text.USBD_CDC_DataOut  usbd_cdc.o
    0x0800652c   0x0800652c   0x00000004   PAD
    0x08006530   0x08006530   0x0000005a   Code   RO         3252    .text.USBD_CDC_DeInit  usbd_cdc.o
    0x0800658a   0x0800658a   0x00000006   PAD
    0x08006590   0x08006590   0x0000003a   Code   RO         3256    .text.USBD_CDC_EP0_RxReady  usbd_cdc.o
    0x080065ca   0x080065ca   0x00000006   PAD
    0x080065d0   0x080065d0   0x00000010   Code   RO         3268    .text.USBD_CDC_GetDeviceQualifierDescriptor  usbd_cdc.o
    0x080065e0   0x080065e0   0x00000052   Code   RO         3264    .text.USBD_CDC_GetFSCfgDesc  usbd_cdc.o
    0x08006632   0x08006632   0x00000006   PAD
    0x08006638   0x08006638   0x00000056   Code   RO         3262    .text.USBD_CDC_GetHSCfgDesc  usbd_cdc.o
    0x0800668e   0x0800668e   0x00000002   PAD
    0x08006690   0x08006690   0x00000052   Code   RO         3266    .text.USBD_CDC_GetOtherSpeedCfgDesc  usbd_cdc.o
    0x080066e2   0x080066e2   0x00000006   PAD
    0x080066e8   0x080066e8   0x000000d6   Code   RO         3250    .text.USBD_CDC_Init  usbd_cdc.o
    0x080067be   0x080067be   0x00000002   PAD
    0x080067c0   0x080067c0   0x00000030   Code   RO         3278    .text.USBD_CDC_ReceivePacket  usbd_cdc.o
    0x080067f0   0x080067f0   0x00000016   Code   RO         3270    .text.USBD_CDC_RegisterInterface  usbd_cdc.o
    0x08006806   0x08006806   0x00000002   PAD
    0x08006808   0x08006808   0x0000001a   Code   RO         3274    .text.USBD_CDC_SetRxBuffer  usbd_cdc.o
    0x08006822   0x08006822   0x00000006   PAD
    0x08006828   0x08006828   0x0000001e   Code   RO         3272    .text.USBD_CDC_SetTxBuffer  usbd_cdc.o
    0x08006846   0x08006846   0x00000002   PAD
    0x08006848   0x08006848   0x0000011a   Code   RO         3254    .text.USBD_CDC_Setup  usbd_cdc.o
    0x08006962   0x08006962   0x00000006   PAD
    0x08006968   0x08006968   0x00000012   Code   RO         3147    .text.USBD_ClrClassConfig  usbd_core.o
    0x0800697a   0x0800697a   0x00000006   PAD
    0x08006980   0x08006980   0x00000026   Code   RO         3203    .text.USBD_ClrFeature  usbd_ctlreq.o
    0x080069a6   0x080069a6   0x00000002   PAD
    0x080069a8   0x080069a8   0x00000004   Code   RO         3155    .text.USBD_CoreFindEP  usbd_core.o
    0x080069ac   0x080069ac   0x00000004   PAD
    0x080069b0   0x080069b0   0x00000004   Code   RO         3153    .text.USBD_CoreFindIF  usbd_core.o
    0x080069b4   0x080069b4   0x00000004   PAD
    0x080069b8   0x080069b8   0x00000010   Code   RO         3234    .text.USBD_CtlContinueRx  usbd_ioreq.o
    0x080069c8   0x080069c8   0x00000010   Code   RO         3230    .text.USBD_CtlContinueSendData  usbd_ioreq.o
    0x080069d8   0x080069d8   0x00000014   Code   RO         3205    .text.USBD_CtlError  usbd_ctlreq.o
    0x080069ec   0x080069ec   0x00000004   PAD
    0x080069f0   0x080069f0   0x0000001e   Code   RO         3232    .text.USBD_CtlPrepareRx  usbd_ioreq.o
    0x08006a0e   0x08006a0e   0x00000002   PAD
    0x08006a10   0x08006a10   0x00000016   Code   RO         3238    .text.USBD_CtlReceiveStatus  usbd_ioreq.o
    0x08006a26   0x08006a26   0x00000002   PAD
    0x08006a28   0x08006a28   0x0000001a   Code   RO         3228    .text.USBD_CtlSendData  usbd_ioreq.o
    0x08006a42   0x08006a42   0x00000006   PAD
    0x08006a48   0x08006a48   0x00000016   Code   RO         3236    .text.USBD_CtlSendStatus  usbd_ioreq.o
    0x08006a5e   0x08006a5e   0x00000002   PAD
    0x08006a60   0x08006a60   0x00000024   Code   RO         3016    .text.USBD_FS_ConfigStrDescriptor  usbd_desc.o
    0x08006a84   0x08006a84   0x00000004   PAD
    0x08006a88   0x08006a88   0x0000000e   Code   RO         3006    .text.USBD_FS_DeviceDescriptor  usbd_desc.o
    0x08006a96   0x08006a96   0x00000002   PAD
    0x08006a98   0x08006a98   0x00000028   Code   RO         3018    .text.USBD_FS_InterfaceStrDescriptor  usbd_desc.o
    0x08006ac0   0x08006ac0   0x0000000e   Code   RO         3008    .text.USBD_FS_LangIDStrDescriptor  usbd_desc.o
    0x08006ace   0x08006ace   0x00000002   PAD
    0x08006ad0   0x08006ad0   0x0000002c   Code   RO         3010    .text.USBD_FS_ManufacturerStrDescriptor  usbd_desc.o
    0x08006afc   0x08006afc   0x00000004   PAD
    0x08006b00   0x08006b00   0x00000030   Code   RO         3012    .text.USBD_FS_ProductStrDescriptor  usbd_desc.o
    0x08006b30   0x08006b30   0x00000014   Code   RO         3014    .text.USBD_FS_SerialStrDescriptor  usbd_desc.o
    0x08006b44   0x08006b44   0x00000004   PAD
    0x08006b48   0x08006b48   0x00000030   Code   RO         3197    .text.USBD_GetConfig  usbd_ctlreq.o
    0x08006b78   0x08006b78   0x00000118   Code   RO         3191    .text.USBD_GetDescriptor  usbd_ctlreq.o
    0x08006c90   0x08006c90   0x0000004a   Code   RO         3177    .text.USBD_GetEpDesc  usbd_core.o
    0x08006cda   0x08006cda   0x00000006   PAD
    0x08006ce0   0x08006ce0   0x0000001c   Code   RO         3217    .text.USBD_GetLen   usbd_ctlreq.o
    0x08006cfc   0x08006cfc   0x00000004   PAD
    0x08006d00   0x08006d00   0x0000000c   Code   RO         3179    .text.USBD_GetNextDesc  usbd_core.o
    0x08006d0c   0x08006d0c   0x00000004   PAD
    0x08006d10   0x08006d10   0x00000032   Code   RO         3199    .text.USBD_GetStatus  usbd_ctlreq.o
    0x08006d42   0x08006d42   0x00000006   PAD
    0x08006d48   0x08006d48   0x00000042   Code   RO         3215    .text.USBD_GetString  usbd_ctlreq.o
    0x08006d8a   0x08006d8a   0x00000006   PAD
    0x08006d90   0x08006d90   0x0000001a   Code   RO         3091    .text.USBD_Get_USB_Status  usbd_conf.o
    0x08006daa   0x08006daa   0x00000006   PAD
    0x08006db0   0x08006db0   0x0000002c   Code   RO         3133    .text.USBD_Init     usbd_core.o
    0x08006ddc   0x08006ddc   0x00000004   PAD
    0x08006de0   0x08006de0   0x00000010   Code   RO         3105    .text.USBD_LL_ClearStallEP  usbd_conf.o
    0x08006df0   0x08006df0   0x00000010   Code   RO         3099    .text.USBD_LL_CloseEP  usbd_conf.o
    0x08006e00   0x08006e00   0x000000b0   Code   RO         3157    .text.USBD_LL_DataInStage  usbd_core.o
    0x08006eb0   0x08006eb0   0x00000078   Code   RO         3151    .text.USBD_LL_DataOutStage  usbd_core.o
    0x08006f28   0x08006f28   0x00000004   Code   RO         3173    .text.USBD_LL_DevConnected  usbd_core.o
    0x08006f2c   0x08006f2c   0x00000004   PAD
    0x08006f30   0x08006f30   0x00000020   Code   RO         3175    .text.USBD_LL_DevDisconnected  usbd_core.o
    0x08006f50   0x08006f50   0x0000000c   Code   RO         3115    .text.USBD_LL_GetRxDataSize  usbd_conf.o
    0x08006f5c   0x08006f5c   0x00000004   PAD
    0x08006f60   0x08006f60   0x0000006c   Code   RO         3087    .text.USBD_LL_Init  usbd_conf.o
    0x08006fcc   0x08006fcc   0x00000004   PAD
    0x08006fd0   0x08006fd0   0x00000020   Code   RO         3107    .text.USBD_LL_IsStallEP  usbd_conf.o
    0x08006ff0   0x08006ff0   0x00000026   Code   RO         3169    .text.USBD_LL_IsoINIncomplete  usbd_core.o
    0x08007016   0x08007016   0x00000002   PAD
    0x08007018   0x08007018   0x00000026   Code   RO         3171    .text.USBD_LL_IsoOUTIncomplete  usbd_core.o
    0x0800703e   0x0800703e   0x00000002   PAD
    0x08007040   0x08007040   0x00000016   Code   RO         3097    .text.USBD_LL_OpenEP  usbd_conf.o
    0x08007056   0x08007056   0x00000002   PAD
    0x08007058   0x08007058   0x00000010   Code   RO         3113    .text.USBD_LL_PrepareReceive  usbd_conf.o
    0x08007068   0x08007068   0x00000064   Code   RO         3159    .text.USBD_LL_Reset  usbd_core.o
    0x080070cc   0x080070cc   0x00000004   PAD
    0x080070d0   0x080070d0   0x00000014   Code   RO         3165    .text.USBD_LL_Resume  usbd_core.o
    0x080070e4   0x080070e4   0x00000004   PAD
    0x080070e8   0x080070e8   0x0000001a   Code   RO         3167    .text.USBD_LL_SOF   usbd_core.o
    0x08007102   0x08007102   0x00000006   PAD
    0x08007108   0x08007108   0x00000008   Code   RO         3161    .text.USBD_LL_SetSpeed  usbd_core.o
    0x08007110   0x08007110   0x00000010   Code   RO         3109    .text.USBD_LL_SetUSBAddress  usbd_conf.o
    0x08007120   0x08007120   0x00000058   Code   RO         3149    .text.USBD_LL_SetupStage  usbd_core.o
    0x08007178   0x08007178   0x00000010   Code   RO         3103    .text.USBD_LL_StallEP  usbd_conf.o
    0x08007188   0x08007188   0x00000010   Code   RO         3093    .text.USBD_LL_Start  usbd_conf.o
    0x08007198   0x08007198   0x0000001c   Code   RO         3163    .text.USBD_LL_Suspend  usbd_core.o
    0x080071b4   0x080071b4   0x00000004   PAD
    0x080071b8   0x080071b8   0x00000010   Code   RO         3111    .text.USBD_LL_Transmit  usbd_conf.o
    0x080071c8   0x080071c8   0x00000028   Code   RO         3211    .text.USBD_ParseSetupRequest  usbd_ctlreq.o
    0x080071f0   0x080071f0   0x00000044   Code   RO         3137    .text.USBD_RegisterClass  usbd_core.o
    0x08007234   0x08007234   0x00000004   PAD
    0x08007238   0x08007238   0x00000046   Code   RO         3193    .text.USBD_SetAddress  usbd_ctlreq.o
    0x0800727e   0x0800727e   0x00000002   PAD
    0x08007280   0x08007280   0x00000012   Code   RO         3145    .text.USBD_SetClassConfig  usbd_core.o
    0x08007292   0x08007292   0x00000006   PAD
    0x08007298   0x08007298   0x000000b8   Code   RO         3195    .text.USBD_SetConfig  usbd_ctlreq.o
    0x08007350   0x08007350   0x0000002a   Code   RO         3201    .text.USBD_SetFeature  usbd_ctlreq.o
    0x0800737a   0x0800737a   0x00000006   PAD
    0x08007380   0x08007380   0x00000008   Code   RO         3139    .text.USBD_Start    usbd_core.o
    0x08007388   0x08007388   0x00000076   Code   RO         3189    .text.USBD_StdDevReq  usbd_ctlreq.o
    0x080073fe   0x080073fe   0x00000002   PAD
    0x08007400   0x08007400   0x00000184   Code   RO         3209    .text.USBD_StdEPReq  usbd_ctlreq.o
    0x08007584   0x08007584   0x00000004   PAD
    0x08007588   0x08007588   0x0000007c   Code   RO         3207    .text.USBD_StdItfReq  usbd_ctlreq.o
    0x08007604   0x08007604   0x00000004   PAD
    0x08007608   0x08007608   0x00000002   Code   RO         3119    .text.USBD_static_free  usbd_conf.o
    0x0800760a   0x0800760a   0x00000006   PAD
    0x08007610   0x08007610   0x0000000a   Code   RO         3117    .text.USBD_static_malloc  usbd_conf.o
    0x0800761a   0x0800761a   0x00000006   PAD
    0x08007620   0x08007620   0x00000094   Code   RO          632    .text.USB_ActivateEndpoint  stm32h7xx_ll_usb.o
    0x080076b4   0x080076b4   0x00000004   PAD
    0x080076b8   0x080076b8   0x00000020   Code   RO          674    .text.USB_ActivateSetup  stm32h7xx_ll_usb.o
    0x080076d8   0x080076d8   0x0000009a   Code   RO          608    .text.USB_CoreInit  stm32h7xx_ll_usb.o
    0x08007772   0x08007772   0x00000006   PAD
    0x08007778   0x08007778   0x0000004c   Code   RO          610    .text.USB_CoreReset  stm32h7xx_ll_usb.o
    0x080077c4   0x080077c4   0x00000004   PAD
    0x080077c8   0x080077c8   0x0000008e   Code   RO          636    .text.USB_DeactivateEndpoint  stm32h7xx_ll_usb.o
    0x08007856   0x08007856   0x00000002   PAD
    0x08007858   0x08007858   0x0000001e   Code   RO          656    .text.USB_DevConnect  stm32h7xx_ll_usb.o
    0x08007876   0x08007876   0x00000002   PAD
    0x08007878   0x08007878   0x0000001e   Code   RO          658    .text.USB_DevDisconnect  stm32h7xx_ll_usb.o
    0x08007896   0x08007896   0x00000002   PAD
    0x08007898   0x08007898   0x00000166   Code   RO          622    .text.USB_DevInit   stm32h7xx_ll_usb.o
    0x080079fe   0x080079fe   0x00000002   PAD
    0x08007a00   0x08007a00   0x0000000e   Code   RO          616    .text.USB_DisableGlobalInt  stm32h7xx_ll_usb.o
    0x08007a0e   0x08007a0e   0x00000002   PAD
    0x08007a10   0x08007a10   0x0000005a   Code   RO          676    .text.USB_EP0_OutStart  stm32h7xx_ll_usb.o
    0x08007a6a   0x08007a6a   0x00000006   PAD
    0x08007a70   0x08007a70   0x00000050   Code   RO          650    .text.USB_EPClearStall  stm32h7xx_ll_usb.o
    0x08007ac0   0x08007ac0   0x0000004a   Code   RO          648    .text.USB_EPSetStall  stm32h7xx_ll_usb.o
    0x08007b0a   0x08007b0a   0x00000006   PAD
    0x08007b10   0x08007b10   0x000001e2   Code   RO          640    .text.USB_EPStartXfer  stm32h7xx_ll_usb.o
    0x08007cf2   0x08007cf2   0x00000006   PAD
    0x08007cf8   0x08007cf8   0x00000086   Code   RO          644    .text.USB_EPStopXfer  stm32h7xx_ll_usb.o
    0x08007d7e   0x08007d7e   0x00000002   PAD
    0x08007d80   0x08007d80   0x0000000e   Code   RO          614    .text.USB_EnableGlobalInt  stm32h7xx_ll_usb.o
    0x08007d8e   0x08007d8e   0x00000002   PAD
    0x08007d90   0x08007d90   0x00000048   Code   RO          628    .text.USB_FlushRxFifo  stm32h7xx_ll_usb.o
    0x08007dd8   0x08007dd8   0x00000048   Code   RO          626    .text.USB_FlushTxFifo  stm32h7xx_ll_usb.o
    0x08007e20   0x08007e20   0x0000001a   Code   RO          630    .text.USB_GetDevSpeed  stm32h7xx_ll_usb.o
    0x08007e3a   0x08007e3a   0x00000006   PAD
    0x08007e40   0x08007e40   0x00000008   Code   RO          620    .text.USB_GetMode   stm32h7xx_ll_usb.o
    0x08007e48   0x08007e48   0x00000080   Code   RO         2201    .text.USB_Init      usb.o
    0x08007ec8   0x08007ec8   0x0000002c   Code   RO         2213    .text.USB_ProcessTask  usb.o
    0x08007ef4   0x08007ef4   0x00000004   PAD
    0x08007ef8   0x08007ef8   0x0000000e   Code   RO          666    .text.USB_ReadDevAllInEpInterrupt  stm32h7xx_ll_usb.o
    0x08007f06   0x08007f06   0x00000002   PAD
    0x08007f08   0x08007f08   0x0000000e   Code   RO          664    .text.USB_ReadDevAllOutEpInterrupt  stm32h7xx_ll_usb.o
    0x08007f16   0x08007f16   0x00000002   PAD
    0x08007f18   0x08007f18   0x00000024   Code   RO          670    .text.USB_ReadDevInEPInterrupt  stm32h7xx_ll_usb.o
    0x08007f3c   0x08007f3c   0x00000004   PAD
    0x08007f40   0x08007f40   0x00000010   Code   RO          668    .text.USB_ReadDevOutEPInterrupt  stm32h7xx_ll_usb.o
    0x08007f50   0x08007f50   0x00000008   Code   RO          660    .text.USB_ReadInterrupts  stm32h7xx_ll_usb.o
    0x08007f58   0x08007f58   0x0000004e   Code   RO          646    .text.USB_ReadPacket  stm32h7xx_ll_usb.o
    0x08007fa6   0x08007fa6   0x00000002   PAD
    0x08007fa8   0x08007fa8   0x00000054   Code   RO         2211    .text.USB_ReadRingBuffer  usb.o
    0x08007ffc   0x08007ffc   0x00000004   PAD
    0x08008000   0x08008000   0x00000054   Code   RO         2205    .text.USB_RxHandler  usb.o
    0x08008054   0x08008054   0x00000004   PAD
    0x08008058   0x08008058   0x00000068   Code   RO          618    .text.USB_SetCurrentMode  stm32h7xx_ll_usb.o
    0x080080c0   0x080080c0   0x00000022   Code   RO          654    .text.USB_SetDevAddress  stm32h7xx_ll_usb.o
    0x080080e2   0x080080e2   0x00000006   PAD
    0x080080e8   0x080080e8   0x00000010   Code   RO          624    .text.USB_SetDevSpeed  stm32h7xx_ll_usb.o
    0x080080f8   0x080080f8   0x00000116   Code   RO          612    .text.USB_SetTurnaroundTime  stm32h7xx_ll_usb.o
    0x0800820e   0x0800820e   0x00000002   PAD
    0x08008210   0x08008210   0x00000034   Code   RO          642    .text.USB_WritePacket  stm32h7xx_ll_usb.o
    0x08008244   0x08008244   0x00000004   PAD
    0x08008248   0x08008248   0x00000002   Code   RO          103    .text.UsageFault_Handler  stm32h7xx_it.o
    0x0800824a   0x0800824a   0x00000006   PAD
    0x08008250   0x08008250   0x0000000c   Code   RO           45    .text.Usb_Task      freertos.o
    0x0800825c   0x0800825c   0x00000004   PAD
    0x08008260   0x08008260   0x00000020   Code   RO         1231    .text.__NVIC_EnableIRQ  stm32h7xx_hal_cortex.o
    0x08008280   0x08008280   0x00000010   Code   RO         1223    .text.__NVIC_GetPriorityGrouping  stm32h7xx_hal_cortex.o
    0x08008290   0x08008290   0x00000022   Code   RO         1225    .text.__NVIC_SetPriority  stm32h7xx_hal_cortex.o
    0x080082b2   0x080082b2   0x00000006   PAD
    0x080082b8   0x080082b8   0x0000000e   Code   RO         2949    .text.__NVIC_SetPriority  cmsis_os2.o
    0x080082c6   0x080082c6   0x00000002   PAD
    0x080082c8   0x080082c8   0x00000020   Code   RO         1219    .text.__NVIC_SetPriorityGrouping  stm32h7xx_hal_cortex.o
    0x080082e8   0x080082e8   0x0000005c   Code   RO         2065    .text.f_Changing_Integration_Rate  controller.o
    0x08008344   0x08008344   0x00000004   PAD
    0x08008348   0x08008348   0x0000002e   Code   RO         2069    .text.f_Derivative_Filter  controller.o
    0x08008376   0x08008376   0x00000002   PAD
    0x08008378   0x08008378   0x00000022   Code   RO         2067    .text.f_Derivative_On_Measurement  controller.o
    0x0800839a   0x0800839a   0x00000006   PAD
    0x080083a0   0x080083a0   0x00000074   Code   RO         2071    .text.f_Integral_Limit  controller.o
    0x08008414   0x08008414   0x00000004   PAD
    0x08008418   0x08008418   0x0000002e   Code   RO         2073    .text.f_Output_Filter  controller.o
    0x08008446   0x08008446   0x00000002   PAD
    0x08008448   0x08008448   0x0000002e   Code   RO         2075    .text.f_Output_Limit  controller.o
    0x08008476   0x08008476   0x00000002   PAD
    0x08008478   0x08008478   0x00000088   Code   RO         2061    .text.f_PID_ErrorHandle  controller.o
    0x08008500   0x08008500   0x0000003a   Code   RO         2063    .text.f_Trapezoid_Intergral  controller.o
    0x0800853a   0x0800853a   0x00000006   PAD
    0x08008540   0x08008540   0x000000be   Code   RO           11    .text.main          main.o
    0x080085fe   0x080085fe   0x00000002   PAD
    0x08008600   0x08008600   0x00000026   Code   RO         2223    .text.on_receive_CmdVel  usb.o
    0x08008626   0x08008626   0x00000002   PAD
    0x08008628   0x08008628   0x00000002   Code   RO         2250    .text.on_receive_GenericStatus  protocol.o
    0x0800862a   0x0800862a   0x00000006   PAD
    0x08008630   0x08008630   0x00000002   Code   RO         2262    .text.on_receive_GridAttackGoal  protocol.o
    0x08008632   0x08008632   0x00000006   PAD
    0x08008638   0x08008638   0x00000002   Code   RO         2260    .text.on_receive_GridPlaceGoal  protocol.o
    0x0800863a   0x0800863a   0x00000006   PAD
    0x08008640   0x08008640   0x00000002   Code   RO         2219    .text.on_receive_Handshake  usb.o
    0x08008642   0x08008642   0x00000006   PAD
    0x08008648   0x08008648   0x00000012   Code   RO         2221    .text.on_receive_Heartbeat  usb.o
    0x0800865a   0x0800865a   0x00000006   PAD
    0x08008660   0x08008660   0x00000002   Code   RO         2258    .text.on_receive_MerlinPickGoal  protocol.o
    0x08008662   0x08008662   0x00000006   PAD
    0x08008668   0x08008668   0x00000002   Code   RO         2254    .text.on_receive_StairPoseGoal  protocol.o
    0x0800866a   0x0800866a   0x00000006   PAD
    0x08008670   0x08008670   0x00000002   Code   RO         2256    .text.on_receive_StairType  protocol.o
    0x08008672   0x08008672   0x00000006   PAD
    0x08008678   0x08008678   0x00000002   Code   RO         2252    .text.on_receive_WeaponDockFeedback  protocol.o
    0x0800867a   0x0800867a   0x00000006   PAD
    0x08008680   0x08008680   0x0000001e   Code   RO         2853    .text.osDelay       cmsis_os2.o
    0x0800869e   0x0800869e   0x00000002   PAD
    0x080086a0   0x080086a0   0x0000002a   Code   RO         2787    .text.osKernelInitialize  cmsis_os2.o
    0x080086ca   0x080086ca   0x00000006   PAD
    0x080086d0   0x080086d0   0x00000034   Code   RO         2793    .text.osKernelStart  cmsis_os2.o
    0x08008704   0x08008704   0x00000004   PAD
    0x08008708   0x08008708   0x000000b6   Code   RO         2817    .text.osThreadNew   cmsis_os2.o
    0x080087be   0x080087be   0x00000002   PAD
    0x080087c0   0x080087c0   0x0000024a   Code   RO         2264    .text.protocol_fsm_feed  protocol.o
    0x08008a0a   0x08008a0a   0x00000006   PAD
    0x08008a10   0x08008a10   0x00000080   Code   RO         2579    .text.prvAddCurrentTaskToDelayedList  tasks.o
    0x08008a90   0x08008a90   0x000000ac   Code   RO         2565    .text.prvAddNewTaskToReadyList  tasks.o
    0x08008b3c   0x08008b3c   0x00000004   PAD
    0x08008b40   0x08008b40   0x0000007c   Code   RO         2716    .text.prvCheckForValidListAndQueue  timers.o
    0x08008bbc   0x08008bbc   0x00000004   PAD
    0x08008bc0   0x08008bc0   0x0000004e   Code   RO         2683    .text.prvCheckTasksWaitingTermination  tasks.o
    0x08008c0e   0x08008c0e   0x00000002   PAD
    0x08008c10   0x08008c10   0x00000026   Code   RO         2456    .text.prvCopyDataFromQueue  queue.o
    0x08008c36   0x08008c36   0x00000002   PAD
    0x08008c38   0x08008c38   0x0000007e   Code   RO         2444    .text.prvCopyDataToQueue  queue.o
    0x08008cb6   0x08008cb6   0x00000002   PAD
    0x08008cb8   0x08008cb8   0x00000036   Code   RO         2571    .text.prvDeleteTCB  tasks.o
    0x08008cee   0x08008cee   0x00000002   PAD
    0x08008cf0   0x08008cf0   0x00000022   Code   RO         2754    .text.prvGetNextExpireTime  timers.o
    0x08008d12   0x08008d12   0x00000006   PAD
    0x08008d18   0x08008d18   0x00000078   Code   RO         2967    .text.prvHeapInit   heap_4.o
    0x08008d90   0x08008d90   0x0000002a   Code   RO         2605    .text.prvIdleTask   tasks.o
    0x08008dba   0x08008dba   0x00000006   PAD
    0x08008dc0   0x08008dc0   0x00000020   Code   RO         2418    .text.prvInitialiseNewQueue  queue.o
    0x08008de0   0x08008de0   0x0000009a   Code   RO         2563    .text.prvInitialiseNewTask  tasks.o
    0x08008e7a   0x08008e7a   0x00000006   PAD
    0x08008e80   0x08008e80   0x00000070   Code   RO         2681    .text.prvInitialiseTaskLists  tasks.o
    0x08008ef0   0x08008ef0   0x00000054   Code   RO         2969    .text.prvInsertBlockIntoFreeList  heap_4.o
    0x08008f44   0x08008f44   0x00000004   PAD
    0x08008f48   0x08008f48   0x00000040   Code   RO         2766    .text.prvInsertTimerInActiveList  timers.o
    0x08008f88   0x08008f88   0x00000018   Code   RO         2458    .text.prvIsQueueEmpty  queue.o
    0x08008fa0   0x08008fa0   0x0000001c   Code   RO         2446    .text.prvIsQueueFull  queue.o
    0x08008fbc   0x08008fbc   0x00000004   PAD
    0x08008fc0   0x08008fc0   0x00000028   Code   RO         2332    .text.prvPortStartFirstTask  port.o
    0x08008fe8   0x08008fe8   0x00000072   Code   RO         2762    .text.prvProcessExpiredTimer  timers.o
    0x0800905a   0x0800905a   0x00000006   PAD
    0x08009060   0x08009060   0x0000012a   Code   RO         2758    .text.prvProcessReceivedCommands  timers.o
    0x0800918a   0x0800918a   0x00000006   PAD
    0x08009190   0x08009190   0x00000080   Code   RO         2756    .text.prvProcessTimerOrBlockTask  timers.o
    0x08009210   0x08009210   0x00000028   Code   RO         2573    .text.prvResetNextTaskUnblockTime  tasks.o
    0x08009238   0x08009238   0x0000002a   Code   RO         2760    .text.prvSampleTimeNow  timers.o
    0x08009262   0x08009262   0x00000006   PAD
    0x08009268   0x08009268   0x00000092   Code   RO         2764    .text.prvSwitchTimerLists  timers.o
    0x080092fa   0x080092fa   0x00000006   PAD
    0x08009300   0x08009300   0x00000036   Code   RO         2322    .text.prvTaskExitError  port.o
    0x08009336   0x08009336   0x00000002   PAD
    0x08009338   0x08009338   0x00000016   Code   RO         2718    .text.prvTimerTask  timers.o
    0x0800934e   0x0800934e   0x00000002   PAD
    0x08009350   0x08009350   0x00000078   Code   RO         2448    .text.prvUnlockQueue  queue.o
    0x080093c8   0x080093c8   0x00000156   Code   RO         2965    .text.pvPortMalloc  heap_4.o
    0x0800951e   0x0800951e   0x00000002   PAD
    0x08009520   0x08009520   0x0000002c   Code   RO         2320    .text.pxPortInitialiseStack  port.o
    0x0800954c   0x0800954c   0x00000004   PAD
    0x08009550   0x08009550   0x0000002a   Code   RO         2404    .text.uxListRemove  list.o
    0x0800957a   0x0800957a   0x00000006   PAD
    0x08009580   0x08009580   0x0000001a   Code   RO         2945    .text.vApplicationGetIdleTaskMemory  cmsis_os2.o
    0x0800959a   0x0800959a   0x00000006   PAD
    0x080095a0   0x080095a0   0x0000001c   Code   RO         2947    .text.vApplicationGetTimerTaskMemory  cmsis_os2.o
    0x080095bc   0x080095bc   0x00000004   PAD
    0x080095c0   0x080095c0   0x00000016   Code   RO         2396    .text.vListInitialise  list.o
    0x080095d6   0x080095d6   0x00000002   PAD
    0x080095d8   0x080095d8   0x00000006   Code   RO         2398    .text.vListInitialiseItem  list.o
    0x080095de   0x080095de   0x00000002   PAD
    0x080095e0   0x080095e0   0x0000003a   Code   RO         2402    .text.vListInsert   list.o
    0x0800961a   0x0800961a   0x00000006   PAD
    0x08009620   0x08009620   0x0000001c   Code   RO         2400    .text.vListInsertEnd  list.o
    0x0800963c   0x0800963c   0x00000004   PAD
    0x08009640   0x08009640   0x00000014   Code   RO         2330    .text.vPortEnableVFP  port.o
    0x08009654   0x08009654   0x00000004   PAD
    0x08009658   0x08009658   0x00000052   Code   RO         2336    .text.vPortEnterCritical  port.o
    0x080096aa   0x080096aa   0x00000006   PAD
    0x080096b0   0x080096b0   0x00000032   Code   RO         2338    .text.vPortExitCritical  port.o
    0x080096e2   0x080096e2   0x00000006   PAD
    0x080096e8   0x080096e8   0x00000092   Code   RO         2971    .text.vPortFree     heap_4.o
    0x0800977a   0x0800977a   0x00000006   PAD
    0x08009780   0x08009780   0x00000034   Code   RO         2328    .text.vPortSetupTimerInterrupt  port.o
    0x080097b4   0x080097b4   0x00000004   PAD
    0x080097b8   0x080097b8   0x0000006a   Code   RO         2344    .text.vPortValidateInterruptPriority  port.o
    0x08009822   0x08009822   0x00000006   PAD
    0x08009828   0x08009828   0x00000026   Code   RO         2488    .text.vQueueAddToRegistry  queue.o
    0x0800984e   0x0800984e   0x00000002   PAD
    0x08009850   0x08009850   0x00000044   Code   RO         2492    .text.vQueueWaitForMessageRestricted  queue.o
    0x08009894   0x08009894   0x00000004   PAD
    0x08009898   0x08009898   0x00000058   Code   RO         2583    .text.vTaskDelay    tasks.o
    0x080098f0   0x080098f0   0x0000001a   Code   RO         2637    .text.vTaskInternalSetTimeOutState  tasks.o
    0x0800990a   0x0800990a   0x00000006   PAD
    0x08009910   0x08009910   0x0000000e   Code   RO         2641    .text.vTaskMissedYield  tasks.o
    0x0800991e   0x0800991e   0x00000002   PAD
    0x08009920   0x08009920   0x00000036   Code   RO         2625    .text.vTaskPlaceOnEventList  tasks.o
    0x08009956   0x08009956   0x00000002   PAD
    0x08009958   0x08009958   0x00000042   Code   RO         2629    .text.vTaskPlaceOnEventListRestricted  tasks.o
    0x0800999a   0x0800999a   0x00000006   PAD
    0x080099a0   0x080099a0   0x000000ac   Code   RO         2603    .text.vTaskStartScheduler  tasks.o
    0x08009a4c   0x08009a4c   0x00000004   PAD
    0x08009a50   0x08009a50   0x00000010   Code   RO         2577    .text.vTaskSuspendAll  tasks.o
    0x08009a60   0x08009a60   0x0000009e   Code   RO         2595    .text.vTaskSwitchContext  tasks.o
    0x08009afe   0x08009afe   0x00000002   PAD
    0x08009b00   0x08009b00   0x000000d2   Code   RO         2326    .text.xPortStartScheduler  port.o
    0x08009bd2   0x08009bd2   0x00000006   PAD
    0x08009bd8   0x08009bd8   0x00000032   Code   RO         2342    .text.xPortSysTickHandler  port.o
    0x08009c0a   0x08009c0a   0x00000006   PAD
    0x08009c10   0x08009c10   0x000000aa   Code   RO         2416    .text.xQueueGenericCreateStatic  queue.o
    0x08009cba   0x08009cba   0x00000006   PAD
    0x08009cc0   0x08009cc0   0x00000086   Code   RO         2414    .text.xQueueGenericReset  queue.o
    0x08009d46   0x08009d46   0x00000002   PAD
    0x08009d48   0x08009d48   0x000001b6   Code   RO         2434    .text.xQueueGenericSend  queue.o
    0x08009efe   0x08009efe   0x00000002   PAD
    0x08009f00   0x08009f00   0x000000dc   Code   RO         2450    .text.xQueueGenericSendFromISR  queue.o
    0x08009fdc   0x08009fdc   0x00000004   PAD
    0x08009fe0   0x08009fe0   0x00000190   Code   RO         2454    .text.xQueueReceive  queue.o
    0x0800a170   0x0800a170   0x00000090   Code   RO         2639    .text.xTaskCheckForTimeOut  tasks.o
    0x0800a200   0x0800a200   0x00000066   Code   RO         2567    .text.xTaskCreate   tasks.o
    0x0800a266   0x0800a266   0x00000002   PAD
    0x0800a268   0x0800a268   0x00000086   Code   RO         2561    .text.xTaskCreateStatic  tasks.o
    0x0800a2ee   0x0800a2ee   0x00000002   PAD
    0x0800a2f0   0x0800a2f0   0x00000024   Code   RO         2655    .text.xTaskGetSchedulerState  tasks.o
    0x0800a314   0x0800a314   0x00000004   PAD
    0x0800a318   0x0800a318   0x0000000c   Code   RO         2611    .text.xTaskGetTickCount  tasks.o
    0x0800a324   0x0800a324   0x00000004   PAD
    0x0800a328   0x0800a328   0x00000156   Code   RO         2609    .text.xTaskIncrementTick  tasks.o
    0x0800a47e   0x0800a47e   0x00000002   PAD
    0x0800a480   0x0800a480   0x0000009a   Code   RO         2659    .text.xTaskPriorityDisinherit  tasks.o
    0x0800a51a   0x0800a51a   0x00000006   PAD
    0x0800a520   0x0800a520   0x00000092   Code   RO         2631    .text.xTaskRemoveFromEventList  tasks.o
    0x0800a5b2   0x0800a5b2   0x00000006   PAD
    0x0800a5b8   0x0800a5b8   0x00000118   Code   RO         2581    .text.xTaskResumeAll  tasks.o
    0x0800a6d0   0x0800a6d0   0x00000078   Code   RO         2714    .text.xTimerCreateTimerTask  timers.o
    0x0800a748   0x0800a748   0x0000006a   Code   RO         2726    .text.xTimerGenericCommand  timers.o
    0x0800a7b2   0x0800a7b2   0x000000b0   Code   RO         3374    i.__hardfp_fmodf    m_wv.l(fmodf.o)
    0x0800a862   0x0800a862   0x00000002   PAD
    0x0800a864   0x0800a864   0x00000010   Code   RO         3465    i.__mathlib_flt_invalid  m_wv.l(funder.o)
    0x0800a874   0x0800a874   0x0000008c   Code   RO         3522    x$fpl$fnaninf       fz_wv.l(fnaninf.o)
    0x0800a900   0x0800a900   0x0000001a   Code   RO         3524    x$fpl$fpinit        fz_wv.l(fpinit.o)
    0x0800a91a   0x0800a91a   0x00000002   PAD
    0x0800a91c   0x0800a91c   0x000000f4   Code   RO         3459    x$fpl$frem          fz_wv.l(frem_clz.o)
    0x0800aa10   0x0800aa10   0x00000000   Code   RO         3461    x$fpl$usenofp       fz_wv.l(usenofp.o)
    0x0800aa10   0x0800aa10   0x000000bc   Data   RO         2311    .rodata..L__const.ChassisInit.chassis_motor_config  test.o
    0x0800aacc   0x0800aacc   0x0000004c   Data   RO         1818    .rodata..L__const.HAL_FDCAN_Init.CvtEltSize  stm32h7xx_hal_fdcan.o
    0x0800ab18   0x0800ab18   0x00000100   Data   RO         2286    .rodata.CRC8_TABLE  protocol.o
    0x0800ac18   0x0800ac18   0x00000024   Data   RO           48    .rodata.Chassis_Task_attributes  freertos.o
    0x0800ac3c   0x0800ac3c   0x00000010   Data   RO         1958    .rodata.D1CorePrescTable  system_stm32h7xx.o
    0x0800ac4c   0x0800ac4c   0x00000024   Data   RO           49    .rodata.DJIMotor_Task_attributes  freertos.o
    0x0800ac70   0x0800ac70   0x00000030   Data   RO         2157    .rodata.InitSenderInstances.sender_map  dji_motor.o
    0x0800aca0   0x0800aca0   0x00000010   Data   RO         1819    .rodata.cst16       stm32h7xx_hal_fdcan.o
    0x0800acb0   0x0800acb0   0x00000024   Data   RO           47    .rodata.str1.1      freertos.o
    0x0800acd4   0x0800acd4   0x00000024   Data   RO           50    .rodata.usb_Task_attributes  freertos.o
    0x0800acf8   0x0800acf8   0x00000020   Data   RO         3618    Region$$Table       anon$$obj.o


    Execution Region RW_IRAM1 (Exec base: 0x20000000, Load base: 0x0800ad18, Size: 0x00000000, Max: 0x00020000, ABSOLUTE)

    **** No section assigned to this execution region ****


    Execution Region RW_IRAM2 (Exec base: 0x24000000, Load base: 0x0800ad18, Size: 0x00014858, Max: 0x00080000, ABSOLUTE)

    Exec Addr    Load Addr    Size         Type   Attr      Idx    E Section Name        Object

    0x24000000   0x0800ad18   0x00000020   Data   RW         3024    .data.FS_Desc       usbd_desc.o
    0x24000020   0x0800ad38   0x00000004   Data   RW         1956    .data.SystemCoreClock  system_stm32h7xx.o
    0x24000024   0x0800ad3c   0x00000004   Data   RW         1957    .data.SystemD2Clock  system_stm32h7xx.o
    0x24000028   0x0800ad40   0x00000038   Data   RW         3280    .data.USBD_CDC      usbd_cdc.o
    0x24000060   0x0800ad78   0x00000043   Data   RW         3282    .data.USBD_CDC_CfgDesc  usbd_cdc.o
    0x240000a3   0x0800adbb   0x00000001   PAD
    0x240000a4   0x0800adbc   0x0000000a   Data   RW         3281    .data.USBD_CDC_DeviceQualifierDesc  usbd_cdc.o
    0x240000ae   0x0800adc6   0x00000002   PAD
    0x240000b0   0x0800adc8   0x00000012   Data   RW         3025    .data.USBD_FS_DeviceDesc  usbd_desc.o
    0x240000c2   0x0800adda   0x00000002   PAD
    0x240000c4   0x0800addc   0x00000014   Data   RW         3050    .data.USBD_Interface_fops_FS  usbd_cdc_if.o
    0x240000d8   0x0800adf0   0x00000004   Data   RW         3027    .data.USBD_LangIDDesc  usbd_desc.o
    0x240000dc   0x0800adf4   0x0000001a   Data   RW         3028    .data.USBD_StringSerial  usbd_desc.o
    0x240000f6   0x0800ae0e   0x00000002   PAD
    0x240000f8   0x0800ae10   0x00000010   Data   RW         2046    .data.fdcan_bus_contexts  bsp_fdcan.o
    0x24000108   0x0800ae20   0x00000001   Data   RW         1392    .data.uwTickFreq    stm32h7xx_hal.o
    0x24000109   0x0800ae21   0x00000003   PAD
    0x2400010c   0x0800ae24   0x00000004   Data   RW         1391    .data.uwTickPrio    stm32h7xx_hal.o
    0x24000110   0x0800ae28   0x00000004   Data   RW         2348    .data.uxCriticalNesting  port.o
    0x24000114   0x0800ae2c   0x00000004   PAD
    0x24000118        -       0x00000060   Zero   RW         3481    .bss                c_w.l(libspace.o)
    0x24000178        -       0x00000004   Zero   RW         1985    .bss.CPU_FREQ_Hz    bsp_dwt.o
    0x2400017c        -       0x00000004   Zero   RW         1986    .bss.CPU_FREQ_Hz_ms  bsp_dwt.o
    0x24000180        -       0x00000004   Zero   RW         1987    .bss.CPU_FREQ_Hz_us  bsp_dwt.o
    0x24000184        -       0x00000004   Zero   RW         1990    .bss.CYCCNT_LAST    bsp_dwt.o
    0x24000188        -       0x00000004   Zero   RW         1988    .bss.CYCCNT_RountCount  bsp_dwt.o
    0x2400018c        -       0x00000004   Zero   RW           51    .bss.Chassis_TaskHandle  freertos.o
    0x24000190        -       0x00000004   Zero   RW           52    .bss.DJIMotor_TaskHandle  freertos.o
    0x24000194        -       0x00000001   Zero   RW         1989    .bss.DWT_CNT_Update.bit_locker  bsp_dwt.o
    0x24000195   0x0800ae2c   0x00000003   PAD
    0x24000198        -       0x00000004   Zero   RW           71    .bss.HAL_RCC_FDCAN_CLK_ENABLED  fdcan.o
    0x2400019c        -       0x00000004   Zero   RW         2951    .bss.KernelState    cmsis_os2.o
    0x240001a0        -       0x00000004   Zero   RW         1991    .bss.SysTime.0      bsp_dwt.o
    0x240001a4        -       0x00000002   Zero   RW         1992    .bss.SysTime.1      bsp_dwt.o
    0x240001a6   0x0800ae2c   0x00000002   PAD
    0x240001a8        -       0x00000002   Zero   RW         1993    .bss.SysTime.2      bsp_dwt.o
    0x240001aa        -       0x00000001   Zero   RW         3219    .bss.USBD_SetConfig.cfgidx  usbd_ctlreq.o
    0x240001ab   0x0800ae2c   0x00000001   PAD
    0x240001ac        -       0x00000200   Zero   RW         3029    .bss.USBD_StrDesc   usbd_desc.o
    0x240003ac        -       0x00000220   Zero   RW         3124    .bss.USBD_static_malloc.mem  usbd_conf.o
    0x240005cc        -       0x00000800   Zero   RW         3051    .bss.UserRxBufferFS  usbd_cdc_if.o
    0x24000dcc        -       0x00000800   Zero   RW         3052    .bss.UserTxBufferFS  usbd_cdc_if.o
    0x240015cc        -       0x00000080   Zero   RW         2093    .bss.daemon_instances  daemon.o
    0x2400164c        -       0x00000030   Zero   RW         2154    .bss.dji_motor_instances  dji_motor.o
    0x2400167c        -       0x00002000   Zero   RW         2047    .bss.fdcan1_std_registry  bsp_fdcan.o
    0x2400367c        -       0x00002000   Zero   RW         2048    .bss.fdcan2_std_registry  bsp_fdcan.o
    0x2400567c        -       0x00000040   Zero   RW         2045    .bss.fdcan_instances  bsp_fdcan.o
    0x240056bc        -       0x00000070   Zero   RW         2151    .bss.g_dji_motor_debug  dji_motor.o
    0x2400572c        -       0x0000005c   Zero   RW         2042    .bss.g_fdcan1_debug  bsp_fdcan.o
    0x24005788        -       0x0000005c   Zero   RW         2043    .bss.g_fdcan2_debug  bsp_fdcan.o
    0x240057e4        -       0x000002dc   Zero   RW         2999    .bss.hUsbDeviceFS   usb_device.o
    0x24005ac0        -       0x000000a0   Zero   RW           69    .bss.hfdcan1        fdcan.o
    0x24005b60        -       0x000000a0   Zero   RW           70    .bss.hfdcan2        fdcan.o
    0x24005c00        -       0x000004e4   Zero   RW         3123    .bss.hpcd_USB_OTG_FS  usbd_conf.o
    0x240060e4        -       0x00000088   Zero   RW           86    .bss.hspi1          spi.o
    0x2400616c        -       0x0000004c   Zero   RW          141    .bss.htim7          stm32h7xx_hal_timebase_tim.o
    0x240061b8        -       0x00000001   Zero   RW         2044    .bss.idx            bsp_fdcan.o
    0x240061b9        -       0x00000001   Zero   RW         2094    .bss.idx            daemon.o
    0x240061ba        -       0x00000001   Zero   RW         2153    .bss.idx            dji_motor.o
    0x240061bb   0x0800ae2c   0x00000001   PAD
    0x240061bc        -       0x00000004   Zero   RW         2312    .bss.motor_rf       test.o
    0x240061c0        -       0x000000a0   Zero   RW         2776    .bss.prvCheckForValidListAndQueue.ucStaticTimerQueueStorage  timers.o
    0x24006260        -       0x00000050   Zero   RW         2775    .bss.prvCheckForValidListAndQueue.xStaticTimerQueue  timers.o
    0x240062b0        -       0x00000004   Zero   RW         2772    .bss.prvSampleTimeNow.xLastTime  timers.o
    0x240062b4        -       0x00000004   Zero   RW         2685    .bss.pxCurrentTCB   tasks.o
    0x240062b8        -       0x00000004   Zero   RW         2770    .bss.pxCurrentTimerList  timers.o
    0x240062bc        -       0x00000004   Zero   RW         2693    .bss.pxDelayedTaskList  tasks.o
    0x240062c0        -       0x00000004   Zero   RW         2981    .bss.pxEnd          heap_4.o
    0x240062c4        -       0x00000004   Zero   RW         2694    .bss.pxOverflowDelayedTaskList  tasks.o
    0x240062c8        -       0x00000004   Zero   RW         2771    .bss.pxOverflowTimerList  timers.o
    0x240062cc        -       0x00000460   Zero   RW         2696    .bss.pxReadyTasksLists  tasks.o
    0x2400672c        -       0x00000004   Zero   RW         2230    .bss.rb_head        usb.o
    0x24006730        -       0x00000004   Zero   RW         2231    .bss.rb_tail        usb.o
    0x24006734        -       0x00000800   Zero   RW         2229    .bss.ring_buffer    usb.o
    0x24006f34        -       0x00000100   Zero   RW         2292    .bss.rx_buffer      protocol.o
    0x24007034        -       0x00000004   Zero   RW         2232    .bss.rx_callback    usb.o
    0x24007038        -       0x00000002   Zero   RW         2291    .bss.rx_cnt         protocol.o
    0x2400703a        -       0x00000001   Zero   RW         2288    .bss.rx_crc         protocol.o
    0x2400703b        -       0x00000001   Zero   RW         2290    .bss.rx_data_len    protocol.o
    0x2400703c        -       0x00000001   Zero   RW         2289    .bss.rx_id          protocol.o
    0x2400703d        -       0x00000001   Zero   RW         2287    .bss.rx_state       protocol.o
    0x2400703e   0x0800ae2c   0x00000002   PAD
    0x24007040        -       0x00000018   Zero   RW         2155    .bss.sender_assignment  dji_motor.o
    0x24007058        -       0x00000006   Zero   RW         2156    .bss.sender_enable_flag  dji_motor.o
    0x2400705e        -       0x00000001   Zero   RW         2152    .bss.sender_initialized  dji_motor.o
    0x2400705f        -       0x00008000   Zero   RW         2988    .bss.ucHeap         heap_4.o
    0x2400f05f        -       0x00000001   Zero   RW         2346    .bss.ucMaxSysCallPriority  port.o
    0x2400f060        -       0x00000004   Zero   RW         2347    .bss.ulMaxPRIGROUPValue  port.o
    0x2400f064        -       0x00000004   Zero   RW           53    .bss.usb_TaskHandle  freertos.o
    0x2400f068        -       0x0000000c   Zero   RW         2233    .bss.usb_chassis_cmd  usb.o
    0x2400f074        -       0x00000001   Zero   RW         2226    .bss.usb_initialized  usb.o
    0x2400f075   0x0800ae2c   0x00000003   PAD
    0x2400f078        -       0x00000004   Zero   RW         2225    .bss.usb_last_recv_time  usb.o
    0x2400f07c        -       0x00000004   Zero   RW         1393    .bss.uwTick         stm32h7xx_hal.o
    0x2400f080        -       0x00000004   Zero   RW         2689    .bss.uxCurrentNumberOfTasks  tasks.o
    0x2400f084        -       0x00000004   Zero   RW         2688    .bss.uxDeletedTasksWaitingCleanUp  tasks.o
    0x2400f088        -       0x00000004   Zero   RW         2691    .bss.uxSchedulerSuspended  tasks.o
    0x2400f08c        -       0x00000004   Zero   RW         2686    .bss.uxTaskNumber   tasks.o
    0x2400f090        -       0x00000004   Zero   RW         2697    .bss.uxTopReadyPriority  tasks.o
    0x2400f094        -       0x00000200   Zero   RW         2954    .bss.vApplicationGetIdleTaskMemory.Idle_Stack  cmsis_os2.o
    0x2400f294        -       0x0000005c   Zero   RW         2953    .bss.vApplicationGetIdleTaskMemory.Idle_TCB  cmsis_os2.o
    0x2400f2f0        -       0x00000400   Zero   RW         2956    .bss.vApplicationGetTimerTaskMemory.Timer_Stack  cmsis_os2.o
    0x2400f6f0        -       0x0000005c   Zero   RW         2955    .bss.vApplicationGetTimerTaskMemory.Timer_TCB  cmsis_os2.o
    0x2400f74c        -       0x00000014   Zero   RW         2773    .bss.xActiveTimerList1  timers.o
    0x2400f760        -       0x00000014   Zero   RW         2774    .bss.xActiveTimerList2  timers.o
    0x2400f774        -       0x00000001   Zero   RW         2982    .bss.xBlockAllocatedBit  heap_4.o
    0x2400f775   0x0800ae2c   0x00000003   PAD
    0x2400f778        -       0x00000014   Zero   RW         2704    .bss.xDelayedTaskList1  tasks.o
    0x2400f78c        -       0x00000014   Zero   RW         2705    .bss.xDelayedTaskList2  tasks.o
    0x2400f7a0        -       0x00000004   Zero   RW         2983    .bss.xFreeBytesRemaining  heap_4.o
    0x2400f7a4        -       0x00000004   Zero   RW         2699    .bss.xIdleTaskHandle  tasks.o
    0x2400f7a8        -       0x00000004   Zero   RW         2985    .bss.xMinimumEverFreeBytesRemaining  heap_4.o
    0x2400f7ac        -       0x00000004   Zero   RW         2700    .bss.xNextTaskUnblockTime  tasks.o
    0x2400f7b0        -       0x00000004   Zero   RW         2703    .bss.xNumOfOverflows  tasks.o
    0x2400f7b4        -       0x00000004   Zero   RW         2986    .bss.xNumberOfSuccessfulAllocations  heap_4.o
    0x2400f7b8        -       0x00000004   Zero   RW         2987    .bss.xNumberOfSuccessfulFrees  heap_4.o
    0x2400f7bc        -       0x00000004   Zero   RW         2702    .bss.xPendedTicks   tasks.o
    0x2400f7c0        -       0x00000014   Zero   RW         2698    .bss.xPendingReadyList  tasks.o
    0x2400f7d4        -       0x00000040   Zero   RW         2494    .bss.xQueueRegistry  queue.o
    0x2400f814        -       0x00000004   Zero   RW         2690    .bss.xSchedulerRunning  tasks.o
    0x2400f818        -       0x00000008   Zero   RW         2984    .bss.xStart         heap_4.o
    0x2400f820        -       0x00000014   Zero   RW         2695    .bss.xSuspendedTaskList  tasks.o
    0x2400f834        -       0x00000014   Zero   RW         2687    .bss.xTasksWaitingTermination  tasks.o
    0x2400f848        -       0x00000004   Zero   RW         2692    .bss.xTickCount     tasks.o
    0x2400f84c        -       0x00000004   Zero   RW         2768    .bss.xTimerQueue    timers.o
    0x2400f850        -       0x00000004   Zero   RW         2769    .bss.xTimerTaskHandle  timers.o
    0x2400f854        -       0x00000004   Zero   RW         2701    .bss.xYieldPending  tasks.o
    0x2400f858        -       0x00004000   Zero   RW            2    HEAP                startup_stm32h743xx.o
    0x24013858        -       0x00001000   Zero   RW            1    STACK               startup_stm32h743xx.o



  Load Region LR$$.ARM.__at_0x30040000 (Base: 0x30040000, Size: 0x00000800, Max: 0x00000800, ABSOLUTE)

    Execution Region ER$$.ARM.__at_0x30040000 (Exec base: 0x30040000, Load base: 0x30040000, Size: 0x00000800, Max: 0x00000800, ABSOLUTE, UNINIT)

    Exec Addr    Load Addr    Size         Type   Attr      Idx    E Section Name        Object

    0x30040000   0x30040000   0x00000800   Data   RW         2227    .ARM.__at_0x30040000  usb.o



  Load Region LR$$.ARM.__at_0x30040800 (Base: 0x30040800, Size: 0x00000800, Max: 0x00000800, ABSOLUTE)

    Execution Region ER$$.ARM.__at_0x30040800 (Exec base: 0x30040800, Load base: 0x30040800, Size: 0x00000800, Max: 0x00000800, ABSOLUTE, UNINIT)

    Exec Addr    Load Addr    Size         Type   Attr      Idx    E Section Name        Object

    0x30040800   0x30040800   0x00000800   Data   RW         2228    .ARM.__at_0x30040800  usb.o


==============================================================================

Image component sizes


      Code (inc. data)   RO Data    RW Data    ZI Data      Debug   Object Name

       522          4          0          0         29       4034   bsp_dwt.o
      1542         32          0         16      16633      14225   bsp_fdcan.o
       410          0          0          0       1724      45480   cmsis_os2.o
       914         12          0          0          0       3919   controller.o
        78          0          0          0        129       1846   daemon.o
      3138         56         48          0        192      20249   dji_motor.o
       570          0          0          0        324      11696   fdcan.o
       140          0        144          0         12       3119   freertos.o
       208          0          0          0          0       3110   gpio.o
       692          0          0          0      32797       5024   heap_4.o
       156          0          0          0          0       2427   list.o
       468          0          0          0          0       9077   main.o
       844         16          0          4          5       4022   port.o
       600         32        256          0        262       9154   protocol.o
      1836          0          0          0         64      23090   queue.o
       230          0          0          0        136       8252   spi.o
        72         30        664          0      20480        820   startup_stm32h743xx.o
       212          0          0          5          4      15235   stm32h7xx_hal.o
       358          0          0          0          0      13232   stm32h7xx_hal_cortex.o
      2932          0         92          0          0      41449   stm32h7xx_hal_fdcan.o
       426          0          0          0          0       7206   stm32h7xx_hal_gpio.o
        46          0          0          0          0       5363   stm32h7xx_hal_msp.o
      2994          0          0          0          0      16087   stm32h7xx_hal_pcd.o
       128          0          0          0          0       6101   stm32h7xx_hal_pcd_ex.o
        90          0          0          0          0      10866   stm32h7xx_hal_pwr_ex.o
      2732         16          0          0          0      11683   stm32h7xx_hal_rcc.o
      3148         90          0          0          0      17884   stm32h7xx_hal_rcc_ex.o
       410          0          0          0          0      21669   stm32h7xx_hal_spi.o
       950          0          0          0          0      51791   stm32h7xx_hal_tim.o
         6          0          0          0          0      22552   stm32h7xx_hal_tim_ex.o
       164          0          0          0         76       9910   stm32h7xx_hal_timebase_tim.o
       108          0          0          0          0       2858   stm32h7xx_it.o
      2686          0          0          0          0      25302   stm32h7xx_ll_usb.o
       264          0         16          8          0       6343   system_stm32h7xx.o
      2724          8          0          0       1280      30417   tasks.o
        62          0        188          0          4       9681   test.o
      1198         26          0          0        300      15158   timers.o
       398          0          0       4096       2077       6298   usb.o
       106          0          0          0        732       3158   usb_device.o
      1210         12          0        133          0      12432   usbd_cdc.o
       122          0          0         20       4096       3057   usbd_cdc_if.o
       742          0          0          0       1796      21388   usbd_conf.o
       928          0          0          0          0      10352   usbd_core.o
      1500         32          0          0          1      10559   usbd_ctlreq.o
       322         72          0         80        512       3611   usbd_desc.o
       132          0          0          0          0       4848   usbd_ioreq.o

    ----------------------------------------------------------------------
     40746        482       1440       4372      83684     586034   Object Totals
         0          0         32          0          0          0   (incl. Generated)
      1228         44          0         10         19          0   (incl. Padding)

    ----------------------------------------------------------------------

      Code (inc. data)   RO Data    RW Data    ZI Data      Debug   Library Member Name

         8          0          0          0          0         68   __main.o
         0          0          0          0          0          0   __rtentry.o
        12          0          0          0          0          0   __rtentry2.o
         6          0          0          0          0          0   __rtentry4.o
        52          8          0          0          0          0   __scatter.o
        26          0          0          0          0          0   __scatter_copy.o
        28          0          0          0          0          0   __scatter_zi.o
        22          0          0          0          0        100   _rserrno.o
        16          0          0          0          0         68   aeabi_memset4.o
        10          0          0          0          0         68   defsig_exit.o
        50          0          0          0          0         88   defsig_general.o
        80         58          0          0          0         76   defsig_rtmem_inner.o
        14          0          0          0          0         80   defsig_rtmem_outer.o
        18          0          0          0          0         80   exit.o
        94          0          0          0          0         80   h1_alloc.o
        52          0          0          0          0         68   h1_extend.o
        78          0          0          0          0         80   h1_free.o
        14          0          0          0          0         84   h1_init.o
         6          0          0          0          0        152   heapauxi.o
         4          0          0          0          0        136   hguard.o
         0          0          0          0          0          0   indicate_semi.o
       138          0          0          0          0        168   init_alloc.o
         2          0          0          0          0          0   libinit.o
        14          0          0          0          0          0   libinit2.o
         2          0          0          0          0          0   libshutdown.o
         2          0          0          0          0          0   libshutdown2.o
         8          4          0          0         96         68   libspace.o
       240          0          0          0          0        100   lludivv7m.o
         0          0          0          0          0          0   maybetermalloc1.o
         8          4          0          0          0         68   rt_errno_addr_intlibspace.o
         8          4          0          0          0         68   rt_heap_descriptor_intlibspace.o
        68          0          0          0          0         68   rt_memclr.o
        78          0          0          0          0         80   rt_memclr_w.o
       138          0          0          0          0         68   rt_memcpy_v6.o
       100          0          0          0          0         80   rt_memcpy_w.o
         2          0          0          0          0          0   rtexit.o
        10          0          0          0          0          0   rtexit2.o
        12          4          0          0          0         68   sys_exit.o
        74          0          0          0          0         80   sys_stackheap_outer.o
        14          0          0          0          0         76   sys_wrch.o
         2          0          0          0          0         68   use_no_semi.o
       140          4          0          0          0        132   fnaninf.o
        26          0          0          0          0        116   fpinit.o
       244          8          0          0          0        132   frem_clz.o
         0          0          0          0          0          0   usenofp.o
       176          0          0          0          0        168   fmodf.o
        16          6          0          0          0        116   funder.o

    ----------------------------------------------------------------------
      2126        100          0          0         96       2952   Library Totals
        14          0          0          0          0          0   (incl. Padding)

    ----------------------------------------------------------------------

      Code (inc. data)   RO Data    RW Data    ZI Data      Debug   Library Name

      1510         82          0          0         96       2288   c_w.l
       410         12          0          0          0        380   fz_wv.l
       192          6          0          0          0        284   m_wv.l

    ----------------------------------------------------------------------
      2126        100          0          0         96       2952   Library Totals

    ----------------------------------------------------------------------

==============================================================================


      Code (inc. data)   RO Data    RW Data    ZI Data      Debug   

     42872        582       1440       4372      83780     586558   Grand Totals
     42872        582       1440       4372      83780     586558   ELF Image Totals
     42872        582       1440       4372          0          0   ROM Totals

==============================================================================

    Total RO  Size (Code + RO Data)                44312 (  43.27kB)
    Total RW  Size (RW Data + ZI Data)             88152 (  86.09kB)
    Total ROM Size (Code + RO Data + RW Data)      48684 (  47.54kB)

==============================================================================

